<?xml version="1.0"?>
<link_info>
   <banner>TMS320C2000 Linker PC v15.12.1.LTS</banner>
   <copyright>Copyright (c) 1996-2015 Texas Instruments Incorporated</copyright>
   <link_time>0x5b319baa</link_time>
   <link_errors>0x0</link_errors>
   <output_file>Example32_DSP2833x_LCD12864.out</output_file>
   <entry_point>
      <name>_c_int00</name>
      <address>0x98a7</address>
   </entry_point>
   <input_file_list>
      <input_file id="fl-2">
         <path>.\APP\beep\</path>
         <kind>object</kind>
         <file>beep.obj</file>
         <name>beep.obj</name>
      </input_file>
      <input_file id="fl-3">
         <path>.\APP\exti\</path>
         <kind>object</kind>
         <file>exti.obj</file>
         <name>exti.obj</name>
      </input_file>
      <input_file id="fl-4">
         <path>.\APP\iic\</path>
         <kind>object</kind>
         <file>iic.obj</file>
         <name>iic.obj</name>
      </input_file>
      <input_file id="fl-5">
         <path>.\APP\key\</path>
         <kind>object</kind>
         <file>key.obj</file>
         <name>key.obj</name>
      </input_file>
      <input_file id="fl-6">
         <path>.\APP\lcd12864\</path>
         <kind>object</kind>
         <file>lcd12864.obj</file>
         <name>lcd12864.obj</name>
      </input_file>
      <input_file id="fl-7">
         <path>.\APP\lcd1602\</path>
         <kind>object</kind>
         <file>lcd1602.obj</file>
         <name>lcd1602.obj</name>
      </input_file>
      <input_file id="fl-8">
         <path>.\APP\leds\</path>
         <kind>object</kind>
         <file>leds.obj</file>
         <name>leds.obj</name>
      </input_file>
      <input_file id="fl-9">
         <path>.\APP\relay\</path>
         <kind>object</kind>
         <file>relay.obj</file>
         <name>relay.obj</name>
      </input_file>
      <input_file id="fl-a">
         <path>.\APP\smg\</path>
         <kind>object</kind>
         <file>smg.obj</file>
         <name>smg.obj</name>
      </input_file>
      <input_file id="fl-b">
         <path>.\APP\step_motor\</path>
         <kind>object</kind>
         <file>step_motor.obj</file>
         <name>step_motor.obj</name>
      </input_file>
      <input_file id="fl-c">
         <path>.\APP\time\</path>
         <kind>object</kind>
         <file>time.obj</file>
         <name>time.obj</name>
      </input_file>
      <input_file id="fl-d">
         <path>.\APP\uart\</path>
         <kind>object</kind>
         <file>uart.obj</file>
         <name>uart.obj</name>
      </input_file>
      <input_file id="fl-e">
         <path>.\DSP2833x_Libraries\</path>
         <kind>object</kind>
         <file>DSP2833x_ADC_cal.obj</file>
         <name>DSP2833x_ADC_cal.obj</name>
      </input_file>
      <input_file id="fl-f">
         <path>.\DSP2833x_Libraries\</path>
         <kind>object</kind>
         <file>DSP2833x_Adc.obj</file>
         <name>DSP2833x_Adc.obj</name>
      </input_file>
      <input_file id="fl-10">
         <path>.\DSP2833x_Libraries\</path>
         <kind>object</kind>
         <file>DSP2833x_CodeStartBranch.obj</file>
         <name>DSP2833x_CodeStartBranch.obj</name>
      </input_file>
      <input_file id="fl-11">
         <path>.\DSP2833x_Libraries\</path>
         <kind>object</kind>
         <file>DSP2833x_CpuTimers.obj</file>
         <name>DSP2833x_CpuTimers.obj</name>
      </input_file>
      <input_file id="fl-12">
         <path>.\DSP2833x_Libraries\</path>
         <kind>object</kind>
         <file>DSP2833x_DefaultIsr.obj</file>
         <name>DSP2833x_DefaultIsr.obj</name>
      </input_file>
      <input_file id="fl-13">
         <path>.\DSP2833x_Libraries\</path>
         <kind>object</kind>
         <file>DSP2833x_EPwm.obj</file>
         <name>DSP2833x_EPwm.obj</name>
      </input_file>
      <input_file id="fl-14">
         <path>.\DSP2833x_Libraries\</path>
         <kind>object</kind>
         <file>DSP2833x_GlobalVariableDefs.obj</file>
         <name>DSP2833x_GlobalVariableDefs.obj</name>
      </input_file>
      <input_file id="fl-15">
         <path>.\DSP2833x_Libraries\</path>
         <kind>object</kind>
         <file>DSP2833x_Gpio.obj</file>
         <name>DSP2833x_Gpio.obj</name>
      </input_file>
      <input_file id="fl-16">
         <path>.\DSP2833x_Libraries\</path>
         <kind>object</kind>
         <file>DSP2833x_MemCopy.obj</file>
         <name>DSP2833x_MemCopy.obj</name>
      </input_file>
      <input_file id="fl-17">
         <path>.\DSP2833x_Libraries\</path>
         <kind>object</kind>
         <file>DSP2833x_PieCtrl.obj</file>
         <name>DSP2833x_PieCtrl.obj</name>
      </input_file>
      <input_file id="fl-18">
         <path>.\DSP2833x_Libraries\</path>
         <kind>object</kind>
         <file>DSP2833x_PieVect.obj</file>
         <name>DSP2833x_PieVect.obj</name>
      </input_file>
      <input_file id="fl-19">
         <path>.\DSP2833x_Libraries\</path>
         <kind>object</kind>
         <file>DSP2833x_Sci.obj</file>
         <name>DSP2833x_Sci.obj</name>
      </input_file>
      <input_file id="fl-1a">
         <path>.\DSP2833x_Libraries\</path>
         <kind>object</kind>
         <file>DSP2833x_Spi.obj</file>
         <name>DSP2833x_Spi.obj</name>
      </input_file>
      <input_file id="fl-1b">
         <path>.\DSP2833x_Libraries\</path>
         <kind>object</kind>
         <file>DSP2833x_SysCtrl.obj</file>
         <name>DSP2833x_SysCtrl.obj</name>
      </input_file>
      <input_file id="fl-1c">
         <path>.\DSP2833x_Libraries\</path>
         <kind>object</kind>
         <file>DSP2833x_usDelay.obj</file>
         <name>DSP2833x_usDelay.obj</name>
      </input_file>
      <input_file id="fl-1d">
         <path>.\User\</path>
         <kind>object</kind>
         <file>main.obj</file>
         <name>main.obj</name>
      </input_file>
      <input_file id="fl-29">
         <path>C:\ti\ccsv6\tools\compiler\ti-cgt-c2000_15.12.1.LTS\lib\</path>
         <kind>archive</kind>
         <file>rts2800_fpu32.lib</file>
         <name>boot.obj</name>
      </input_file>
      <input_file id="fl-2a">
         <path>C:\ti\ccsv6\tools\compiler\ti-cgt-c2000_15.12.1.LTS\lib\</path>
         <kind>archive</kind>
         <file>rts2800_fpu32.lib</file>
         <name>cpy_tbl.obj</name>
      </input_file>
      <input_file id="fl-2b">
         <path>C:\ti\ccsv6\tools\compiler\ti-cgt-c2000_15.12.1.LTS\lib\</path>
         <kind>archive</kind>
         <file>rts2800_fpu32.lib</file>
         <name>cpy_utils.obj</name>
      </input_file>
      <input_file id="fl-2c">
         <path>C:\ti\ccsv6\tools\compiler\ti-cgt-c2000_15.12.1.LTS\lib\</path>
         <kind>archive</kind>
         <file>rts2800_fpu32.lib</file>
         <name>exit.obj</name>
      </input_file>
      <input_file id="fl-2d">
         <path>C:\ti\ccsv6\tools\compiler\ti-cgt-c2000_15.12.1.LTS\lib\</path>
         <kind>archive</kind>
         <file>rts2800_fpu32.lib</file>
         <name>pre_init.obj</name>
      </input_file>
      <input_file id="fl-2e">
         <path>C:\ti\ccsv6\tools\compiler\ti-cgt-c2000_15.12.1.LTS\lib\</path>
         <kind>archive</kind>
         <file>rts2800_fpu32.lib</file>
         <name>startup.obj</name>
      </input_file>
      <input_file id="fl-2f">
         <path>C:\ti\ccsv6\tools\compiler\ti-cgt-c2000_15.12.1.LTS\lib\</path>
         <kind>archive</kind>
         <file>rts2800_fpu32.lib</file>
         <name>u_div.obj</name>
      </input_file>
      <input_file id="fl-30">
         <path>C:\ti\ccsv6\tools\compiler\ti-cgt-c2000_15.12.1.LTS\lib\</path>
         <kind>archive</kind>
         <file>rts2800_fpu32.lib</file>
         <name>_lock.obj</name>
      </input_file>
      <input_file id="fl-31">
         <path>C:\ti\ccsv6\tools\compiler\ti-cgt-c2000_15.12.1.LTS\lib\</path>
         <kind>archive</kind>
         <file>rts2800_fpu32.lib</file>
         <name>args_main.obj</name>
      </input_file>
   </input_file_list>
   <object_component_list>
      <object_component id="oc-9b">
         <name>codestart</name>
         <load_address>0x0</load_address>
         <run_address>0x0</run_address>
         <size>0x2</size>
         <input_file_ref idref="fl-10"/>
      </object_component>
      <object_component id="oc-107">
         <name>ramfuncs</name>
         <load_address>0x8046</load_address>
         <run_address>0x8046</run_address>
         <size>0x4</size>
         <input_file_ref idref="fl-1c"/>
      </object_component>
      <object_component id="oc-a7">
         <name>.text:retain</name>
         <load_address>0x9000</load_address>
         <run_address>0x9000</run_address>
         <size>0x323</size>
         <input_file_ref idref="fl-12"/>
      </object_component>
      <object_component id="oc-151">
         <name>.text</name>
         <load_address>0x9323</load_address>
         <run_address>0x9323</run_address>
         <size>0x1d4</size>
         <input_file_ref idref="fl-6"/>
      </object_component>
      <object_component id="oc-147">
         <name>.text</name>
         <load_address>0x94f7</load_address>
         <run_address>0x94f7</run_address>
         <size>0x130</size>
         <input_file_ref idref="fl-d"/>
      </object_component>
      <object_component id="oc-14c">
         <name>.text</name>
         <load_address>0x9627</load_address>
         <run_address>0x9627</run_address>
         <size>0xf8</size>
         <input_file_ref idref="fl-1b"/>
      </object_component>
      <object_component id="oc-150">
         <name>.text</name>
         <load_address>0x971f</load_address>
         <run_address>0x971f</run_address>
         <size>0xa6</size>
         <input_file_ref idref="fl-c"/>
      </object_component>
      <object_component id="oc-155">
         <name>.text</name>
         <load_address>0x97c5</load_address>
         <run_address>0x97c5</run_address>
         <size>0x7b</size>
         <input_file_ref idref="fl-11"/>
      </object_component>
      <object_component id="oc-8b">
         <name>.text:retain</name>
         <load_address>0x9840</load_address>
         <run_address>0x9840</run_address>
         <size>0x67</size>
         <input_file_ref idref="fl-d"/>
      </object_component>
      <object_component id="oc-4a">
         <name>.text</name>
         <load_address>0x98a7</load_address>
         <run_address>0x98a7</run_address>
         <size>0x56</size>
         <input_file_ref idref="fl-29"/>
      </object_component>
      <object_component id="oc-51">
         <name>.text:retain</name>
         <load_address>0x98fd</load_address>
         <run_address>0x98fd</run_address>
         <size>0x50</size>
         <input_file_ref idref="fl-3"/>
      </object_component>
      <object_component id="oc-143">
         <name>.text</name>
         <load_address>0x994d</load_address>
         <run_address>0x994d</run_address>
         <size>0x46</size>
         <input_file_ref idref="fl-2a"/>
      </object_component>
      <object_component id="oc-14f">
         <name>.text</name>
         <load_address>0x9993</load_address>
         <run_address>0x9993</run_address>
         <size>0x44</size>
         <input_file_ref idref="fl-8"/>
      </object_component>
      <object_component id="oc-148">
         <name>.text</name>
         <load_address>0x99d7</load_address>
         <run_address>0x99d7</run_address>
         <size>0x3e</size>
         <input_file_ref idref="fl-1d"/>
      </object_component>
      <object_component id="oc-83">
         <name>.text:retain</name>
         <load_address>0x9a15</load_address>
         <run_address>0x9a15</run_address>
         <size>0x3d</size>
         <input_file_ref idref="fl-c"/>
      </object_component>
      <object_component id="oc-14b">
         <name>.text</name>
         <load_address>0x9a52</load_address>
         <run_address>0x9a52</run_address>
         <size>0x2f</size>
         <input_file_ref idref="fl-19"/>
      </object_component>
      <object_component id="oc-146">
         <name>.text</name>
         <load_address>0x9a81</load_address>
         <run_address>0x9a81</run_address>
         <size>0x29</size>
         <input_file_ref idref="fl-2c"/>
      </object_component>
      <object_component id="oc-14d">
         <name>.text</name>
         <load_address>0x9aaa</load_address>
         <run_address>0x9aaa</run_address>
         <size>0x28</size>
         <input_file_ref idref="fl-17"/>
      </object_component>
      <object_component id="oc-14e">
         <name>.text</name>
         <load_address>0x9ad2</load_address>
         <run_address>0x9ad2</run_address>
         <size>0x20</size>
         <input_file_ref idref="fl-18"/>
      </object_component>
      <object_component id="oc-11d">
         <name>.text</name>
         <load_address>0x9af2</load_address>
         <run_address>0x9af2</run_address>
         <size>0x1a</size>
         <input_file_ref idref="fl-2b"/>
      </object_component>
      <object_component id="oc-145">
         <name>.text</name>
         <load_address>0x9b0c</load_address>
         <run_address>0x9b0c</run_address>
         <size>0x19</size>
         <input_file_ref idref="fl-31"/>
      </object_component>
      <object_component id="oc-133">
         <name>.text</name>
         <load_address>0x9b25</load_address>
         <run_address>0x9b25</run_address>
         <size>0xb</size>
         <input_file_ref idref="fl-2f"/>
      </object_component>
      <object_component id="oc-152">
         <name>.text</name>
         <load_address>0x9b30</load_address>
         <run_address>0x9b30</run_address>
         <size>0x9</size>
         <input_file_ref idref="fl-30"/>
      </object_component>
      <object_component id="oc-9a">
         <name>.text</name>
         <load_address>0x9b39</load_address>
         <run_address>0x9b39</run_address>
         <size>0x8</size>
         <input_file_ref idref="fl-10"/>
      </object_component>
      <object_component id="oc-142">
         <name>.text</name>
         <load_address>0x9b41</load_address>
         <run_address>0x9b41</run_address>
         <size>0x2</size>
         <input_file_ref idref="fl-2d"/>
      </object_component>
      <object_component id="oc-144">
         <name>.text</name>
         <load_address>0x9b43</load_address>
         <run_address>0x9b43</run_address>
         <size>0x1</size>
         <input_file_ref idref="fl-2e"/>
      </object_component>
      <object_component id="oc-77">
         <name>.cinit</name>
         <load_address>0x8000</load_address>
         <run_address>0x8000</run_address>
         <size>0x13</size>
         <input_file_ref idref="fl-a"/>
      </object_component>
      <object_component id="oc-123">
         <name>.cinit</name>
         <load_address>0x8013</load_address>
         <run_address>0x8013</run_address>
         <size>0xe</size>
         <input_file_ref idref="fl-2c"/>
      </object_component>
      <object_component id="oc-89">
         <name>.cinit</name>
         <load_address>0x8021</load_address>
         <run_address>0x8021</run_address>
         <size>0xd</size>
         <input_file_ref idref="fl-d"/>
      </object_component>
      <object_component id="oc-5c">
         <name>.cinit</name>
         <load_address>0x802e</load_address>
         <run_address>0x802e</run_address>
         <size>0xc</size>
         <input_file_ref idref="fl-5"/>
      </object_component>
      <object_component id="oc-14a">
         <name>.cinit:__lock</name>
         <load_address>0x803a</load_address>
         <run_address>0x803a</run_address>
         <size>0x5</size>
         <input_file_ref idref="fl-30"/>
      </object_component>
      <object_component id="oc-153">
         <name>.cinit:__unlock</name>
         <load_address>0x803f</load_address>
         <run_address>0x803f</run_address>
         <size>0x5</size>
         <input_file_ref idref="fl-30"/>
      </object_component>
      <object_component id="oc-112">
         <name>.stack</name>
         <uninitialized>true</uninitialized>
         <run_address>0x400</run_address>
         <size>0x0</size>
         <input_file_ref idref="fl-29"/>
      </object_component>
      <object_component id="oc-1ad">
         <name>.stack</name>
         <uninitialized>true</uninitialized>
         <run_address>0x400</run_address>
         <size>0x0</size>
      </object_component>
      <object_component id="oc-5d">
         <name>.ebss</name>
         <uninitialized>true</uninitialized>
         <run_address>0xc040</run_address>
         <size>0x3</size>
         <input_file_ref idref="fl-5"/>
      </object_component>
      <object_component id="oc-78">
         <name>.ebss</name>
         <uninitialized>true</uninitialized>
         <run_address>0xc018</run_address>
         <size>0x10</size>
         <input_file_ref idref="fl-a"/>
      </object_component>
      <object_component id="oc-8a">
         <name>.ebss</name>
         <uninitialized>true</uninitialized>
         <run_address>0xc028</run_address>
         <size>0x10</size>
         <input_file_ref idref="fl-d"/>
      </object_component>
      <object_component id="oc-a1">
         <name>.ebss</name>
         <uninitialized>true</uninitialized>
         <run_address>0xc000</run_address>
         <size>0x18</size>
         <input_file_ref idref="fl-11"/>
      </object_component>
      <object_component id="oc-124">
         <name>.ebss</name>
         <uninitialized>true</uninitialized>
         <run_address>0xc038</run_address>
         <size>0x6</size>
         <input_file_ref idref="fl-2c"/>
      </object_component>
      <object_component id="oc-158">
         <name>.ebss:__unlock</name>
         <uninitialized>true</uninitialized>
         <run_address>0xc044</run_address>
         <size>0x2</size>
         <input_file_ref idref="fl-30"/>
      </object_component>
      <object_component id="oc-149">
         <name>.ebss:__lock</name>
         <uninitialized>true</uninitialized>
         <run_address>0xc03e</run_address>
         <size>0x2</size>
         <input_file_ref idref="fl-30"/>
      </object_component>
      <object_component id="oc-157">
         <name>.econst:.string:_pic</name>
         <load_address>0xd000</load_address>
         <run_address>0xd000</run_address>
         <size>0x400</size>
         <input_file_ref idref="fl-6"/>
      </object_component>
      <object_component id="oc-156">
         <name>.econst:_CN16CHAR</name>
         <load_address>0xd400</load_address>
         <run_address>0xd400</run_address>
         <size>0x110</size>
         <input_file_ref idref="fl-6"/>
      </object_component>
      <object_component id="oc-154">
         <name>.econst:_PieVectTableInit</name>
         <load_address>0xd510</load_address>
         <run_address>0xd510</run_address>
         <size>0x100</size>
         <input_file_ref idref="fl-18"/>
      </object_component>
      <object_component id="oc-10d">
         <name>.econst:.string</name>
         <load_address>0xd610</load_address>
         <run_address>0xd610</run_address>
         <size>0x11</size>
         <input_file_ref idref="fl-1d"/>
      </object_component>
      <object_component id="oc-113">
         <name>.reset</name>
         <load_address>0x3fffc0</load_address>
         <run_address>0x3fffc0</run_address>
         <size>0x2</size>
         <input_file_ref idref="fl-29"/>
      </object_component>
      <object_component id="oc-90">
         <name>.adc_cal</name>
         <load_address>0x380080</load_address>
         <run_address>0x380080</run_address>
         <size>0x7</size>
         <input_file_ref idref="fl-e"/>
      </object_component>
      <object_component id="oc-e2">
         <name>PieVectTableFile</name>
         <uninitialized>true</uninitialized>
         <run_address>0xd00</run_address>
         <size>0x100</size>
         <input_file_ref idref="fl-14"/>
      </object_component>
      <object_component id="oc-de">
         <name>DevEmuRegsFile</name>
         <uninitialized>true</uninitialized>
         <run_address>0x880</run_address>
         <size>0xd0</size>
         <input_file_ref idref="fl-14"/>
      </object_component>
      <object_component id="oc-b4">
         <name>FlashRegsFile</name>
         <uninitialized>true</uninitialized>
         <run_address>0xa80</run_address>
         <size>0x8</size>
         <input_file_ref idref="fl-14"/>
      </object_component>
      <object_component id="oc-be">
         <name>CsmRegsFile</name>
         <uninitialized>true</uninitialized>
         <run_address>0xae0</run_address>
         <size>0x10</size>
         <input_file_ref idref="fl-14"/>
      </object_component>
      <object_component id="oc-bd">
         <name>AdcMirrorFile</name>
         <uninitialized>true</uninitialized>
         <run_address>0xb00</run_address>
         <size>0x10</size>
         <input_file_ref idref="fl-14"/>
      </object_component>
      <object_component id="oc-c1">
         <name>XintfRegsFile</name>
         <uninitialized>true</uninitialized>
         <run_address>0xb20</run_address>
         <size>0x1e</size>
         <input_file_ref idref="fl-14"/>
      </object_component>
      <object_component id="oc-b5">
         <name>CpuTimer0RegsFile</name>
         <uninitialized>true</uninitialized>
         <run_address>0xc00</run_address>
         <size>0x8</size>
         <input_file_ref idref="fl-14"/>
      </object_component>
      <object_component id="oc-b3">
         <name>CpuTimer1RegsFile</name>
         <uninitialized>true</uninitialized>
         <run_address>0xc08</run_address>
         <size>0x8</size>
         <input_file_ref idref="fl-14"/>
      </object_component>
      <object_component id="oc-b2">
         <name>CpuTimer2RegsFile</name>
         <uninitialized>true</uninitialized>
         <run_address>0xc10</run_address>
         <size>0x8</size>
         <input_file_ref idref="fl-14"/>
      </object_component>
      <object_component id="oc-bf">
         <name>PieCtrlRegsFile</name>
         <uninitialized>true</uninitialized>
         <run_address>0xce0</run_address>
         <size>0x1a</size>
         <input_file_ref idref="fl-14"/>
      </object_component>
      <object_component id="oc-df">
         <name>DmaRegsFile</name>
         <uninitialized>true</uninitialized>
         <run_address>0x1000</run_address>
         <size>0xe0</size>
         <input_file_ref idref="fl-14"/>
      </object_component>
      <object_component id="oc-d1">
         <name>McbspaRegsFile</name>
         <uninitialized>true</uninitialized>
         <run_address>0x5000</run_address>
         <size>0x25</size>
         <input_file_ref idref="fl-14"/>
      </object_component>
      <object_component id="oc-d2">
         <name>McbspbRegsFile</name>
         <uninitialized>true</uninitialized>
         <run_address>0x5040</run_address>
         <size>0x25</size>
         <input_file_ref idref="fl-14"/>
      </object_component>
      <object_component id="oc-d5">
         <name>ECanaRegsFile</name>
         <uninitialized>true</uninitialized>
         <run_address>0x6000</run_address>
         <size>0x34</size>
         <input_file_ref idref="fl-14"/>
      </object_component>
      <object_component id="oc-d8">
         <name>ECanaLAMRegsFile</name>
         <uninitialized>true</uninitialized>
         <run_address>0x6040</run_address>
         <size>0x40</size>
         <input_file_ref idref="fl-14"/>
      </object_component>
      <object_component id="oc-e1">
         <name>ECanaMboxesFile</name>
         <uninitialized>true</uninitialized>
         <run_address>0x6100</run_address>
         <size>0x100</size>
         <input_file_ref idref="fl-14"/>
      </object_component>
      <object_component id="oc-d9">
         <name>ECanaMOTSRegsFile</name>
         <uninitialized>true</uninitialized>
         <run_address>0x6080</run_address>
         <size>0x40</size>
         <input_file_ref idref="fl-14"/>
      </object_component>
      <object_component id="oc-d6">
         <name>ECanaMOTORegsFile</name>
         <uninitialized>true</uninitialized>
         <run_address>0x60c0</run_address>
         <size>0x40</size>
         <input_file_ref idref="fl-14"/>
      </object_component>
      <object_component id="oc-d4">
         <name>ECanbRegsFile</name>
         <uninitialized>true</uninitialized>
         <run_address>0x6200</run_address>
         <size>0x34</size>
         <input_file_ref idref="fl-14"/>
      </object_component>
      <object_component id="oc-dc">
         <name>ECanbLAMRegsFile</name>
         <uninitialized>true</uninitialized>
         <run_address>0x6240</run_address>
         <size>0x40</size>
         <input_file_ref idref="fl-14"/>
      </object_component>
      <object_component id="oc-e0">
         <name>ECanbMboxesFile</name>
         <uninitialized>true</uninitialized>
         <run_address>0x6300</run_address>
         <size>0x100</size>
         <input_file_ref idref="fl-14"/>
      </object_component>
      <object_component id="oc-d7">
         <name>ECanbMOTSRegsFile</name>
         <uninitialized>true</uninitialized>
         <run_address>0x6280</run_address>
         <size>0x40</size>
         <input_file_ref idref="fl-14"/>
      </object_component>
      <object_component id="oc-da">
         <name>ECanbMOTORegsFile</name>
         <uninitialized>true</uninitialized>
         <run_address>0x62c0</run_address>
         <size>0x40</size>
         <input_file_ref idref="fl-14"/>
      </object_component>
      <object_component id="oc-cc">
         <name>EPwm1RegsFile</name>
         <uninitialized>true</uninitialized>
         <run_address>0x6800</run_address>
         <size>0x22</size>
         <input_file_ref idref="fl-14"/>
      </object_component>
      <object_component id="oc-cb">
         <name>EPwm2RegsFile</name>
         <uninitialized>true</uninitialized>
         <run_address>0x6840</run_address>
         <size>0x22</size>
         <input_file_ref idref="fl-14"/>
      </object_component>
      <object_component id="oc-cd">
         <name>EPwm3RegsFile</name>
         <uninitialized>true</uninitialized>
         <run_address>0x6880</run_address>
         <size>0x22</size>
         <input_file_ref idref="fl-14"/>
      </object_component>
      <object_component id="oc-cf">
         <name>EPwm4RegsFile</name>
         <uninitialized>true</uninitialized>
         <run_address>0x68c0</run_address>
         <size>0x22</size>
         <input_file_ref idref="fl-14"/>
      </object_component>
      <object_component id="oc-ce">
         <name>EPwm5RegsFile</name>
         <uninitialized>true</uninitialized>
         <run_address>0x6900</run_address>
         <size>0x22</size>
         <input_file_ref idref="fl-14"/>
      </object_component>
      <object_component id="oc-d0">
         <name>EPwm6RegsFile</name>
         <uninitialized>true</uninitialized>
         <run_address>0x6940</run_address>
         <size>0x22</size>
         <input_file_ref idref="fl-14"/>
      </object_component>
      <object_component id="oc-c8">
         <name>ECap1RegsFile</name>
         <uninitialized>true</uninitialized>
         <run_address>0x6a00</run_address>
         <size>0x20</size>
         <input_file_ref idref="fl-14"/>
      </object_component>
      <object_component id="oc-c4">
         <name>ECap2RegsFile</name>
         <uninitialized>true</uninitialized>
         <run_address>0x6a20</run_address>
         <size>0x20</size>
         <input_file_ref idref="fl-14"/>
      </object_component>
      <object_component id="oc-c5">
         <name>ECap3RegsFile</name>
         <uninitialized>true</uninitialized>
         <run_address>0x6a40</run_address>
         <size>0x20</size>
         <input_file_ref idref="fl-14"/>
      </object_component>
      <object_component id="oc-c2">
         <name>ECap4RegsFile</name>
         <uninitialized>true</uninitialized>
         <run_address>0x6a60</run_address>
         <size>0x20</size>
         <input_file_ref idref="fl-14"/>
      </object_component>
      <object_component id="oc-c3">
         <name>ECap5RegsFile</name>
         <uninitialized>true</uninitialized>
         <run_address>0x6a80</run_address>
         <size>0x20</size>
         <input_file_ref idref="fl-14"/>
      </object_component>
      <object_component id="oc-c9">
         <name>ECap6RegsFile</name>
         <uninitialized>true</uninitialized>
         <run_address>0x6aa0</run_address>
         <size>0x20</size>
         <input_file_ref idref="fl-14"/>
      </object_component>
      <object_component id="oc-dd">
         <name>EQep1RegsFile</name>
         <uninitialized>true</uninitialized>
         <run_address>0x6b00</run_address>
         <size>0x40</size>
         <input_file_ref idref="fl-14"/>
      </object_component>
      <object_component id="oc-db">
         <name>EQep2RegsFile</name>
         <uninitialized>true</uninitialized>
         <run_address>0x6b40</run_address>
         <size>0x40</size>
         <input_file_ref idref="fl-14"/>
      </object_component>
      <object_component id="oc-d3">
         <name>GpioCtrlRegsFile</name>
         <uninitialized>true</uninitialized>
         <run_address>0x6f80</run_address>
         <size>0x2e</size>
         <input_file_ref idref="fl-14"/>
      </object_component>
      <object_component id="oc-c6">
         <name>GpioDataRegsFile</name>
         <uninitialized>true</uninitialized>
         <run_address>0x6fc0</run_address>
         <size>0x20</size>
         <input_file_ref idref="fl-14"/>
      </object_component>
      <object_component id="oc-b7">
         <name>GpioIntRegsFile</name>
         <uninitialized>true</uninitialized>
         <run_address>0x6fe0</run_address>
         <size>0xa</size>
         <input_file_ref idref="fl-14"/>
      </object_component>
      <object_component id="oc-c7">
         <name>SysCtrlRegsFile</name>
         <uninitialized>true</uninitialized>
         <run_address>0x7010</run_address>
         <size>0x20</size>
         <input_file_ref idref="fl-14"/>
      </object_component>
      <object_component id="oc-ba">
         <name>SpiaRegsFile</name>
         <uninitialized>true</uninitialized>
         <run_address>0x7040</run_address>
         <size>0x10</size>
         <input_file_ref idref="fl-14"/>
      </object_component>
      <object_component id="oc-bb">
         <name>SciaRegsFile</name>
         <uninitialized>true</uninitialized>
         <run_address>0x7050</run_address>
         <size>0x10</size>
         <input_file_ref idref="fl-14"/>
      </object_component>
      <object_component id="oc-bc">
         <name>XIntruptRegsFile</name>
         <uninitialized>true</uninitialized>
         <run_address>0x7070</run_address>
         <size>0x10</size>
         <input_file_ref idref="fl-14"/>
      </object_component>
      <object_component id="oc-c0">
         <name>AdcRegsFile</name>
         <uninitialized>true</uninitialized>
         <run_address>0x7100</run_address>
         <size>0x1e</size>
         <input_file_ref idref="fl-14"/>
      </object_component>
      <object_component id="oc-b9">
         <name>ScibRegsFile</name>
         <uninitialized>true</uninitialized>
         <run_address>0x7750</run_address>
         <size>0x10</size>
         <input_file_ref idref="fl-14"/>
      </object_component>
      <object_component id="oc-b8">
         <name>ScicRegsFile</name>
         <uninitialized>true</uninitialized>
         <run_address>0x7770</run_address>
         <size>0x10</size>
         <input_file_ref idref="fl-14"/>
      </object_component>
      <object_component id="oc-ca">
         <name>I2caRegsFile</name>
         <uninitialized>true</uninitialized>
         <run_address>0x7900</run_address>
         <size>0x22</size>
         <input_file_ref idref="fl-14"/>
      </object_component>
      <object_component id="oc-b6">
         <name>CsmPwlFile</name>
         <uninitialized>true</uninitialized>
         <run_address>0x33fff8</run_address>
         <size>0x8</size>
         <input_file_ref idref="fl-14"/>
      </object_component>
      <object_component id="oc-4b">
         <name>.debug_info</name>
         <load_address>0x0</load_address>
         <run_address>0x0</run_address>
         <size>0x2835</size>
         <input_file_ref idref="fl-2"/>
      </object_component>
      <object_component id="oc-50">
         <name>.debug_info</name>
         <load_address>0x2835</load_address>
         <run_address>0x2835</run_address>
         <size>0x4377</size>
         <input_file_ref idref="fl-3"/>
      </object_component>
      <object_component id="oc-56">
         <name>.debug_info</name>
         <load_address>0x6bac</load_address>
         <run_address>0x6bac</run_address>
         <size>0x285f</size>
         <input_file_ref idref="fl-4"/>
      </object_component>
      <object_component id="oc-5b">
         <name>.debug_info</name>
         <load_address>0x940b</load_address>
         <run_address>0x940b</run_address>
         <size>0x285f</size>
         <input_file_ref idref="fl-5"/>
      </object_component>
      <object_component id="oc-62">
         <name>.debug_info</name>
         <load_address>0xbc6a</load_address>
         <run_address>0xbc6a</run_address>
         <size>0x317b</size>
         <input_file_ref idref="fl-6"/>
      </object_component>
      <object_component id="oc-67">
         <name>.debug_info</name>
         <load_address>0xede5</load_address>
         <run_address>0xede5</run_address>
         <size>0x286d</size>
         <input_file_ref idref="fl-7"/>
      </object_component>
      <object_component id="oc-6c">
         <name>.debug_info</name>
         <load_address>0x11652</load_address>
         <run_address>0x11652</run_address>
         <size>0x2888</size>
         <input_file_ref idref="fl-8"/>
      </object_component>
      <object_component id="oc-71">
         <name>.debug_info</name>
         <load_address>0x13eda</load_address>
         <run_address>0x13eda</run_address>
         <size>0x2837</size>
         <input_file_ref idref="fl-9"/>
      </object_component>
      <object_component id="oc-76">
         <name>.debug_info</name>
         <load_address>0x16711</load_address>
         <run_address>0x16711</run_address>
         <size>0x28ea</size>
         <input_file_ref idref="fl-a"/>
      </object_component>
      <object_component id="oc-7d">
         <name>.debug_info</name>
         <load_address>0x18ffb</load_address>
         <run_address>0x18ffb</run_address>
         <size>0x2841</size>
         <input_file_ref idref="fl-b"/>
      </object_component>
      <object_component id="oc-82">
         <name>.debug_info</name>
         <load_address>0x1b83c</load_address>
         <run_address>0x1b83c</run_address>
         <size>0x37a8</size>
         <input_file_ref idref="fl-c"/>
      </object_component>
      <object_component id="oc-88">
         <name>.debug_info</name>
         <load_address>0x1efe4</load_address>
         <run_address>0x1efe4</run_address>
         <size>0x362f</size>
         <input_file_ref idref="fl-d"/>
      </object_component>
      <object_component id="oc-91">
         <name>.debug_info</name>
         <load_address>0x22613</load_address>
         <run_address>0x22613</run_address>
         <size>0x12f</size>
         <input_file_ref idref="fl-e"/>
      </object_component>
      <object_component id="oc-95">
         <name>.debug_info</name>
         <load_address>0x22742</load_address>
         <run_address>0x22742</run_address>
         <size>0x1e16</size>
         <input_file_ref idref="fl-f"/>
      </object_component>
      <object_component id="oc-9c">
         <name>.debug_info</name>
         <load_address>0x24558</load_address>
         <run_address>0x24558</run_address>
         <size>0x179</size>
         <input_file_ref idref="fl-10"/>
      </object_component>
      <object_component id="oc-a0">
         <name>.debug_info</name>
         <load_address>0x246d1</load_address>
         <run_address>0x246d1</run_address>
         <size>0xa1d</size>
         <input_file_ref idref="fl-11"/>
      </object_component>
      <object_component id="oc-a6">
         <name>.debug_info</name>
         <load_address>0x250ee</load_address>
         <run_address>0x250ee</run_address>
         <size>0x2c80</size>
         <input_file_ref idref="fl-12"/>
      </object_component>
      <object_component id="oc-ac">
         <name>.debug_info</name>
         <load_address>0x27d6e</load_address>
         <run_address>0x27d6e</run_address>
         <size>0x1bcf</size>
         <input_file_ref idref="fl-13"/>
      </object_component>
      <object_component id="oc-b1">
         <name>.debug_info</name>
         <load_address>0x2993d</load_address>
         <run_address>0x2993d</run_address>
         <size>0x13250</size>
         <input_file_ref idref="fl-14"/>
      </object_component>
      <object_component id="oc-e4">
         <name>.debug_info</name>
         <load_address>0x3cb8d</load_address>
         <run_address>0x3cb8d</run_address>
         <size>0x1bcf</size>
         <input_file_ref idref="fl-15"/>
      </object_component>
      <object_component id="oc-e9">
         <name>.debug_info</name>
         <load_address>0x3e75c</load_address>
         <run_address>0x3e75c</run_address>
         <size>0x3a0</size>
         <input_file_ref idref="fl-16"/>
      </object_component>
      <object_component id="oc-ee">
         <name>.debug_info</name>
         <load_address>0x3eafc</load_address>
         <run_address>0x3eafc</run_address>
         <size>0xbc5</size>
         <input_file_ref idref="fl-17"/>
      </object_component>
      <object_component id="oc-f3">
         <name>.debug_info</name>
         <load_address>0x3f6c1</load_address>
         <run_address>0x3f6c1</run_address>
         <size>0x2311</size>
         <input_file_ref idref="fl-18"/>
      </object_component>
      <object_component id="oc-f8">
         <name>.debug_info</name>
         <load_address>0x419d2</load_address>
         <run_address>0x419d2</run_address>
         <size>0x1de6</size>
         <input_file_ref idref="fl-19"/>
      </object_component>
      <object_component id="oc-fd">
         <name>.debug_info</name>
         <load_address>0x437b8</load_address>
         <run_address>0x437b8</run_address>
         <size>0x1bce</size>
         <input_file_ref idref="fl-1a"/>
      </object_component>
      <object_component id="oc-102">
         <name>.debug_info</name>
         <load_address>0x45386</load_address>
         <run_address>0x45386</run_address>
         <size>0x2070</size>
         <input_file_ref idref="fl-1b"/>
      </object_component>
      <object_component id="oc-108">
         <name>.debug_info</name>
         <load_address>0x473f6</load_address>
         <run_address>0x473f6</run_address>
         <size>0x12f</size>
         <input_file_ref idref="fl-1c"/>
      </object_component>
      <object_component id="oc-10c">
         <name>.debug_info</name>
         <load_address>0x47525</load_address>
         <run_address>0x47525</run_address>
         <size>0x6a2</size>
         <input_file_ref idref="fl-1d"/>
      </object_component>
      <object_component id="oc-114">
         <name>.debug_info</name>
         <load_address>0x47bc7</load_address>
         <run_address>0x47bc7</run_address>
         <size>0x187</size>
         <input_file_ref idref="fl-29"/>
      </object_component>
      <object_component id="oc-118">
         <name>.debug_info</name>
         <load_address>0x47d4e</load_address>
         <run_address>0x47d4e</run_address>
         <size>0x643</size>
         <input_file_ref idref="fl-2a"/>
      </object_component>
      <object_component id="oc-11e">
         <name>.debug_info</name>
         <load_address>0x48391</load_address>
         <run_address>0x48391</run_address>
         <size>0x12e</size>
         <input_file_ref idref="fl-2b"/>
      </object_component>
      <object_component id="oc-122">
         <name>.debug_info</name>
         <load_address>0x484bf</load_address>
         <run_address>0x484bf</run_address>
         <size>0x5c7</size>
         <input_file_ref idref="fl-2c"/>
      </object_component>
      <object_component id="oc-129">
         <name>.debug_info</name>
         <load_address>0x48a86</load_address>
         <run_address>0x48a86</run_address>
         <size>0x3fe</size>
         <input_file_ref idref="fl-2d"/>
      </object_component>
      <object_component id="oc-12e">
         <name>.debug_info</name>
         <load_address>0x48e84</load_address>
         <run_address>0x48e84</run_address>
         <size>0x3fb</size>
         <input_file_ref idref="fl-2e"/>
      </object_component>
      <object_component id="oc-134">
         <name>.debug_info</name>
         <load_address>0x4927f</load_address>
         <run_address>0x4927f</run_address>
         <size>0x155</size>
         <input_file_ref idref="fl-2f"/>
      </object_component>
      <object_component id="oc-138">
         <name>.debug_info</name>
         <load_address>0x493d4</load_address>
         <run_address>0x493d4</run_address>
         <size>0x51d</size>
         <input_file_ref idref="fl-30"/>
      </object_component>
      <object_component id="oc-13d">
         <name>.debug_info</name>
         <load_address>0x498f1</load_address>
         <run_address>0x498f1</run_address>
         <size>0x4ea</size>
         <input_file_ref idref="fl-31"/>
      </object_component>
      <object_component id="oc-1ae">
         <name>.debug_info</name>
         <load_address>0x49ddb</load_address>
         <run_address>0x49ddb</run_address>
         <size>0xc2</size>
      </object_component>
      <object_component id="oc-4c">
         <name>.debug_frame</name>
         <load_address>0x0</load_address>
         <run_address>0x0</run_address>
         <size>0x8c</size>
         <input_file_ref idref="fl-2"/>
      </object_component>
      <object_component id="oc-52">
         <name>.debug_frame</name>
         <load_address>0x8c</load_address>
         <run_address>0x8c</run_address>
         <size>0x110</size>
         <input_file_ref idref="fl-3"/>
      </object_component>
      <object_component id="oc-57">
         <name>.debug_frame</name>
         <load_address>0x19c</load_address>
         <run_address>0x19c</run_address>
         <size>0x8c</size>
         <input_file_ref idref="fl-4"/>
      </object_component>
      <object_component id="oc-5e">
         <name>.debug_frame</name>
         <load_address>0x228</load_address>
         <run_address>0x228</run_address>
         <size>0x8c</size>
         <input_file_ref idref="fl-5"/>
      </object_component>
      <object_component id="oc-63">
         <name>.debug_frame</name>
         <load_address>0x2b4</load_address>
         <run_address>0x2b4</run_address>
         <size>0x141</size>
         <input_file_ref idref="fl-6"/>
      </object_component>
      <object_component id="oc-68">
         <name>.debug_frame</name>
         <load_address>0x3f5</load_address>
         <run_address>0x3f5</run_address>
         <size>0x8c</size>
         <input_file_ref idref="fl-7"/>
      </object_component>
      <object_component id="oc-6d">
         <name>.debug_frame</name>
         <load_address>0x481</load_address>
         <run_address>0x481</run_address>
         <size>0xa1</size>
         <input_file_ref idref="fl-8"/>
      </object_component>
      <object_component id="oc-72">
         <name>.debug_frame</name>
         <load_address>0x522</load_address>
         <run_address>0x522</run_address>
         <size>0x8c</size>
         <input_file_ref idref="fl-9"/>
      </object_component>
      <object_component id="oc-79">
         <name>.debug_frame</name>
         <load_address>0x5ae</load_address>
         <run_address>0x5ae</run_address>
         <size>0x8c</size>
         <input_file_ref idref="fl-a"/>
      </object_component>
      <object_component id="oc-7e">
         <name>.debug_frame</name>
         <load_address>0x63a</load_address>
         <run_address>0x63a</run_address>
         <size>0x8c</size>
         <input_file_ref idref="fl-b"/>
      </object_component>
      <object_component id="oc-84">
         <name>.debug_frame</name>
         <load_address>0x6c6</load_address>
         <run_address>0x6c6</run_address>
         <size>0x170</size>
         <input_file_ref idref="fl-c"/>
      </object_component>
      <object_component id="oc-8c">
         <name>.debug_frame</name>
         <load_address>0x836</load_address>
         <run_address>0x836</run_address>
         <size>0x1f9</size>
         <input_file_ref idref="fl-d"/>
      </object_component>
      <object_component id="oc-96">
         <name>.debug_frame</name>
         <load_address>0xa2f</load_address>
         <run_address>0xa2f</run_address>
         <size>0x8c</size>
         <input_file_ref idref="fl-f"/>
      </object_component>
      <object_component id="oc-a2">
         <name>.debug_frame</name>
         <load_address>0xabb</load_address>
         <run_address>0xabb</run_address>
         <size>0xbd</size>
         <input_file_ref idref="fl-11"/>
      </object_component>
      <object_component id="oc-a8">
         <name>.debug_frame</name>
         <load_address>0xb78</load_address>
         <run_address>0xb78</run_address>
         <size>0xc28</size>
         <input_file_ref idref="fl-12"/>
      </object_component>
      <object_component id="oc-ad">
         <name>.debug_frame</name>
         <load_address>0x17a0</load_address>
         <run_address>0x17a0</run_address>
         <size>0x8c</size>
         <input_file_ref idref="fl-13"/>
      </object_component>
      <object_component id="oc-e5">
         <name>.debug_frame</name>
         <load_address>0x182c</load_address>
         <run_address>0x182c</run_address>
         <size>0x8c</size>
         <input_file_ref idref="fl-15"/>
      </object_component>
      <object_component id="oc-ea">
         <name>.debug_frame</name>
         <load_address>0x18b8</load_address>
         <run_address>0x18b8</run_address>
         <size>0x8c</size>
         <input_file_ref idref="fl-16"/>
      </object_component>
      <object_component id="oc-ef">
         <name>.debug_frame</name>
         <load_address>0x1944</load_address>
         <run_address>0x1944</run_address>
         <size>0xb6</size>
         <input_file_ref idref="fl-17"/>
      </object_component>
      <object_component id="oc-f4">
         <name>.debug_frame</name>
         <load_address>0x19fa</load_address>
         <run_address>0x19fa</run_address>
         <size>0xa7</size>
         <input_file_ref idref="fl-18"/>
      </object_component>
      <object_component id="oc-f9">
         <name>.debug_frame</name>
         <load_address>0x1aa1</load_address>
         <run_address>0x1aa1</run_address>
         <size>0xe0</size>
         <input_file_ref idref="fl-19"/>
      </object_component>
      <object_component id="oc-fe">
         <name>.debug_frame</name>
         <load_address>0x1b81</load_address>
         <run_address>0x1b81</run_address>
         <size>0x8c</size>
         <input_file_ref idref="fl-1a"/>
      </object_component>
      <object_component id="oc-103">
         <name>.debug_frame</name>
         <load_address>0x1c0d</load_address>
         <run_address>0x1c0d</run_address>
         <size>0x118</size>
         <input_file_ref idref="fl-1b"/>
      </object_component>
      <object_component id="oc-10e">
         <name>.debug_frame</name>
         <load_address>0x1d25</load_address>
         <run_address>0x1d25</run_address>
         <size>0xa4</size>
         <input_file_ref idref="fl-1d"/>
      </object_component>
      <object_component id="oc-119">
         <name>.debug_frame</name>
         <load_address>0x1dc9</load_address>
         <run_address>0x1dc9</run_address>
         <size>0xba</size>
         <input_file_ref idref="fl-2a"/>
      </object_component>
      <object_component id="oc-125">
         <name>.debug_frame</name>
         <load_address>0x1e83</load_address>
         <run_address>0x1e83</run_address>
         <size>0xbf</size>
         <input_file_ref idref="fl-2c"/>
      </object_component>
      <object_component id="oc-12a">
         <name>.debug_frame</name>
         <load_address>0x1f42</load_address>
         <run_address>0x1f42</run_address>
         <size>0xa1</size>
         <input_file_ref idref="fl-2d"/>
      </object_component>
      <object_component id="oc-12f">
         <name>.debug_frame</name>
         <load_address>0x1fe3</load_address>
         <run_address>0x1fe3</run_address>
         <size>0xa1</size>
         <input_file_ref idref="fl-2e"/>
      </object_component>
      <object_component id="oc-139">
         <name>.debug_frame</name>
         <load_address>0x2084</load_address>
         <run_address>0x2084</run_address>
         <size>0xcb</size>
         <input_file_ref idref="fl-30"/>
      </object_component>
      <object_component id="oc-13e">
         <name>.debug_frame</name>
         <load_address>0x214f</load_address>
         <run_address>0x214f</run_address>
         <size>0xa1</size>
         <input_file_ref idref="fl-31"/>
      </object_component>
      <object_component id="oc-4d">
         <name>.debug_line</name>
         <load_address>0x0</load_address>
         <run_address>0x0</run_address>
         <size>0x33</size>
         <input_file_ref idref="fl-2"/>
      </object_component>
      <object_component id="oc-53">
         <name>.debug_line</name>
         <load_address>0x33</load_address>
         <run_address>0x33</run_address>
         <size>0x8a</size>
         <input_file_ref idref="fl-3"/>
      </object_component>
      <object_component id="oc-58">
         <name>.debug_line</name>
         <load_address>0xbd</load_address>
         <run_address>0xbd</run_address>
         <size>0x31</size>
         <input_file_ref idref="fl-4"/>
      </object_component>
      <object_component id="oc-5f">
         <name>.debug_line</name>
         <load_address>0xee</load_address>
         <run_address>0xee</run_address>
         <size>0x31</size>
         <input_file_ref idref="fl-5"/>
      </object_component>
      <object_component id="oc-64">
         <name>.debug_line</name>
         <load_address>0x11f</load_address>
         <run_address>0x11f</run_address>
         <size>0x238</size>
         <input_file_ref idref="fl-6"/>
      </object_component>
      <object_component id="oc-69">
         <name>.debug_line</name>
         <load_address>0x357</load_address>
         <run_address>0x357</run_address>
         <size>0x39</size>
         <input_file_ref idref="fl-7"/>
      </object_component>
      <object_component id="oc-6e">
         <name>.debug_line</name>
         <load_address>0x390</load_address>
         <run_address>0x390</run_address>
         <size>0x67</size>
         <input_file_ref idref="fl-8"/>
      </object_component>
      <object_component id="oc-73">
         <name>.debug_line</name>
         <load_address>0x3f7</load_address>
         <run_address>0x3f7</run_address>
         <size>0x35</size>
         <input_file_ref idref="fl-9"/>
      </object_component>
      <object_component id="oc-7a">
         <name>.debug_line</name>
         <load_address>0x42c</load_address>
         <run_address>0x42c</run_address>
         <size>0x31</size>
         <input_file_ref idref="fl-a"/>
      </object_component>
      <object_component id="oc-7f">
         <name>.debug_line</name>
         <load_address>0x45d</load_address>
         <run_address>0x45d</run_address>
         <size>0x3f</size>
         <input_file_ref idref="fl-b"/>
      </object_component>
      <object_component id="oc-85">
         <name>.debug_line</name>
         <load_address>0x49c</load_address>
         <run_address>0x49c</run_address>
         <size>0xfb</size>
         <input_file_ref idref="fl-c"/>
      </object_component>
      <object_component id="oc-8d">
         <name>.debug_line</name>
         <load_address>0x597</load_address>
         <run_address>0x597</run_address>
         <size>0x218</size>
         <input_file_ref idref="fl-d"/>
      </object_component>
      <object_component id="oc-92">
         <name>.debug_line</name>
         <load_address>0x7af</load_address>
         <run_address>0x7af</run_address>
         <size>0x5c</size>
         <input_file_ref idref="fl-e"/>
      </object_component>
      <object_component id="oc-97">
         <name>.debug_line</name>
         <load_address>0x80b</load_address>
         <run_address>0x80b</run_address>
         <size>0x45</size>
         <input_file_ref idref="fl-f"/>
      </object_component>
      <object_component id="oc-9d">
         <name>.debug_line</name>
         <load_address>0x850</load_address>
         <run_address>0x850</run_address>
         <size>0x74</size>
         <input_file_ref idref="fl-10"/>
      </object_component>
      <object_component id="oc-a3">
         <name>.debug_line</name>
         <load_address>0x8c4</load_address>
         <run_address>0x8c4</run_address>
         <size>0x9b</size>
         <input_file_ref idref="fl-11"/>
      </object_component>
      <object_component id="oc-a9">
         <name>.debug_line</name>
         <load_address>0x95f</load_address>
         <run_address>0x95f</run_address>
         <size>0x775</size>
         <input_file_ref idref="fl-12"/>
      </object_component>
      <object_component id="oc-ae">
         <name>.debug_line</name>
         <load_address>0x10d4</load_address>
         <run_address>0x10d4</run_address>
         <size>0x46</size>
         <input_file_ref idref="fl-13"/>
      </object_component>
      <object_component id="oc-e6">
         <name>.debug_line</name>
         <load_address>0x111a</load_address>
         <run_address>0x111a</run_address>
         <size>0x46</size>
         <input_file_ref idref="fl-15"/>
      </object_component>
      <object_component id="oc-eb">
         <name>.debug_line</name>
         <load_address>0x1160</load_address>
         <run_address>0x1160</run_address>
         <size>0x49</size>
         <input_file_ref idref="fl-16"/>
      </object_component>
      <object_component id="oc-f0">
         <name>.debug_line</name>
         <load_address>0x11a9</load_address>
         <run_address>0x11a9</run_address>
         <size>0x99</size>
         <input_file_ref idref="fl-17"/>
      </object_component>
      <object_component id="oc-f5">
         <name>.debug_line</name>
         <load_address>0x1242</load_address>
         <run_address>0x1242</run_address>
         <size>0x7b</size>
         <input_file_ref idref="fl-18"/>
      </object_component>
      <object_component id="oc-fa">
         <name>.debug_line</name>
         <load_address>0x12bd</load_address>
         <run_address>0x12bd</run_address>
         <size>0xb9</size>
         <input_file_ref idref="fl-19"/>
      </object_component>
      <object_component id="oc-ff">
         <name>.debug_line</name>
         <load_address>0x1376</load_address>
         <run_address>0x1376</run_address>
         <size>0x45</size>
         <input_file_ref idref="fl-1a"/>
      </object_component>
      <object_component id="oc-104">
         <name>.debug_line</name>
         <load_address>0x13bb</load_address>
         <run_address>0x13bb</run_address>
         <size>0x158</size>
         <input_file_ref idref="fl-1b"/>
      </object_component>
      <object_component id="oc-109">
         <name>.debug_line</name>
         <load_address>0x1513</load_address>
         <run_address>0x1513</run_address>
         <size>0x5b</size>
         <input_file_ref idref="fl-1c"/>
      </object_component>
      <object_component id="oc-10f">
         <name>.debug_line</name>
         <load_address>0x156e</load_address>
         <run_address>0x156e</run_address>
         <size>0x67</size>
         <input_file_ref idref="fl-1d"/>
      </object_component>
      <object_component id="oc-115">
         <name>.debug_line</name>
         <load_address>0x15d5</load_address>
         <run_address>0x15d5</run_address>
         <size>0x7e</size>
         <input_file_ref idref="fl-29"/>
      </object_component>
      <object_component id="oc-11a">
         <name>.debug_line</name>
         <load_address>0x1653</load_address>
         <run_address>0x1653</run_address>
         <size>0x6a</size>
         <input_file_ref idref="fl-2a"/>
      </object_component>
      <object_component id="oc-11f">
         <name>.debug_line</name>
         <load_address>0x16bd</load_address>
         <run_address>0x16bd</run_address>
         <size>0x50</size>
         <input_file_ref idref="fl-2b"/>
      </object_component>
      <object_component id="oc-126">
         <name>.debug_line</name>
         <load_address>0x170d</load_address>
         <run_address>0x170d</run_address>
         <size>0x65</size>
         <input_file_ref idref="fl-2c"/>
      </object_component>
      <object_component id="oc-12b">
         <name>.debug_line</name>
         <load_address>0x1772</load_address>
         <run_address>0x1772</run_address>
         <size>0x3e</size>
         <input_file_ref idref="fl-2d"/>
      </object_component>
      <object_component id="oc-130">
         <name>.debug_line</name>
         <load_address>0x17b0</load_address>
         <run_address>0x17b0</run_address>
         <size>0x3a</size>
         <input_file_ref idref="fl-2e"/>
      </object_component>
      <object_component id="oc-135">
         <name>.debug_line</name>
         <load_address>0x17ea</load_address>
         <run_address>0x17ea</run_address>
         <size>0x4f</size>
         <input_file_ref idref="fl-2f"/>
      </object_component>
      <object_component id="oc-13a">
         <name>.debug_line</name>
         <load_address>0x1839</load_address>
         <run_address>0x1839</run_address>
         <size>0x5e</size>
         <input_file_ref idref="fl-30"/>
      </object_component>
      <object_component id="oc-13f">
         <name>.debug_line</name>
         <load_address>0x1897</load_address>
         <run_address>0x1897</run_address>
         <size>0x55</size>
         <input_file_ref idref="fl-31"/>
      </object_component>
      <object_component id="oc-4e">
         <name>.debug_abbrev</name>
         <load_address>0x0</load_address>
         <run_address>0x0</run_address>
         <size>0xdc</size>
         <input_file_ref idref="fl-2"/>
      </object_component>
      <object_component id="oc-54">
         <name>.debug_abbrev</name>
         <load_address>0xdc</load_address>
         <run_address>0xdc</run_address>
         <size>0x12f</size>
         <input_file_ref idref="fl-3"/>
      </object_component>
      <object_component id="oc-59">
         <name>.debug_abbrev</name>
         <load_address>0x20b</load_address>
         <run_address>0x20b</run_address>
         <size>0x146</size>
         <input_file_ref idref="fl-4"/>
      </object_component>
      <object_component id="oc-60">
         <name>.debug_abbrev</name>
         <load_address>0x351</load_address>
         <run_address>0x351</run_address>
         <size>0x146</size>
         <input_file_ref idref="fl-5"/>
      </object_component>
      <object_component id="oc-65">
         <name>.debug_abbrev</name>
         <load_address>0x497</load_address>
         <run_address>0x497</run_address>
         <size>0x1a1</size>
         <input_file_ref idref="fl-6"/>
      </object_component>
      <object_component id="oc-6a">
         <name>.debug_abbrev</name>
         <load_address>0x638</load_address>
         <run_address>0x638</run_address>
         <size>0x126</size>
         <input_file_ref idref="fl-7"/>
      </object_component>
      <object_component id="oc-6f">
         <name>.debug_abbrev</name>
         <load_address>0x75e</load_address>
         <run_address>0x75e</run_address>
         <size>0xdc</size>
         <input_file_ref idref="fl-8"/>
      </object_component>
      <object_component id="oc-74">
         <name>.debug_abbrev</name>
         <load_address>0x83a</load_address>
         <run_address>0x83a</run_address>
         <size>0xdc</size>
         <input_file_ref idref="fl-9"/>
      </object_component>
      <object_component id="oc-7b">
         <name>.debug_abbrev</name>
         <load_address>0x916</load_address>
         <run_address>0x916</run_address>
         <size>0x14d</size>
         <input_file_ref idref="fl-a"/>
      </object_component>
      <object_component id="oc-80">
         <name>.debug_abbrev</name>
         <load_address>0xa63</load_address>
         <run_address>0xa63</run_address>
         <size>0xdc</size>
         <input_file_ref idref="fl-b"/>
      </object_component>
      <object_component id="oc-86">
         <name>.debug_abbrev</name>
         <load_address>0xb3f</load_address>
         <run_address>0xb3f</run_address>
         <size>0x162</size>
         <input_file_ref idref="fl-c"/>
      </object_component>
      <object_component id="oc-8e">
         <name>.debug_abbrev</name>
         <load_address>0xca1</load_address>
         <run_address>0xca1</run_address>
         <size>0x1a7</size>
         <input_file_ref idref="fl-d"/>
      </object_component>
      <object_component id="oc-93">
         <name>.debug_abbrev</name>
         <load_address>0xe48</load_address>
         <run_address>0xe48</run_address>
         <size>0x2f</size>
         <input_file_ref idref="fl-e"/>
      </object_component>
      <object_component id="oc-98">
         <name>.debug_abbrev</name>
         <load_address>0xe77</load_address>
         <run_address>0xe77</run_address>
         <size>0x10f</size>
         <input_file_ref idref="fl-f"/>
      </object_component>
      <object_component id="oc-9e">
         <name>.debug_abbrev</name>
         <load_address>0xf86</load_address>
         <run_address>0xf86</run_address>
         <size>0x21</size>
         <input_file_ref idref="fl-10"/>
      </object_component>
      <object_component id="oc-a4">
         <name>.debug_abbrev</name>
         <load_address>0xfa7</load_address>
         <run_address>0xfa7</run_address>
         <size>0xfd</size>
         <input_file_ref idref="fl-11"/>
      </object_component>
      <object_component id="oc-aa">
         <name>.debug_abbrev</name>
         <load_address>0x10a4</load_address>
         <run_address>0x10a4</run_address>
         <size>0xde</size>
         <input_file_ref idref="fl-12"/>
      </object_component>
      <object_component id="oc-af">
         <name>.debug_abbrev</name>
         <load_address>0x1182</load_address>
         <run_address>0x1182</run_address>
         <size>0x111</size>
         <input_file_ref idref="fl-13"/>
      </object_component>
      <object_component id="oc-e3">
         <name>.debug_abbrev</name>
         <load_address>0x1293</load_address>
         <run_address>0x1293</run_address>
         <size>0xb7</size>
         <input_file_ref idref="fl-14"/>
      </object_component>
      <object_component id="oc-e7">
         <name>.debug_abbrev</name>
         <load_address>0x134a</load_address>
         <run_address>0x134a</run_address>
         <size>0xdc</size>
         <input_file_ref idref="fl-15"/>
      </object_component>
      <object_component id="oc-ec">
         <name>.debug_abbrev</name>
         <load_address>0x1426</load_address>
         <run_address>0x1426</run_address>
         <size>0x93</size>
         <input_file_ref idref="fl-16"/>
      </object_component>
      <object_component id="oc-f1">
         <name>.debug_abbrev</name>
         <load_address>0x14b9</load_address>
         <run_address>0x14b9</run_address>
         <size>0xc8</size>
         <input_file_ref idref="fl-17"/>
      </object_component>
      <object_component id="oc-f6">
         <name>.debug_abbrev</name>
         <load_address>0x1581</load_address>
         <run_address>0x1581</run_address>
         <size>0x116</size>
         <input_file_ref idref="fl-18"/>
      </object_component>
      <object_component id="oc-fb">
         <name>.debug_abbrev</name>
         <load_address>0x1697</load_address>
         <run_address>0x1697</run_address>
         <size>0xea</size>
         <input_file_ref idref="fl-19"/>
      </object_component>
      <object_component id="oc-100">
         <name>.debug_abbrev</name>
         <load_address>0x1781</load_address>
         <run_address>0x1781</run_address>
         <size>0xea</size>
         <input_file_ref idref="fl-1a"/>
      </object_component>
      <object_component id="oc-105">
         <name>.debug_abbrev</name>
         <load_address>0x186b</load_address>
         <run_address>0x186b</run_address>
         <size>0x17b</size>
         <input_file_ref idref="fl-1b"/>
      </object_component>
      <object_component id="oc-10a">
         <name>.debug_abbrev</name>
         <load_address>0x19e6</load_address>
         <run_address>0x19e6</run_address>
         <size>0x2f</size>
         <input_file_ref idref="fl-1c"/>
      </object_component>
      <object_component id="oc-110">
         <name>.debug_abbrev</name>
         <load_address>0x1a15</load_address>
         <run_address>0x1a15</run_address>
         <size>0xbe</size>
         <input_file_ref idref="fl-1d"/>
      </object_component>
      <object_component id="oc-116">
         <name>.debug_abbrev</name>
         <load_address>0x1ad3</load_address>
         <run_address>0x1ad3</run_address>
         <size>0x46</size>
         <input_file_ref idref="fl-29"/>
      </object_component>
      <object_component id="oc-11b">
         <name>.debug_abbrev</name>
         <load_address>0x1b19</load_address>
         <run_address>0x1b19</run_address>
         <size>0xfa</size>
         <input_file_ref idref="fl-2a"/>
      </object_component>
      <object_component id="oc-120">
         <name>.debug_abbrev</name>
         <load_address>0x1c13</load_address>
         <run_address>0x1c13</run_address>
         <size>0x32</size>
         <input_file_ref idref="fl-2b"/>
      </object_component>
      <object_component id="oc-127">
         <name>.debug_abbrev</name>
         <load_address>0x1c45</load_address>
         <run_address>0x1c45</run_address>
         <size>0x142</size>
         <input_file_ref idref="fl-2c"/>
      </object_component>
      <object_component id="oc-12c">
         <name>.debug_abbrev</name>
         <load_address>0x1d87</load_address>
         <run_address>0x1d87</run_address>
         <size>0x68</size>
         <input_file_ref idref="fl-2d"/>
      </object_component>
      <object_component id="oc-131">
         <name>.debug_abbrev</name>
         <load_address>0x1def</load_address>
         <run_address>0x1def</run_address>
         <size>0x66</size>
         <input_file_ref idref="fl-2e"/>
      </object_component>
      <object_component id="oc-136">
         <name>.debug_abbrev</name>
         <load_address>0x1e55</load_address>
         <run_address>0x1e55</run_address>
         <size>0x38</size>
         <input_file_ref idref="fl-2f"/>
      </object_component>
      <object_component id="oc-13b">
         <name>.debug_abbrev</name>
         <load_address>0x1e8d</load_address>
         <run_address>0x1e8d</run_address>
         <size>0xb2</size>
         <input_file_ref idref="fl-30"/>
      </object_component>
      <object_component id="oc-140">
         <name>.debug_abbrev</name>
         <load_address>0x1f3f</load_address>
         <run_address>0x1f3f</run_address>
         <size>0xfe</size>
         <input_file_ref idref="fl-31"/>
      </object_component>
      <object_component id="oc-1af">
         <name>.debug_abbrev</name>
         <load_address>0x203d</load_address>
         <run_address>0x203d</run_address>
         <size>0xf</size>
      </object_component>
      <object_component id="oc-4f">
         <name>.debug_aranges</name>
         <load_address>0x0</load_address>
         <run_address>0x0</run_address>
         <size>0x18</size>
         <input_file_ref idref="fl-2"/>
      </object_component>
      <object_component id="oc-55">
         <name>.debug_aranges</name>
         <load_address>0x18</load_address>
         <run_address>0x18</run_address>
         <size>0x28</size>
         <input_file_ref idref="fl-3"/>
      </object_component>
      <object_component id="oc-5a">
         <name>.debug_aranges</name>
         <load_address>0x40</load_address>
         <run_address>0x40</run_address>
         <size>0x18</size>
         <input_file_ref idref="fl-4"/>
      </object_component>
      <object_component id="oc-61">
         <name>.debug_aranges</name>
         <load_address>0x58</load_address>
         <run_address>0x58</run_address>
         <size>0x18</size>
         <input_file_ref idref="fl-5"/>
      </object_component>
      <object_component id="oc-66">
         <name>.debug_aranges</name>
         <load_address>0x70</load_address>
         <run_address>0x70</run_address>
         <size>0x50</size>
         <input_file_ref idref="fl-6"/>
      </object_component>
      <object_component id="oc-6b">
         <name>.debug_aranges</name>
         <load_address>0xc0</load_address>
         <run_address>0xc0</run_address>
         <size>0x18</size>
         <input_file_ref idref="fl-7"/>
      </object_component>
      <object_component id="oc-70">
         <name>.debug_aranges</name>
         <load_address>0xd8</load_address>
         <run_address>0xd8</run_address>
         <size>0x20</size>
         <input_file_ref idref="fl-8"/>
      </object_component>
      <object_component id="oc-75">
         <name>.debug_aranges</name>
         <load_address>0xf8</load_address>
         <run_address>0xf8</run_address>
         <size>0x18</size>
         <input_file_ref idref="fl-9"/>
      </object_component>
      <object_component id="oc-7c">
         <name>.debug_aranges</name>
         <load_address>0x110</load_address>
         <run_address>0x110</run_address>
         <size>0x18</size>
         <input_file_ref idref="fl-a"/>
      </object_component>
      <object_component id="oc-81">
         <name>.debug_aranges</name>
         <load_address>0x128</load_address>
         <run_address>0x128</run_address>
         <size>0x18</size>
         <input_file_ref idref="fl-b"/>
      </object_component>
      <object_component id="oc-87">
         <name>.debug_aranges</name>
         <load_address>0x140</load_address>
         <run_address>0x140</run_address>
         <size>0x48</size>
         <input_file_ref idref="fl-c"/>
      </object_component>
      <object_component id="oc-8f">
         <name>.debug_aranges</name>
         <load_address>0x188</load_address>
         <run_address>0x188</run_address>
         <size>0x70</size>
         <input_file_ref idref="fl-d"/>
      </object_component>
      <object_component id="oc-94">
         <name>.debug_aranges</name>
         <load_address>0x1f8</load_address>
         <run_address>0x1f8</run_address>
         <size>0x20</size>
         <input_file_ref idref="fl-e"/>
      </object_component>
      <object_component id="oc-99">
         <name>.debug_aranges</name>
         <load_address>0x218</load_address>
         <run_address>0x218</run_address>
         <size>0x18</size>
         <input_file_ref idref="fl-f"/>
      </object_component>
      <object_component id="oc-9f">
         <name>.debug_aranges</name>
         <load_address>0x230</load_address>
         <run_address>0x230</run_address>
         <size>0x28</size>
         <input_file_ref idref="fl-10"/>
      </object_component>
      <object_component id="oc-a5">
         <name>.debug_aranges</name>
         <load_address>0x258</load_address>
         <run_address>0x258</run_address>
         <size>0x28</size>
         <input_file_ref idref="fl-11"/>
      </object_component>
      <object_component id="oc-ab">
         <name>.debug_aranges</name>
         <load_address>0x280</load_address>
         <run_address>0x280</run_address>
         <size>0x298</size>
         <input_file_ref idref="fl-12"/>
      </object_component>
      <object_component id="oc-b0">
         <name>.debug_aranges</name>
         <load_address>0x518</load_address>
         <run_address>0x518</run_address>
         <size>0x18</size>
         <input_file_ref idref="fl-13"/>
      </object_component>
      <object_component id="oc-e8">
         <name>.debug_aranges</name>
         <load_address>0x530</load_address>
         <run_address>0x530</run_address>
         <size>0x18</size>
         <input_file_ref idref="fl-15"/>
      </object_component>
      <object_component id="oc-ed">
         <name>.debug_aranges</name>
         <load_address>0x548</load_address>
         <run_address>0x548</run_address>
         <size>0x18</size>
         <input_file_ref idref="fl-16"/>
      </object_component>
      <object_component id="oc-f2">
         <name>.debug_aranges</name>
         <load_address>0x560</load_address>
         <run_address>0x560</run_address>
         <size>0x28</size>
         <input_file_ref idref="fl-17"/>
      </object_component>
      <object_component id="oc-f7">
         <name>.debug_aranges</name>
         <load_address>0x588</load_address>
         <run_address>0x588</run_address>
         <size>0x20</size>
         <input_file_ref idref="fl-18"/>
      </object_component>
      <object_component id="oc-fc">
         <name>.debug_aranges</name>
         <load_address>0x5a8</load_address>
         <run_address>0x5a8</run_address>
         <size>0x38</size>
         <input_file_ref idref="fl-19"/>
      </object_component>
      <object_component id="oc-101">
         <name>.debug_aranges</name>
         <load_address>0x5e0</load_address>
         <run_address>0x5e0</run_address>
         <size>0x18</size>
         <input_file_ref idref="fl-1a"/>
      </object_component>
      <object_component id="oc-106">
         <name>.debug_aranges</name>
         <load_address>0x5f8</load_address>
         <run_address>0x5f8</run_address>
         <size>0x48</size>
         <input_file_ref idref="fl-1b"/>
      </object_component>
      <object_component id="oc-10b">
         <name>.debug_aranges</name>
         <load_address>0x640</load_address>
         <run_address>0x640</run_address>
         <size>0x20</size>
         <input_file_ref idref="fl-1c"/>
      </object_component>
      <object_component id="oc-111">
         <name>.debug_aranges</name>
         <load_address>0x660</load_address>
         <run_address>0x660</run_address>
         <size>0x20</size>
         <input_file_ref idref="fl-1d"/>
      </object_component>
      <object_component id="oc-117">
         <name>.debug_aranges</name>
         <load_address>0x680</load_address>
         <run_address>0x680</run_address>
         <size>0x20</size>
         <input_file_ref idref="fl-29"/>
      </object_component>
      <object_component id="oc-11c">
         <name>.debug_aranges</name>
         <load_address>0x6a0</load_address>
         <run_address>0x6a0</run_address>
         <size>0x20</size>
         <input_file_ref idref="fl-2a"/>
      </object_component>
      <object_component id="oc-121">
         <name>.debug_aranges</name>
         <load_address>0x6c0</load_address>
         <run_address>0x6c0</run_address>
         <size>0x20</size>
         <input_file_ref idref="fl-2b"/>
      </object_component>
      <object_component id="oc-128">
         <name>.debug_aranges</name>
         <load_address>0x6e0</load_address>
         <run_address>0x6e0</run_address>
         <size>0x28</size>
         <input_file_ref idref="fl-2c"/>
      </object_component>
      <object_component id="oc-12d">
         <name>.debug_aranges</name>
         <load_address>0x708</load_address>
         <run_address>0x708</run_address>
         <size>0x20</size>
         <input_file_ref idref="fl-2d"/>
      </object_component>
      <object_component id="oc-132">
         <name>.debug_aranges</name>
         <load_address>0x728</load_address>
         <run_address>0x728</run_address>
         <size>0x20</size>
         <input_file_ref idref="fl-2e"/>
      </object_component>
      <object_component id="oc-137">
         <name>.debug_aranges</name>
         <load_address>0x748</load_address>
         <run_address>0x748</run_address>
         <size>0x28</size>
         <input_file_ref idref="fl-2f"/>
      </object_component>
      <object_component id="oc-13c">
         <name>.debug_aranges</name>
         <load_address>0x770</load_address>
         <run_address>0x770</run_address>
         <size>0x30</size>
         <input_file_ref idref="fl-30"/>
      </object_component>
      <object_component id="oc-141">
         <name>.debug_aranges</name>
         <load_address>0x7a0</load_address>
         <run_address>0x7a0</run_address>
         <size>0x20</size>
         <input_file_ref idref="fl-31"/>
      </object_component>
   </object_component_list>
   <logical_group_list>
      <logical_group id="lg-2" display="no" color="cyan">
         <name>codestart</name>
         <load_address>0x0</load_address>
         <run_address>0x0</run_address>
         <size>0x2</size>
         <contents>
            <object_component_ref idref="oc-9b"/>
         </contents>
      </logical_group>
      <logical_group id="lg-3" display="no" color="cyan">
         <name>ramfuncs</name>
         <load_address>0x8046</load_address>
         <run_address>0x8046</run_address>
         <size>0x4</size>
         <contents>
            <object_component_ref idref="oc-107"/>
         </contents>
      </logical_group>
      <logical_group id="lg-4" display="no" color="cyan">
         <name>.text</name>
[...]
      <symbol id="sm-274">
         <name>_USER12_ISR</name>
         <value>0x90b4</value>
         <object_component_ref idref="oc-a7"/>
      </symbol>
      <symbol id="sm-275">
         <name>_ADCINT_ISR</name>
         <value>0x90e6</value>
         <object_component_ref idref="oc-a7"/>
      </symbol>
      <symbol id="sm-276">
         <name>_USER1_ISR</name>
         <value>0x9046</value>
         <object_component_ref idref="oc-a7"/>
      </symbol>
      <symbol id="sm-277">
         <name>_XINT3_ISR</name>
         <value>0x92bc</value>
         <object_component_ref idref="oc-a7"/>
      </symbol>
      <symbol id="sm-278">
         <name>_EPWM5_INT_ISR</name>
         <value>0x9168</value>
         <object_component_ref idref="oc-a7"/>
      </symbol>
      <symbol id="sm-279">
         <name>_NMI_ISR</name>
         <value>0x9032</value>
         <object_component_ref idref="oc-a7"/>
      </symbol>
      <symbol id="sm-27a">
         <name>_SCITXINTB_ISR</name>
         <value>0x928a</value>
         <object_component_ref idref="oc-a7"/>
      </symbol>
      <symbol id="sm-27b">
         <name>_SCIRXINTB_ISR</name>
         <value>0x9280</value>
         <object_component_ref idref="oc-a7"/>
      </symbol>
      <symbol id="sm-27c">
         <name>_ECAN1INTA_ISR</name>
         <value>0x929e</value>
         <object_component_ref idref="oc-a7"/>
      </symbol>
      <symbol id="sm-27d">
         <name>_ECAP2_INT_ISR</name>
         <value>0x9186</value>
         <object_component_ref idref="oc-a7"/>
      </symbol>
      <symbol id="sm-27e">
         <name>_PIE_RESERVED</name>
         <value>0x930f</value>
         <object_component_ref idref="oc-a7"/>
      </symbol>
      <symbol id="sm-27f">
         <name>_I2CINT1A_ISR</name>
         <value>0x9244</value>
         <object_component_ref idref="oc-a7"/>
      </symbol>
      <symbol id="sm-280">
         <name>_XINT2_ISR</name>
         <value>0x90dc</value>
         <object_component_ref idref="oc-a7"/>
      </symbol>
      <symbol id="sm-281">
         <name>_I2CINT2A_ISR</name>
         <value>0x924e</value>
         <object_component_ref idref="oc-a7"/>
      </symbol>
      <symbol id="sm-282">
         <name>_SCITXINTC_ISR</name>
         <value>0x9262</value>
         <object_component_ref idref="oc-a7"/>
      </symbol>
      <symbol id="sm-283">
         <name>_SCIRXINTC_ISR</name>
         <value>0x9258</value>
         <object_component_ref idref="oc-a7"/>
      </symbol>
      <symbol id="sm-284">
         <name>_RTOSINT_ISR</name>
         <value>0x901e</value>
         <object_component_ref idref="oc-a7"/>
      </symbol>
      <symbol id="sm-285">
         <name>_EPWM3_INT_ISR</name>
         <value>0x9154</value>
         <object_component_ref idref="oc-a7"/>
      </symbol>
      <symbol id="sm-286">
         <name>_ECAN1INTB_ISR</name>
         <value>0x92b2</value>
         <object_component_ref idref="oc-a7"/>
      </symbol>
      <symbol id="sm-287">
         <name>_USER9_ISR</name>
         <value>0x9096</value>
         <object_component_ref idref="oc-a7"/>
      </symbol>
      <symbol id="sm-288">
         <name>_USER3_ISR</name>
         <value>0x905a</value>
         <object_component_ref idref="oc-a7"/>
      </symbol>
      <symbol id="sm-289">
         <name>_EQEP1_INT_ISR</name>
         <value>0x91b8</value>
         <object_component_ref idref="oc-a7"/>
      </symbol>
      <symbol id="sm-28a">
         <name>_MRINTB_ISR</name>
         <value>0x91e0</value>
         <object_component_ref idref="oc-a7"/>
      </symbol>
      <symbol id="sm-28b">
         <name>_DINTCH1_ISR</name>
         <value>0x9208</value>
         <object_component_ref idref="oc-a7"/>
      </symbol>
      <symbol id="sm-28c">
         <name>_USER8_ISR</name>
         <value>0x908c</value>
         <object_component_ref idref="oc-a7"/>
      </symbol>
      <symbol id="sm-28d">
         <name>_EPWM1_INT_ISR</name>
         <value>0x9140</value>
         <object_component_ref idref="oc-a7"/>
      </symbol>
      <symbol id="sm-28e">
         <name>_SEQ2INT_ISR</name>
         <value>0x90c8</value>
         <object_component_ref idref="oc-a7"/>
      </symbol>
      <symbol id="sm-28f">
         <name>_USER2_ISR</name>
         <value>0x9050</value>
         <object_component_ref idref="oc-a7"/>
      </symbol>
      <symbol id="sm-290">
         <name>_LUF_ISR</name>
         <value>0x92f8</value>
         <object_component_ref idref="oc-a7"/>
      </symbol>
      <symbol id="sm-291">
         <name>_LVF_ISR</name>
         <value>0x92ee</value>
         <object_component_ref idref="oc-a7"/>
      </symbol>
      <symbol id="sm-292">
         <name>_SCITXINTA_ISR</name>
         <value>0x9276</value>
         <object_component_ref idref="oc-a7"/>
      </symbol>
      <symbol id="sm-293">
         <name>_SCIRXINTA_ISR</name>
         <value>0x926c</value>
         <object_component_ref idref="oc-a7"/>
      </symbol>
      <symbol id="sm-294">
         <name>_rsvd_ISR</name>
         <value>0x9319</value>
         <object_component_ref idref="oc-a7"/>
      </symbol>
      <symbol id="sm-295">
         <name>_ECAP5_INT_ISR</name>
         <value>0x91a4</value>
         <object_component_ref idref="oc-a7"/>
      </symbol>
      <symbol id="sm-296">
         <name>_DINTCH2_ISR</name>
         <value>0x9212</value>
         <object_component_ref idref="oc-a7"/>
      </symbol>
      <symbol id="sm-297">
         <name>_XINT5_ISR</name>
         <value>0x92d0</value>
         <object_component_ref idref="oc-a7"/>
      </symbol>
      <symbol id="sm-30a">
         <name>_GpioCtrlRegs</name>
         <value>0x6f80</value>
         <object_component_ref idref="oc-d3"/>
      </symbol>
      <symbol id="sm-30b">
         <name>_PieVectTable</name>
         <value>0xd00</value>
         <object_component_ref idref="oc-e2"/>
      </symbol>
      <symbol id="sm-30c">
         <name>_ECap4Regs</name>
         <value>0x6a60</value>
         <object_component_ref idref="oc-c2"/>
      </symbol>
      <symbol id="sm-30d">
         <name>_CsmRegs</name>
         <value>0xae0</value>
         <object_component_ref idref="oc-be"/>
      </symbol>
      <symbol id="sm-30e">
         <name>_ECanaLAMRegs</name>
         <value>0x6040</value>
         <object_component_ref idref="oc-d8"/>
      </symbol>
      <symbol id="sm-30f">
         <name>_ECanbMOTORegs</name>
         <value>0x62c0</value>
         <object_component_ref idref="oc-da"/>
      </symbol>
      <symbol id="sm-310">
         <name>_EPwm4Regs</name>
         <value>0x68c0</value>
         <object_component_ref idref="oc-cf"/>
      </symbol>
      <symbol id="sm-311">
         <name>_ECap5Regs</name>
         <value>0x6a80</value>
         <object_component_ref idref="oc-c3"/>
      </symbol>
      <symbol id="sm-312">
         <name>_CpuTimer1Regs</name>
         <value>0xc08</value>
         <object_component_ref idref="oc-b3"/>
      </symbol>
      <symbol id="sm-313">
         <name>_SysCtrlRegs</name>
         <value>0x7010</value>
         <object_component_ref idref="oc-c7"/>
      </symbol>
      <symbol id="sm-314">
         <name>_EPwm5Regs</name>
         <value>0x6900</value>
         <object_component_ref idref="oc-ce"/>
      </symbol>
      <symbol id="sm-315">
         <name>_SpiaRegs</name>
         <value>0x7040</value>
         <object_component_ref idref="oc-ba"/>
      </symbol>
      <symbol id="sm-316">
         <name>_ECanaMOTSRegs</name>
         <value>0x6080</value>
         <object_component_ref idref="oc-d9"/>
      </symbol>
      <symbol id="sm-317">
         <name>_ECap6Regs</name>
         <value>0x6aa0</value>
         <object_component_ref idref="oc-c9"/>
      </symbol>
      <symbol id="sm-318">
         <name>_DmaRegs</name>
         <value>0x1000</value>
         <object_component_ref idref="oc-df"/>
      </symbol>
      <symbol id="sm-319">
         <name>_FlashRegs</name>
         <value>0xa80</value>
         <object_component_ref idref="oc-b4"/>
      </symbol>
      <symbol id="sm-31a">
         <name>_CpuTimer0Regs</name>
         <value>0xc00</value>
         <object_component_ref idref="oc-b5"/>
      </symbol>
      <symbol id="sm-31b">
         <name>_DevEmuRegs</name>
         <value>0x880</value>
         <object_component_ref idref="oc-de"/>
      </symbol>
      <symbol id="sm-31c">
         <name>_McbspbRegs</name>
         <value>0x5040</value>
         <object_component_ref idref="oc-d2"/>
      </symbol>
      <symbol id="sm-31d">
         <name>_EPwm6Regs</name>
         <value>0x6940</value>
         <object_component_ref idref="oc-d0"/>
      </symbol>
      <symbol id="sm-31e">
         <name>_SciaRegs</name>
         <value>0x7050</value>
         <object_component_ref idref="oc-bb"/>
      </symbol>
      <symbol id="sm-31f">
         <name>_GpioDataRegs</name>
         <value>0x6fc0</value>
         <object_component_ref idref="oc-c6"/>
      </symbol>
      <symbol id="sm-320">
         <name>_CsmPwl</name>
         <value>0x33fff8</value>
         <object_component_ref idref="oc-b6"/>
      </symbol>
      <symbol id="sm-321">
         <name>_AdcRegs</name>
         <value>0x7100</value>
         <object_component_ref idref="oc-c0"/>
      </symbol>
      <symbol id="sm-322">
         <name>_XIntruptRegs</name>
         <value>0x7070</value>
         <object_component_ref idref="oc-bc"/>
      </symbol>
      <symbol id="sm-323">
         <name>_CpuTimer2Regs</name>
         <value>0xc10</value>
         <object_component_ref idref="oc-b2"/>
      </symbol>
      <symbol id="sm-324">
         <name>_PieCtrlRegs</name>
         <value>0xce0</value>
         <object_component_ref idref="oc-bf"/>
      </symbol>
      <symbol id="sm-325">
         <name>_ECanbMOTSRegs</name>
         <value>0x6280</value>
         <object_component_ref idref="oc-d7"/>
      </symbol>
      <symbol id="sm-326">
         <name>_ECanaRegs</name>
         <value>0x6000</value>
         <object_component_ref idref="oc-d5"/>
      </symbol>
      <symbol id="sm-327">
         <name>_AdcMirror</name>
         <value>0xb00</value>
         <object_component_ref idref="oc-bd"/>
      </symbol>
      <symbol id="sm-328">
         <name>_ECanbMboxes</name>
         <value>0x6300</value>
         <object_component_ref idref="oc-e0"/>
      </symbol>
      <symbol id="sm-329">
         <name>_XintfRegs</name>
         <value>0xb20</value>
         <object_component_ref idref="oc-c1"/>
      </symbol>
      <symbol id="sm-32a">
         <name>_ScicRegs</name>
         <value>0x7770</value>
         <object_component_ref idref="oc-b8"/>
      </symbol>
      <symbol id="sm-32b">
         <name>_ECap1Regs</name>
         <value>0x6a00</value>
         <object_component_ref idref="oc-c8"/>
      </symbol>
      <symbol id="sm-32c">
         <name>_EQep1Regs</name>
         <value>0x6b00</value>
         <object_component_ref idref="oc-dd"/>
      </symbol>
      <symbol id="sm-32d">
         <name>_McbspaRegs</name>
         <value>0x5000</value>
         <object_component_ref idref="oc-d1"/>
      </symbol>
      <symbol id="sm-32e">
         <name>_EPwm1Regs</name>
         <value>0x6800</value>
         <object_component_ref idref="oc-cc"/>
      </symbol>
      <symbol id="sm-32f">
         <name>_ECanbRegs</name>
         <value>0x6200</value>
         <object_component_ref idref="oc-d4"/>
      </symbol>
      <symbol id="sm-330">
         <name>_ScibRegs</name>
         <value>0x7750</value>
         <object_component_ref idref="oc-b9"/>
      </symbol>
      <symbol id="sm-331">
         <name>_ECap2Regs</name>
         <value>0x6a20</value>
         <object_component_ref idref="oc-c4"/>
      </symbol>
      <symbol id="sm-332">
         <name>_GpioIntRegs</name>
         <value>0x6fe0</value>
         <object_component_ref idref="oc-b7"/>
      </symbol>
      <symbol id="sm-333">
         <name>_EQep2Regs</name>
         <value>0x6b40</value>
         <object_component_ref idref="oc-db"/>
      </symbol>
      <symbol id="sm-334">
         <name>_EPwm2Regs</name>
         <value>0x6840</value>
         <object_component_ref idref="oc-cb"/>
      </symbol>
      <symbol id="sm-335">
         <name>_ECanaMboxes</name>
         <value>0x6100</value>
         <object_component_ref idref="oc-e1"/>
      </symbol>
      <symbol id="sm-336">
         <name>_ECap3Regs</name>
         <value>0x6a40</value>
         <object_component_ref idref="oc-c5"/>
      </symbol>
      <symbol id="sm-337">
         <name>_ECanaMOTORegs</name>
         <value>0x60c0</value>
         <object_component_ref idref="oc-d6"/>
      </symbol>
      <symbol id="sm-338">
         <name>_EPwm3Regs</name>
         <value>0x6880</value>
         <object_component_ref idref="oc-cd"/>
      </symbol>
      <symbol id="sm-339">
         <name>_ECanbLAMRegs</name>
         <value>0x6240</value>
         <object_component_ref idref="oc-dc"/>
      </symbol>
      <symbol id="sm-33a">
         <name>_I2caRegs</name>
         <value>0x7900</value>
         <object_component_ref idref="oc-ca"/>
      </symbol>
      <symbol id="sm-35b">
         <name>_InitPieCtrl</name>
         <value>0x9aaa</value>
         <object_component_ref idref="oc-14d"/>
      </symbol>
      <symbol id="sm-35c">
         <name>_EnableInterrupts</name>
         <value>0x9ac9</value>
         <object_component_ref idref="oc-14d"/>
      </symbol>
      <symbol id="sm-36d">
         <name>_PieVectTableInit</name>
         <value>0xd510</value>
         <object_component_ref idref="oc-154"/>
      </symbol>
      <symbol id="sm-36e">
         <name>_InitPieVectTable</name>
         <value>0x9ad2</value>
         <object_component_ref idref="oc-14e"/>
      </symbol>
      <symbol id="sm-37b">
         <name>_InitScibGpio</name>
         <value>0x9a6d</value>
         <object_component_ref idref="oc-14b"/>
      </symbol>
      <symbol id="sm-37c">
         <name>_InitSciaGpio</name>
         <value>0x9a58</value>
         <object_component_ref idref="oc-14b"/>
      </symbol>
      <symbol id="sm-37d">
         <name>_InitSciGpio</name>
         <value>0x9a53</value>
         <object_component_ref idref="oc-14b"/>
      </symbol>
      <symbol id="sm-37e">
         <name>_InitSci</name>
         <value>0x9a52</value>
         <object_component_ref idref="oc-14b"/>
      </symbol>
      <symbol id="sm-39e">
         <name>_InitPll</name>
         <value>0x9642</value>
         <object_component_ref idref="oc-14c"/>
      </symbol>
      <symbol id="sm-39f">
         <name>_DisableDog</name>
         <value>0x963a</value>
         <object_component_ref idref="oc-14c"/>
      </symbol>
      <symbol id="sm-3a0">
         <name>_InitPeripheralClocks</name>
         <value>0x9693</value>
         <object_component_ref idref="oc-14c"/>
      </symbol>
      <symbol id="sm-3a1">
         <name>_CsmUnlock</name>
         <value>0x96ee</value>
         <object_component_ref idref="oc-14c"/>
      </symbol>
      <symbol id="sm-3a2">
         <name>_ServiceDog</name>
         <value>0x9630</value>
         <object_component_ref idref="oc-14c"/>
      </symbol>
      <symbol id="sm-3a3">
         <name>_InitSysCtrl</name>
         <value>0x9627</value>
         <object_component_ref idref="oc-14c"/>
      </symbol>
      <symbol id="sm-3af">
         <name>_DSP28x_usDelay</name>
         <value>0x8046</value>
         <object_component_ref idref="oc-107"/>
      </symbol>
      <symbol id="sm-3c1">
         <name>_main</name>
         <value>0x99d7</value>
         <object_component_ref idref="oc-148"/>
      </symbol>
      <symbol id="sm-3de">
         <name>_c_int00</name>
         <value>0x98a7</value>
         <object_component_ref idref="oc-4a"/>
      </symbol>
      <symbol id="sm-3df">
         <name>__stack</name>
         <value>0x400</value>
         <object_component_ref idref="oc-112"/>
      </symbol>
      <symbol id="sm-3f5">
         <name>_copy_in</name>
         <value>0x994d</value>
         <object_component_ref idref="oc-143"/>
      </symbol>
      <symbol id="sm-404">
         <name>_ppcopy</name>
         <value>0x9af2</value>
         <object_component_ref idref="oc-11d"/>
      </symbol>
      <symbol id="sm-405">
         <name>_dpcopy</name>
         <value>0x9af2</value>
         <object_component_ref idref="oc-11d"/>
      </symbol>
      <symbol id="sm-406">
         <name>_pdcopy</name>
         <value>0x9af2</value>
         <object_component_ref idref="oc-11d"/>
      </symbol>
      <symbol id="sm-407">
         <name>_ddcopy</name>
         <value>0x9af2</value>
         <object_component_ref idref="oc-11d"/>
      </symbol>
      <symbol id="sm-41c">
         <name>C$$EXIT</name>
         <value>0x9a81</value>
         <object_component_ref idref="oc-146"/>
      </symbol>
      <symbol id="sm-41d">
         <name>_exit</name>
         <value>0x9a83</value>
         <object_component_ref idref="oc-146"/>
      </symbol>
      <symbol id="sm-41e">
         <name>___TI_cleanup_ptr</name>
         <value>0xc03a</value>
         <object_component_ref idref="oc-124"/>
      </symbol>
      <symbol id="sm-41f">
         <name>___TI_enable_exit_profile_output</name>
         <value>0xc038</value>
         <object_component_ref idref="oc-124"/>
      </symbol>
      <symbol id="sm-420">
         <name>_abort</name>
         <value>0x9a81</value>
         <object_component_ref idref="oc-146"/>
      </symbol>
      <symbol id="sm-421">
         <name>___TI_dtors_ptr</name>
         <value>0xc03c</value>
         <object_component_ref idref="oc-124"/>
      </symbol>
      <symbol id="sm-42e">
         <name>__system_pre_init</name>
         <value>0x9b41</value>
         <object_component_ref idref="oc-142"/>
      </symbol>
      <symbol id="sm-43b">
         <name>__system_post_cinit</name>
         <value>0x9b43</value>
         <object_component_ref idref="oc-144"/>
      </symbol>
      <symbol id="sm-447">
         <name>U$$MOD</name>
         <value>0x9b2a</value>
         <object_component_ref idref="oc-133"/>
      </symbol>
      <symbol id="sm-448">
         <name>U$$DIV</name>
         <value>0x9b25</value>
         <object_component_ref idref="oc-133"/>
      </symbol>
      <symbol id="sm-45d">
         <name>__unlock</name>
         <value>0xc044</value>
         <object_component_ref idref="oc-158"/>
      </symbol>
      <symbol id="sm-45e">
         <name>__lock</name>
         <value>0xc03e</value>
         <object_component_ref idref="oc-149"/>
      </symbol>
      <symbol id="sm-45f">
         <name>__register_lock</name>
         <value>0x9b34</value>
         <object_component_ref idref="oc-152"/>
      </symbol>
      <symbol id="sm-460">
         <name>__nop</name>
         <value>0x9b38</value>
         <object_component_ref idref="oc-152"/>
      </symbol>
      <symbol id="sm-461">
         <name>__register_unlock</name>
         <value>0x9b30</value>
         <object_component_ref idref="oc-152"/>
      </symbol>
      <symbol id="sm-471">
         <name>__args_main</name>
         <value>0x9b0c</value>
         <object_component_ref idref="oc-145"/>
      </symbol>
   </symbol_table>
   <title>Link successful</title>
</link_info>
