<?xml version="1.0"?>
<link_info>
   <banner>TMS320C2000 Linker PC v15.12.3.LTS</banner>
   <copyright>Copyright (c) 1996-2015 Texas Instruments Incorporated</copyright>
   <link_time>0x5eb7ffab</link_time>
   <link_errors>0x0</link_errors>
   <output_file>Example32_DSP2833x_LCD9648.out</output_file>
   <entry_point>
      <name>_c_int00</name>
      <address>0xbaca</address>
   </entry_point>
   <input_file_list>
      <input_file id="fl-2">
         <path>.\APP\</path>
         <kind>object</kind>
         <file>DS18B.obj</file>
         <name>DS18B.obj</name>
      </input_file>
      <input_file id="fl-3">
         <path>.\APP\</path>
         <kind>object</kind>
         <file>body.obj</file>
         <name>body.obj</name>
      </input_file>
      <input_file id="fl-4">
         <path>.\APP\</path>
         <kind>object</kind>
         <file>duoji.obj</file>
         <name>duoji.obj</name>
      </input_file>
      <input_file id="fl-5">
         <path>.\APP\</path>
         <kind>object</kind>
         <file>menu.obj</file>
         <name>menu.obj</name>
      </input_file>
      <input_file id="fl-6">
         <path>.\APP\IICOLED\</path>
         <kind>object</kind>
         <file>oled.obj</file>
         <name>oled.obj</name>
      </input_file>
      <input_file id="fl-7">
         <path>.\APP\Public\</path>
         <kind>object</kind>
         <file>public.obj</file>
         <name>public.obj</name>
      </input_file>
      <input_file id="fl-8">
         <path>.\APP\beep\</path>
         <kind>object</kind>
         <file>beep.obj</file>
         <name>beep.obj</name>
      </input_file>
      <input_file id="fl-9">
         <path>.\APP\dc_motor\</path>
         <kind>object</kind>
         <file>dc_motor.obj</file>
         <name>dc_motor.obj</name>
      </input_file>
      <input_file id="fl-a">
         <path>.\APP\epwm\</path>
         <kind>object</kind>
         <file>epwm.obj</file>
         <name>epwm.obj</name>
      </input_file>
      <input_file id="fl-b">
         <path>.\APP\exti\</path>
         <kind>object</kind>
         <file>exti.obj</file>
         <name>exti.obj</name>
      </input_file>
      <input_file id="fl-c">
         <path>.\APP\key\</path>
         <kind>object</kind>
         <file>key.obj</file>
         <name>key.obj</name>
      </input_file>
      <input_file id="fl-d">
         <path>.\APP\lcd1602\</path>
         <kind>object</kind>
         <file>lcd1602.obj</file>
         <name>lcd1602.obj</name>
      </input_file>
      <input_file id="fl-e">
         <path>.\APP\lcd9648\</path>
         <kind>object</kind>
         <file>lcd9648.obj</file>
         <name>lcd9648.obj</name>
      </input_file>
      <input_file id="fl-f">
         <path>.\APP\leds\</path>
         <kind>object</kind>
         <file>leds.obj</file>
         <name>leds.obj</name>
      </input_file>
      <input_file id="fl-10">
         <path>.\APP\relay\</path>
         <kind>object</kind>
         <file>relay.obj</file>
         <name>relay.obj</name>
      </input_file>
      <input_file id="fl-11">
         <path>.\APP\smg\</path>
         <kind>object</kind>
         <file>smg.obj</file>
         <name>smg.obj</name>
      </input_file>
      <input_file id="fl-12">
         <path>.\APP\step_motor\</path>
         <kind>object</kind>
         <file>step_motor.obj</file>
         <name>step_motor.obj</name>
      </input_file>
      <input_file id="fl-13">
         <path>.\APP\time\</path>
         <kind>object</kind>
         <file>time.obj</file>
         <name>time.obj</name>
      </input_file>
      <input_file id="fl-14">
         <path>.\APP\uart\</path>
         <kind>object</kind>
         <file>uart.obj</file>
         <name>uart.obj</name>
      </input_file>
      <input_file id="fl-15">
         <path>.\DSP2833x_Libraries\</path>
         <kind>object</kind>
         <file>DSP2833x_ADC_cal.obj</file>
         <name>DSP2833x_ADC_cal.obj</name>
      </input_file>
      <input_file id="fl-16">
         <path>.\DSP2833x_Libraries\</path>
         <kind>object</kind>
         <file>DSP2833x_Adc.obj</file>
         <name>DSP2833x_Adc.obj</name>
      </input_file>
      <input_file id="fl-17">
         <path>.\DSP2833x_Libraries\</path>
         <kind>object</kind>
         <file>DSP2833x_CodeStartBranch.obj</file>
         <name>DSP2833x_CodeStartBranch.obj</name>
      </input_file>
      <input_file id="fl-18">
         <path>.\DSP2833x_Libraries\</path>
         <kind>object</kind>
         <file>DSP2833x_CpuTimers.obj</file>
         <name>DSP2833x_CpuTimers.obj</name>
      </input_file>
      <input_file id="fl-19">
         <path>.\DSP2833x_Libraries\</path>
         <kind>object</kind>
         <file>DSP2833x_DefaultIsr.obj</file>
         <name>DSP2833x_DefaultIsr.obj</name>
      </input_file>
      <input_file id="fl-1a">
         <path>.\DSP2833x_Libraries\</path>
         <kind>object</kind>
         <file>DSP2833x_EPwm.obj</file>
         <name>DSP2833x_EPwm.obj</name>
      </input_file>
      <input_file id="fl-1b">
         <path>.\DSP2833x_Libraries\</path>
         <kind>object</kind>
         <file>DSP2833x_GlobalVariableDefs.obj</file>
         <name>DSP2833x_GlobalVariableDefs.obj</name>
      </input_file>
      <input_file id="fl-1c">
         <path>.\DSP2833x_Libraries\</path>
         <kind>object</kind>
         <file>DSP2833x_Gpio.obj</file>
         <name>DSP2833x_Gpio.obj</name>
      </input_file>
      <input_file id="fl-1d">
         <path>.\DSP2833x_Libraries\</path>
         <kind>object</kind>
         <file>DSP2833x_MemCopy.obj</file>
         <name>DSP2833x_MemCopy.obj</name>
      </input_file>
      <input_file id="fl-1e">
         <path>.\DSP2833x_Libraries\</path>
         <kind>object</kind>
         <file>DSP2833x_PieCtrl.obj</file>
         <name>DSP2833x_PieCtrl.obj</name>
      </input_file>
      <input_file id="fl-1f">
         <path>.\DSP2833x_Libraries\</path>
         <kind>object</kind>
         <file>DSP2833x_PieVect.obj</file>
         <name>DSP2833x_PieVect.obj</name>
      </input_file>
      <input_file id="fl-20">
         <path>.\DSP2833x_Libraries\</path>
         <kind>object</kind>
         <file>DSP2833x_Sci.obj</file>
         <name>DSP2833x_Sci.obj</name>
      </input_file>
      <input_file id="fl-21">
         <path>.\DSP2833x_Libraries\</path>
         <kind>object</kind>
         <file>DSP2833x_Spi.obj</file>
         <name>DSP2833x_Spi.obj</name>
      </input_file>
      <input_file id="fl-22">
         <path>.\DSP2833x_Libraries\</path>
         <kind>object</kind>
         <file>DSP2833x_SysCtrl.obj</file>
         <name>DSP2833x_SysCtrl.obj</name>
      </input_file>
      <input_file id="fl-23">
         <path>.\DSP2833x_Libraries\</path>
         <kind>object</kind>
         <file>DSP2833x_usDelay.obj</file>
         <name>DSP2833x_usDelay.obj</name>
      </input_file>
      <input_file id="fl-24">
         <path>.\User\</path>
         <kind>object</kind>
         <file>main.obj</file>
         <name>main.obj</name>
      </input_file>
      <input_file id="fl-30">
         <path>E:\software\ti\ccsv6\tools\compiler\c2000_15.12.3.LTS\lib\</path>
         <kind>archive</kind>
         <file>rts2800_fpu32.lib</file>
         <name>atoi.obj</name>
      </input_file>
      <input_file id="fl-31">
         <path>E:\software\ti\ccsv6\tools\compiler\c2000_15.12.3.LTS\lib\</path>
         <kind>archive</kind>
         <file>rts2800_fpu32.lib</file>
         <name>boot.obj</name>
      </input_file>
      <input_file id="fl-32">
         <path>E:\software\ti\ccsv6\tools\compiler\c2000_15.12.3.LTS\lib\</path>
         <kind>archive</kind>
         <file>rts2800_fpu32.lib</file>
         <name>cpy_tbl.obj</name>
      </input_file>
      <input_file id="fl-33">
         <path>E:\software\ti\ccsv6\tools\compiler\c2000_15.12.3.LTS\lib\</path>
         <kind>archive</kind>
         <file>rts2800_fpu32.lib</file>
         <name>cpy_utils.obj</name>
      </input_file>
      <input_file id="fl-34">
         <path>E:\software\ti\ccsv6\tools\compiler\c2000_15.12.3.LTS\lib\</path>
         <kind>archive</kind>
         <file>rts2800_fpu32.lib</file>
         <name>ctype.obj</name>
      </input_file>
      <input_file id="fl-35">
         <path>E:\software\ti\ccsv6\tools\compiler\c2000_15.12.3.LTS\lib\</path>
         <kind>archive</kind>
         <file>rts2800_fpu32.lib</file>
         <name>exit.obj</name>
      </input_file>
      <input_file id="fl-36">
         <path>E:\software\ti\ccsv6\tools\compiler\c2000_15.12.3.LTS\lib\</path>
         <kind>archive</kind>
         <file>rts2800_fpu32.lib</file>
         <name>i_div.obj</name>
      </input_file>
      <input_file id="fl-37">
         <path>E:\software\ti\ccsv6\tools\compiler\c2000_15.12.3.LTS\lib\</path>
         <kind>archive</kind>
         <file>rts2800_fpu32.lib</file>
         <name>l_div.obj</name>
      </input_file>
      <input_file id="fl-38">
         <path>E:\software\ti\ccsv6\tools\compiler\c2000_15.12.3.LTS\lib\</path>
         <kind>archive</kind>
         <file>rts2800_fpu32.lib</file>
         <name>pre_init.obj</name>
      </input_file>
      <input_file id="fl-39">
         <path>E:\software\ti\ccsv6\tools\compiler\c2000_15.12.3.LTS\lib\</path>
         <kind>archive</kind>
         <file>rts2800_fpu32.lib</file>
         <name>sprintf.obj</name>
      </input_file>
      <input_file id="fl-3a">
         <path>E:\software\ti\ccsv6\tools\compiler\c2000_15.12.3.LTS\lib\</path>
         <kind>archive</kind>
         <file>rts2800_fpu32.lib</file>
         <name>startup.obj</name>
      </input_file>
      <input_file id="fl-3b">
         <path>E:\software\ti\ccsv6\tools\compiler\c2000_15.12.3.LTS\lib\</path>
         <kind>archive</kind>
         <file>rts2800_fpu32.lib</file>
         <name>strcpy.obj</name>
      </input_file>
      <input_file id="fl-3c">
         <path>E:\software\ti\ccsv6\tools\compiler\c2000_15.12.3.LTS\lib\</path>
         <kind>archive</kind>
         <file>rts2800_fpu32.lib</file>
         <name>u_div.obj</name>
      </input_file>
      <input_file id="fl-3d">
         <path>E:\software\ti\ccsv6\tools\compiler\c2000_15.12.3.LTS\lib\</path>
         <kind>archive</kind>
         <file>rts2800_fpu32.lib</file>
         <name>_lock.obj</name>
      </input_file>
      <input_file id="fl-3e">
         <path>E:\software\ti\ccsv6\tools\compiler\c2000_15.12.3.LTS\lib\</path>
         <kind>archive</kind>
         <file>rts2800_fpu32.lib</file>
         <name>_printfi.obj</name>
      </input_file>
      <input_file id="fl-3f">
         <path>E:\software\ti\ccsv6\tools\compiler\c2000_15.12.3.LTS\lib\</path>
         <kind>archive</kind>
         <file>rts2800_fpu32.lib</file>
         <name>args_main.obj</name>
      </input_file>
      <input_file id="fl-40">
         <path>E:\software\ti\ccsv6\tools\compiler\c2000_15.12.3.LTS\lib\</path>
         <kind>archive</kind>
         <file>rts2800_fpu32.lib</file>
         <name>fd_cmp.obj</name>
      </input_file>
      <input_file id="fl-41">
         <path>E:\software\ti\ccsv6\tools\compiler\c2000_15.12.3.LTS\lib\</path>
         <kind>archive</kind>
         <file>rts2800_fpu32.lib</file>
         <name>fd_div.obj</name>
      </input_file>
      <input_file id="fl-42">
         <path>E:\software\ti\ccsv6\tools\compiler\c2000_15.12.3.LTS\lib\</path>
         <kind>archive</kind>
         <file>rts2800_fpu32.lib</file>
         <name>fd_mpy.obj</name>
      </input_file>
      <input_file id="fl-43">
         <path>E:\software\ti\ccsv6\tools\compiler\c2000_15.12.3.LTS\lib\</path>
         <kind>archive</kind>
         <file>rts2800_fpu32.lib</file>
         <name>fd_neg.obj</name>
      </input_file>
      <input_file id="fl-44">
         <path>E:\software\ti\ccsv6\tools\compiler\c2000_15.12.3.LTS\lib\</path>
         <kind>archive</kind>
         <file>rts2800_fpu32.lib</file>
         <name>fd_sub.obj</name>
      </input_file>
      <input_file id="fl-45">
         <path>E:\software\ti\ccsv6\tools\compiler\c2000_15.12.3.LTS\lib\</path>
         <kind>archive</kind>
         <file>rts2800_fpu32.lib</file>
         <name>fd_toi.obj</name>
      </input_file>
      <input_file id="fl-46">
         <path>E:\software\ti\ccsv6\tools\compiler\c2000_15.12.3.LTS\lib\</path>
         <kind>archive</kind>
         <file>rts2800_fpu32.lib</file>
         <name>fd_tol.obj</name>
      </input_file>
      <input_file id="fl-47">
         <path>E:\software\ti\ccsv6\tools\compiler\c2000_15.12.3.LTS\lib\</path>
         <kind>archive</kind>
         <file>rts2800_fpu32.lib</file>
         <name>fs_tofd.obj</name>
      </input_file>
      <input_file id="fl-48">
         <path>E:\software\ti\ccsv6\tools\compiler\c2000_15.12.3.LTS\lib\</path>
         <kind>archive</kind>
         <file>rts2800_fpu32.lib</file>
         <name>i_tofd.obj</name>
      </input_file>
      <input_file id="fl-49">
         <path>E:\software\ti\ccsv6\tools\compiler\c2000_15.12.3.LTS\lib\</path>
         <kind>archive</kind>
         <file>rts2800_fpu32.lib</file>
         <name>l_tofd.obj</name>
      </input_file>
      <input_file id="fl-4a">
         <path>E:\software\ti\ccsv6\tools\compiler\c2000_15.12.3.LTS\lib\</path>
         <kind>archive</kind>
         <file>rts2800_fpu32.lib</file>
         <name>ll_aox.obj</name>
      </input_file>
      <input_file id="fl-4b">
         <path>E:\software\ti\ccsv6\tools\compiler\c2000_15.12.3.LTS\lib\</path>
         <kind>archive</kind>
         <file>rts2800_fpu32.lib</file>
         <name>ll_cmp.obj</name>
      </input_file>
      <input_file id="fl-4c">
         <path>E:\software\ti\ccsv6\tools\compiler\c2000_15.12.3.LTS\lib\</path>
         <kind>archive</kind>
         <file>rts2800_fpu32.lib</file>
         <name>ll_div.obj</name>
      </input_file>
      <input_file id="fl-4d">
         <path>E:\software\ti\ccsv6\tools\compiler\c2000_15.12.3.LTS\lib\</path>
         <kind>archive</kind>
         <file>rts2800_fpu32.lib</file>
         <name>ltoa.obj</name>
      </input_file>
      <input_file id="fl-4e">
         <path>E:\software\ti\ccsv6\tools\compiler\c2000_15.12.3.LTS\lib\</path>
         <kind>archive</kind>
         <file>rts2800_fpu32.lib</file>
         <name>memccpy.obj</name>
      </input_file>
      <input_file id="fl-4f">
         <path>E:\software\ti\ccsv6\tools\compiler\c2000_15.12.3.LTS\lib\</path>
         <kind>archive</kind>
         <file>rts2800_fpu32.lib</file>
         <name>memcpy.obj</name>
      </input_file>
      <input_file id="fl-50">
         <path>E:\software\ti\ccsv6\tools\compiler\c2000_15.12.3.LTS\lib\</path>
         <kind>archive</kind>
         <file>rts2800_fpu32.lib</file>
         <name>memset.obj</name>
      </input_file>
      <input_file id="fl-51">
         <path>E:\software\ti\ccsv6\tools\compiler\c2000_15.12.3.LTS\lib\</path>
         <kind>archive</kind>
         <file>rts2800_fpu32.lib</file>
         <name>s_frexp.obj</name>
      </input_file>
      <input_file id="fl-52">
         <path>E:\software\ti\ccsv6\tools\compiler\c2000_15.12.3.LTS\lib\</path>
         <kind>archive</kind>
         <file>rts2800_fpu32.lib</file>
         <name>s_scalbn.obj</name>
      </input_file>
      <input_file id="fl-53">
         <path>E:\software\ti\ccsv6\tools\compiler\c2000_15.12.3.LTS\lib\</path>
         <kind>archive</kind>
         <file>rts2800_fpu32.lib</file>
         <name>strchr.obj</name>
      </input_file>
      <input_file id="fl-54">
         <path>E:\software\ti\ccsv6\tools\compiler\c2000_15.12.3.LTS\lib\</path>
         <kind>archive</kind>
         <file>rts2800_fpu32.lib</file>
         <name>strlen.obj</name>
      </input_file>
      <input_file id="fl-55">
         <path>E:\software\ti\ccsv6\tools\compiler\c2000_15.12.3.LTS\lib\</path>
         <kind>archive</kind>
         <file>rts2800_fpu32.lib</file>
         <name>errno.obj</name>
      </input_file>
      <input_file id="fl-56">
         <path>E:\software\ti\ccsv6\tools\compiler\c2000_15.12.3.LTS\lib\</path>
         <kind>archive</kind>
         <file>rts2800_fpu32.lib</file>
         <name>fd_add.obj</name>
      </input_file>
      <input_file id="fl-57">
         <path>E:\software\ti\ccsv6\tools\compiler\c2000_15.12.3.LTS\lib\</path>
         <kind>archive</kind>
         <file>rts2800_fpu32.lib</file>
         <name>s_copysign.obj</name>
      </input_file>
   </input_file_list>
   <object_component_list>
      <object_component id="oc-ca">
         <name>codestart</name>
         <load_address>0x0</load_address>
         <run_address>0x0</run_address>
         <size>0x2</size>
         <input_file_ref idref="fl-17"/>
      </object_component>
      <object_component id="oc-136">
         <name>ramfuncs</name>
         <load_address>0x8254</load_address>
         <run_address>0x8254</run_address>
         <size>0x4</size>
         <input_file_ref idref="fl-23"/>
      </object_component>
      <object_component id="oc-221">
         <name>.text</name>
         <load_address>0x9000</load_address>
         <run_address>0x9000</run_address>
         <size>0xbd9</size>
         <input_file_ref idref="fl-3e"/>
      </object_component>
      <object_component id="oc-22b">
         <name>.text</name>
         <load_address>0x9bd9</load_address>
         <run_address>0x9bd9</run_address>
         <size>0x63a</size>
         <input_file_ref idref="fl-6"/>
      </object_component>
      <object_component id="oc-22c">
         <name>.text</name>
         <load_address>0xa213</load_address>
         <run_address>0xa213</run_address>
         <size>0x373</size>
         <input_file_ref idref="fl-5"/>
      </object_component>
      <object_component id="oc-d6">
         <name>.text:retain</name>
         <load_address>0xa586</load_address>
         <run_address>0xa586</run_address>
         <size>0x323</size>
         <input_file_ref idref="fl-19"/>
      </object_component>
      <object_component id="oc-b9">
         <name>.text:retain</name>
         <load_address>0xa8a9</load_address>
         <run_address>0xa8a9</run_address>
         <size>0x1e1</size>
         <input_file_ref idref="fl-14"/>
      </object_component>
      <object_component id="oc-22d">
         <name>.text</name>
         <load_address>0xaa8a</load_address>
         <run_address>0xaa8a</run_address>
         <size>0x1c3</size>
         <input_file_ref idref="fl-e"/>
      </object_component>
      <object_component id="oc-227">
         <name>.text</name>
         <load_address>0xac4d</load_address>
         <run_address>0xac4d</run_address>
         <size>0x1bc</size>
         <input_file_ref idref="fl-11"/>
      </object_component>
      <object_component id="oc-229">
         <name>.text</name>
         <load_address>0xae09</load_address>
         <run_address>0xae09</run_address>
         <size>0x199</size>
         <input_file_ref idref="fl-c"/>
      </object_component>
      <object_component id="oc-b1">
         <name>.text:retain</name>
         <load_address>0xafa2</load_address>
         <run_address>0xafa2</run_address>
         <size>0x174</size>
         <input_file_ref idref="fl-13"/>
      </object_component>
      <object_component id="oc-1d1">
         <name>.text</name>
         <load_address>0xb116</load_address>
         <run_address>0xb116</run_address>
         <size>0x107</size>
         <input_file_ref idref="fl-4c"/>
      </object_component>
      <object_component id="oc-223">
         <name>.text</name>
         <load_address>0xb21d</load_address>
         <run_address>0xb21d</run_address>
         <size>0xf8</size>
         <input_file_ref idref="fl-22"/>
      </object_component>
      <object_component id="oc-214">
         <name>.text</name>
         <load_address>0xb315</load_address>
         <run_address>0xb315</run_address>
         <size>0xf3</size>
         <input_file_ref idref="fl-2"/>
      </object_component>
      <object_component id="oc-21a">
         <name>.text</name>
         <load_address>0xb408</load_address>
         <run_address>0xb408</run_address>
         <size>0xd2</size>
         <input_file_ref idref="fl-24"/>
      </object_component>
      <object_component id="oc-233">
         <name>.text</name>
         <load_address>0xb4da</load_address>
         <run_address>0xb4da</run_address>
         <size>0xbc</size>
         <input_file_ref idref="fl-52"/>
      </object_component>
      <object_component id="oc-21e">
         <name>.text</name>
         <load_address>0xb596</load_address>
         <run_address>0xb596</run_address>
         <size>0xaa</size>
         <input_file_ref idref="fl-1a"/>
      </object_component>
      <object_component id="oc-228">
         <name>.text</name>
         <load_address>0xb640</load_address>
         <run_address>0xb640</run_address>
         <size>0xa6</size>
         <input_file_ref idref="fl-13"/>
      </object_component>
      <object_component id="oc-204">
         <name>.text</name>
         <load_address>0xb6e6</load_address>
         <run_address>0xb6e6</run_address>
         <size>0x9c</size>
         <input_file_ref idref="fl-56"/>
      </object_component>
      <object_component id="oc-19a">
         <name>.text</name>
         <load_address>0xb782</load_address>
         <run_address>0xb782</run_address>
         <size>0x8b</size>
         <input_file_ref idref="fl-41"/>
      </object_component>
      <object_component id="oc-216">
         <name>.text</name>
         <load_address>0xb80d</load_address>
         <run_address>0xb80d</run_address>
         <size>0x86</size>
         <input_file_ref idref="fl-14"/>
      </object_component>
      <object_component id="oc-19f">
         <name>.text</name>
         <load_address>0xb893</load_address>
         <run_address>0xb893</run_address>
         <size>0x83</size>
         <input_file_ref idref="fl-42"/>
      </object_component>
      <object_component id="oc-238">
         <name>.text</name>
         <load_address>0xb916</load_address>
         <run_address>0xb916</run_address>
         <size>0x7b</size>
         <input_file_ref idref="fl-18"/>
      </object_component>
      <object_component id="oc-215">
         <name>.text</name>
         <load_address>0xb991</load_address>
         <run_address>0xb991</run_address>
         <size>0x79</size>
         <input_file_ref idref="fl-9"/>
      </object_component>
      <object_component id="oc-21d">
         <name>.text</name>
         <load_address>0xba0a</load_address>
         <run_address>0xba0a</run_address>
         <size>0x65</size>
         <input_file_ref idref="fl-a"/>
      </object_component>
      <object_component id="oc-232">
         <name>.text</name>
         <load_address>0xba6f</load_address>
         <run_address>0xba6f</run_address>
         <size>0x5b</size>
         <input_file_ref idref="fl-51"/>
      </object_component>
      <object_component id="oc-4a">
         <name>.text</name>
         <load_address>0xbaca</load_address>
         <run_address>0xbaca</run_address>
         <size>0x56</size>
         <input_file_ref idref="fl-31"/>
      </object_component>
      <object_component id="oc-21f">
         <name>.text</name>
         <load_address>0xbb20</load_address>
         <run_address>0xbb20</run_address>
         <size>0x46</size>
         <input_file_ref idref="fl-20"/>
      </object_component>
      <object_component id="oc-20f">
         <name>.text</name>
         <load_address>0xbb66</load_address>
         <run_address>0xbb66</run_address>
         <size>0x46</size>
         <input_file_ref idref="fl-32"/>
      </object_component>
      <object_component id="oc-226">
         <name>.text</name>
         <load_address>0xbbac</load_address>
         <run_address>0xbbac</run_address>
         <size>0x44</size>
         <input_file_ref idref="fl-f"/>
      </object_component>
      <object_component id="oc-82">
         <name>.text:retain</name>
         <load_address>0xbbf0</load_address>
         <run_address>0xbbf0</run_address>
         <size>0x39</size>
         <input_file_ref idref="fl-b"/>
      </object_component>
      <object_component id="oc-218">
         <name>.text</name>
         <load_address>0xbc29</load_address>
         <run_address>0xbc29</run_address>
         <size>0x32</size>
         <input_file_ref idref="fl-39"/>
      </object_component>
      <object_component id="oc-217">
         <name>.text</name>
         <load_address>0xbc5b</load_address>
         <run_address>0xbc5b</run_address>
         <size>0x31</size>
         <input_file_ref idref="fl-30"/>
      </object_component>
      <object_component id="oc-231">
         <name>.text</name>
         <load_address>0xbc8c</load_address>
         <run_address>0xbc8c</run_address>
         <size>0x2e</size>
         <input_file_ref idref="fl-4d"/>
      </object_component>
      <object_component id="oc-195">
         <name>.text</name>
         <load_address>0xbcba</load_address>
         <run_address>0xbcba</run_address>
         <size>0x2a</size>
         <input_file_ref idref="fl-40"/>
      </object_component>
      <object_component id="oc-166">
         <name>.text</name>
         <load_address>0xbce4</load_address>
         <run_address>0xbce4</run_address>
         <size>0x2a</size>
         <input_file_ref idref="fl-37"/>
      </object_component>
      <object_component id="oc-212">
         <name>.text</name>
         <load_address>0xbd0e</load_address>
         <run_address>0xbd0e</run_address>
         <size>0x29</size>
         <input_file_ref idref="fl-35"/>
      </object_component>
      <object_component id="oc-224">
         <name>.text</name>
         <load_address>0xbd37</load_address>
         <run_address>0xbd37</run_address>
         <size>0x28</size>
         <input_file_ref idref="fl-1e"/>
      </object_component>
      <object_component id="oc-213">
         <name>.text</name>
         <load_address>0xbd5f</load_address>
         <run_address>0xbd5f</run_address>
         <size>0x28</size>
         <input_file_ref idref="fl-4"/>
      </object_component>
      <object_component id="oc-161">
         <name>.text</name>
         <load_address>0xbd87</load_address>
         <run_address>0xbd87</run_address>
         <size>0x22</size>
         <input_file_ref idref="fl-36"/>
      </object_component>
      <object_component id="oc-23f">
         <name>.text</name>
         <load_address>0xbda9</load_address>
         <run_address>0xbda9</run_address>
         <size>0x22</size>
         <input_file_ref idref="fl-57"/>
      </object_component>
      <object_component id="oc-1ae">
         <name>.text</name>
         <load_address>0xbdcb</load_address>
         <run_address>0xbdcb</run_address>
         <size>0x21</size>
         <input_file_ref idref="fl-45"/>
      </object_component>
      <object_component id="oc-225">
         <name>.text</name>
         <load_address>0xbdec</load_address>
         <run_address>0xbdec</run_address>
         <size>0x20</size>
         <input_file_ref idref="fl-1f"/>
      </object_component>
      <object_component id="oc-239">
         <name>.text</name>
         <load_address>0xbe0c</load_address>
         <run_address>0xbe0c</run_address>
         <size>0x20</size>
         <input_file_ref idref="fl-7"/>
      </object_component>
      <object_component id="oc-1b3">
         <name>.text</name>
         <load_address>0xbe2c</load_address>
         <run_address>0xbe2c</run_address>
         <size>0x1f</size>
         <input_file_ref idref="fl-46"/>
      </object_component>
      <object_component id="oc-1cc">
         <name>.text</name>
         <load_address>0xbe4b</load_address>
         <run_address>0xbe4b</run_address>
         <size>0x1e</size>
         <input_file_ref idref="fl-4b"/>
      </object_component>
      <object_component id="oc-222">
         <name>.text</name>
         <load_address>0xbe69</load_address>
         <run_address>0xbe69</run_address>
         <size>0x1e</size>
         <input_file_ref idref="fl-4f"/>
      </object_component>
      <object_component id="oc-1bd">
         <name>.text</name>
         <load_address>0xbe87</load_address>
         <run_address>0xbe87</run_address>
         <size>0x1d</size>
         <input_file_ref idref="fl-48"/>
      </object_component>
      <object_component id="oc-1b8">
         <name>.text</name>
         <load_address>0xbea4</load_address>
         <run_address>0xbea4</run_address>
         <size>0x1c</size>
         <input_file_ref idref="fl-47"/>
      </object_component>
      <object_component id="oc-1c2">
         <name>.text</name>
         <load_address>0xbec0</load_address>
         <run_address>0xbec0</run_address>
         <size>0x1c</size>
         <input_file_ref idref="fl-49"/>
      </object_component>
      <object_component id="oc-153">
         <name>.text</name>
         <load_address>0xbedc</load_address>
         <run_address>0xbedc</run_address>
         <size>0x1a</size>
         <input_file_ref idref="fl-33"/>
      </object_component>
      <object_component id="oc-211">
         <name>.text</name>
         <load_address>0xbef6</load_address>
         <run_address>0xbef6</run_address>
         <size>0x19</size>
         <input_file_ref idref="fl-3f"/>
      </object_component>
      <object_component id="oc-1c7">
         <name>.text</name>
         <load_address>0xbf0f</load_address>
         <run_address>0xbf0f</run_address>
         <size>0x18</size>
         <input_file_ref idref="fl-4a"/>
      </object_component>
      <object_component id="oc-1a9">
         <name>.text</name>
         <load_address>0xbf27</load_address>
         <run_address>0xbf27</run_address>
         <size>0xe</size>
         <input_file_ref idref="fl-44"/>
      </object_component>
      <object_component id="oc-236">
         <name>.text</name>
         <load_address>0xbf35</load_address>
         <run_address>0xbf35</run_address>
         <size>0xd</size>
         <input_file_ref idref="fl-4e"/>
      </object_component>
      <object_component id="oc-235">
         <name>.text</name>
         <load_address>0xbf42</load_address>
         <run_address>0xbf42</run_address>
         <size>0xc</size>
         <input_file_ref idref="fl-50"/>
      </object_component>
      <object_component id="oc-234">
         <name>.text</name>
         <load_address>0xbf4e</load_address>
         <run_address>0xbf4e</run_address>
         <size>0xc</size>
         <input_file_ref idref="fl-53"/>
      </object_component>
      <object_component id="oc-17f">
         <name>.text</name>
         <load_address>0xbf5a</load_address>
         <run_address>0xbf5a</run_address>
         <size>0xb</size>
         <input_file_ref idref="fl-3c"/>
      </object_component>
      <object_component id="oc-22a">
         <name>.text</name>
         <load_address>0xbf65</load_address>
         <run_address>0xbf65</run_address>
         <size>0x9</size>
         <input_file_ref idref="fl-3"/>
      </object_component>
      <object_component id="oc-22e">
         <name>.text</name>
         <load_address>0xbf6e</load_address>
         <run_address>0xbf6e</run_address>
         <size>0x9</size>
         <input_file_ref idref="fl-3d"/>
      </object_component>
      <object_component id="oc-1a4">
         <name>.text</name>
         <load_address>0xbf77</load_address>
         <run_address>0xbf77</run_address>
         <size>0x9</size>
         <input_file_ref idref="fl-43"/>
      </object_component>
      <object_component id="oc-c9">
         <name>.text</name>
         <load_address>0xbf80</load_address>
         <run_address>0xbf80</run_address>
         <size>0x8</size>
         <input_file_ref idref="fl-17"/>
      </object_component>
      <object_component id="oc-230">
         <name>.text</name>
         <load_address>0xbf88</load_address>
         <run_address>0xbf88</run_address>
         <size>0x8</size>
         <input_file_ref idref="fl-54"/>
      </object_component>
      <object_component id="oc-219">
         <name>.text</name>
         <load_address>0xbf90</load_address>
         <run_address>0xbf90</run_address>
         <size>0x5</size>
         <input_file_ref idref="fl-3b"/>
      </object_component>
      <object_component id="oc-20e">
         <name>.text</name>
         <load_address>0xbf95</load_address>
         <run_address>0xbf95</run_address>
         <size>0x2</size>
         <input_file_ref idref="fl-38"/>
      </object_component>
      <object_component id="oc-210">
         <name>.text</name>
         <load_address>0xbf97</load_address>
         <run_address>0xbf97</run_address>
         <size>0x1</size>
         <input_file_ref idref="fl-3a"/>
      </object_component>
      <object_component id="oc-63">
         <name>.cinit</name>
         <load_address>0x8000</load_address>
         <run_address>0x8000</run_address>
         <size>0x1b3</size>
         <input_file_ref idref="fl-6"/>
      </object_component>
      <object_component id="oc-af">
         <name>.cinit</name>
         <load_address>0x81b3</load_address>
         <run_address>0x81b3</run_address>
         <size>0x25</size>
         <input_file_ref idref="fl-13"/>
      </object_component>
      <object_component id="oc-5b">
         <name>.cinit</name>
         <load_address>0x81d8</load_address>
         <run_address>0x81d8</run_address>
         <size>0x18</size>
         <input_file_ref idref="fl-5"/>
      </object_component>
      <object_component id="oc-13c">
         <name>.cinit</name>
         <load_address>0x81f0</load_address>
         <run_address>0x81f0</run_address>
         <size>0x13</size>
         <input_file_ref idref="fl-24"/>
      </object_component>
      <object_component id="oc-a3">
         <name>.cinit</name>
         <load_address>0x8203</load_address>
         <run_address>0x8203</run_address>
         <size>0x13</size>
         <input_file_ref idref="fl-11"/>
      </object_component>
      <object_component id="oc-88">
         <name>.cinit</name>
         <load_address>0x8216</load_address>
         <run_address>0x8216</run_address>
         <size>0x10</size>
         <input_file_ref idref="fl-c"/>
      </object_component>
      <object_component id="oc-15b">
         <name>.cinit</name>
         <load_address>0x8226</load_address>
         <run_address>0x8226</run_address>
         <size>0xe</size>
         <input_file_ref idref="fl-35"/>
      </object_component>
      <object_component id="oc-75">
         <name>.cinit</name>
         <load_address>0x8234</load_address>
         <run_address>0x8234</run_address>
         <size>0x8</size>
         <input_file_ref idref="fl-9"/>
      </object_component>
      <object_component id="oc-b7">
         <name>.cinit</name>
         <load_address>0x823c</load_address>
         <run_address>0x823c</run_address>
         <size>0x8</size>
         <input_file_ref idref="fl-14"/>
      </object_component>
      <object_component id="oc-21c">
         <name>.cinit:__lock</name>
         <load_address>0x8244</load_address>
         <run_address>0x8244</run_address>
         <size>0x5</size>
         <input_file_ref idref="fl-3d"/>
      </object_component>
      <object_component id="oc-22f">
         <name>.cinit:__unlock</name>
         <load_address>0x8249</load_address>
         <run_address>0x8249</run_address>
         <size>0x5</size>
         <input_file_ref idref="fl-3d"/>
      </object_component>
      <object_component id="oc-201">
         <name>.cinit</name>
         <load_address>0x824e</load_address>
         <run_address>0x824e</run_address>
         <size>0x4</size>
         <input_file_ref idref="fl-55"/>
      </object_component>
      <object_component id="oc-148">
         <name>.stack</name>
         <uninitialized>true</uninitialized>
         <run_address>0x400</run_address>
         <size>0x0</size>
         <input_file_ref idref="fl-31"/>
      </object_component>
      <object_component id="oc-294">
         <name>.stack</name>
         <uninitialized>true</uninitialized>
         <run_address>0x400</run_address>
         <size>0x0</size>
      </object_component>
      <object_component id="oc-5c">
         <name>.ebss</name>
         <uninitialized>true</uninitialized>
         <run_address>0xc1fa</run_address>
         <size>0x6</size>
         <input_file_ref idref="fl-5"/>
      </object_component>
      <object_component id="oc-64">
         <name>.ebss</name>
         <uninitialized>true</uninitialized>
         <run_address>0xc000</run_address>
         <size>0x1c0</size>
         <input_file_ref idref="fl-6"/>
      </object_component>
      <object_component id="oc-76">
         <name>.ebss</name>
         <uninitialized>true</uninitialized>
         <run_address>0xc236</run_address>
         <size>0x2</size>
         <input_file_ref idref="fl-9"/>
      </object_component>
      <object_component id="oc-81">
         <name>.ebss</name>
         <uninitialized>true</uninitialized>
         <run_address>0xc238</run_address>
         <size>0x2</size>
         <input_file_ref idref="fl-b"/>
      </object_component>
      <object_component id="oc-89">
         <name>.ebss</name>
         <uninitialized>true</uninitialized>
         <run_address>0xc22e</run_address>
         <size>0x4</size>
         <input_file_ref idref="fl-c"/>
      </object_component>
      <object_component id="oc-a4">
         <name>.ebss</name>
         <uninitialized>true</uninitialized>
         <run_address>0xc200</run_address>
         <size>0x10</size>
         <input_file_ref idref="fl-11"/>
      </object_component>
      <object_component id="oc-b0">
         <name>.ebss</name>
         <uninitialized>true</uninitialized>
         <run_address>0xc210</run_address>
         <size>0xe</size>
         <input_file_ref idref="fl-13"/>
      </object_component>
      <object_component id="oc-b8">
         <name>.ebss</name>
         <uninitialized>true</uninitialized>
         <run_address>0xc1c0</run_address>
         <size>0x21</size>
         <input_file_ref idref="fl-14"/>
      </object_component>
      <object_component id="oc-d0">
         <name>.ebss</name>
         <uninitialized>true</uninitialized>
         <run_address>0xc1e2</run_address>
         <size>0x18</size>
         <input_file_ref idref="fl-18"/>
      </object_component>
      <object_component id="oc-13d">
         <name>.ebss</name>
         <uninitialized>true</uninitialized>
         <run_address>0xc21e</run_address>
         <size>0x9</size>
         <input_file_ref idref="fl-24"/>
      </object_component>
      <object_component id="oc-15c">
         <name>.ebss</name>
         <uninitialized>true</uninitialized>
         <run_address>0xc228</run_address>
         <size>0x6</size>
         <input_file_ref idref="fl-35"/>
      </object_component>
      <object_component id="oc-23e">
         <name>.ebss:__unlock</name>
         <uninitialized>true</uninitialized>
         <run_address>0xc234</run_address>
         <size>0x2</size>
         <input_file_ref idref="fl-3d"/>
      </object_component>
      <object_component id="oc-21b">
         <name>.ebss:__lock</name>
         <uninitialized>true</uninitialized>
         <run_address>0xc232</run_address>
         <size>0x2</size>
         <input_file_ref idref="fl-3d"/>
      </object_component>
      <object_component id="oc-202">
         <name>.ebss</name>
         <uninitialized>true</uninitialized>
         <run_address>0xc1e1</run_address>
         <size>0x1</size>
         <input_file_ref idref="fl-55"/>
      </object_component>
      <object_component id="oc-23d">
         <name>.econst:.string:_EN16CHAR</name>
         <load_address>0xd000</load_address>
         <run_address>0xd000</run_address>
         <size>0x5f0</size>
         <input_file_ref idref="fl-e"/>
      </object_component>
      <object_component id="oc-23a">
         <name>.econst:.string:_F8X16</name>
         <load_address>0xd5f0</load_address>
         <run_address>0xd5f0</run_address>
         <size>0x5f0</size>
         <input_file_ref idref="fl-6"/>
      </object_component>
      <object_component id="oc-23b">
         <name>.econst:_F6x8</name>
         <load_address>0xdbe0</load_address>
         <run_address>0xdbe0</run_address>
         <size>0x228</size>
         <input_file_ref idref="fl-6"/>
      </object_component>
      <object_component id="oc-ba">
         <name>.econst:.string</name>
         <load_address>0xde08</load_address>
         <run_address>0xde08</run_address>
         <size>0x181</size>
         <input_file_ref idref="fl-14"/>
      </object_component>
      <object_component id="oc-5d">
         <name>.econst:.string</name>
         <load_address>0xdf8a</load_address>
         <run_address>0xdf8a</run_address>
         <size>0x177</size>
         <input_file_ref idref="fl-5"/>
      </object_component>
      <object_component id="oc-220">
         <name>.econst:.string:__ctypes_</name>
         <load_address>0xe101</load_address>
         <run_address>0xe101</run_address>
         <size>0x101</size>
         <input_file_ref idref="fl-34"/>
      </object_component>
      <object_component id="oc-237">
         <name>.econst:_PieVectTableInit</name>
         <load_address>0xe202</load_address>
         <run_address>0xe202</run_address>
         <size>0x100</size>
         <input_file_ref idref="fl-1f"/>
      </object_component>
      <object_component id="oc-23c">
         <name>.econst:_CN16CHAR</name>
         <load_address>0xe302</load_address>
         <run_address>0xe302</run_address>
         <size>0x88</size>
         <input_file_ref idref="fl-e"/>
      </object_component>
      <object_component id="oc-13e">
         <name>.econst:.string</name>
         <load_address>0xe38a</load_address>
         <run_address>0xe38a</run_address>
         <size>0x66</size>
         <input_file_ref idref="fl-24"/>
      </object_component>
      <object_component id="oc-18b">
         <name>.econst:.string</name>
         <load_address>0xe3f0</load_address>
         <run_address>0xe3f0</run_address>
         <size>0x26</size>
         <input_file_ref idref="fl-3e"/>
      </object_component>
      <object_component id="oc-18a">
         <name>.econst</name>
         <load_address>0xe416</load_address>
         <run_address>0xe416</run_address>
         <size>0x1c</size>
         <input_file_ref idref="fl-3e"/>
      </object_component>
      <object_component id="oc-1f1">
         <name>.econst</name>
         <load_address>0xe432</load_address>
         <run_address>0xe432</run_address>
         <size>0x1c</size>
         <input_file_ref idref="fl-52"/>
      </object_component>
      <object_component id="oc-65">
         <name>.econst:.string</name>
         <load_address>0xe44e</load_address>
         <run_address>0xe44e</run_address>
         <size>0x1a</size>
         <input_file_ref idref="fl-6"/>
      </object_component>
      <object_component id="oc-1eb">
         <name>.econst</name>
         <load_address>0xe468</load_address>
         <run_address>0xe468</run_address>
         <size>0x8</size>
         <input_file_ref idref="fl-51"/>
      </object_component>
      <object_component id="oc-149">
         <name>.reset</name>
         <load_address>0x3fffc0</load_address>
         <run_address>0x3fffc0</run_address>
         <size>0x2</size>
         <input_file_ref idref="fl-31"/>
      </object_component>
      <object_component id="oc-bf">
         <name>.adc_cal</name>
         <load_address>0x380080</load_address>
         <run_address>0x380080</run_address>
         <size>0x7</size>
         <input_file_ref idref="fl-15"/>
      </object_component>
      <object_component id="oc-111">
         <name>PieVectTableFile</name>
         <uninitialized>true</uninitialized>
         <run_address>0xd00</run_address>
         <size>0x100</size>
         <input_file_ref idref="fl-1b"/>
      </object_component>
      <object_component id="oc-10d">
         <name>DevEmuRegsFile</name>
         <uninitialized>true</uninitialized>
         <run_address>0x880</run_address>
         <size>0xd0</size>
         <input_file_ref idref="fl-1b"/>
      </object_component>
      <object_component id="oc-e3">
         <name>FlashRegsFile</name>
         <uninitialized>true</uninitialized>
         <run_address>0xa80</run_address>
         <size>0x8</size>
         <input_file_ref idref="fl-1b"/>
      </object_component>
      <object_component id="oc-ed">
         <name>CsmRegsFile</name>
         <uninitialized>true</uninitialized>
         <run_address>0xae0</run_address>
         <size>0x10</size>
         <input_file_ref idref="fl-1b"/>
      </object_component>
      <object_component id="oc-ec">
         <name>AdcMirrorFile</name>
         <uninitialized>true</uninitialized>
         <run_address>0xb00</run_address>
         <size>0x10</size>
         <input_file_ref idref="fl-1b"/>
      </object_component>
      <object_component id="oc-f0">
         <name>XintfRegsFile</name>
         <uninitialized>true</uninitialized>
         <run_address>0xb20</run_address>
         <size>0x1e</size>
         <input_file_ref idref="fl-1b"/>
      </object_component>
      <object_component id="oc-e4">
         <name>CpuTimer0RegsFile</name>
         <uninitialized>true</uninitialized>
         <run_address>0xc00</run_address>
         <size>0x8</size>
         <input_file_ref idref="fl-1b"/>
      </object_component>
      <object_component id="oc-e2">
         <name>CpuTimer1RegsFile</name>
         <uninitialized>true</uninitialized>
         <run_address>0xc08</run_address>
         <size>0x8</size>
         <input_file_ref idref="fl-1b"/>
      </object_component>
      <object_component id="oc-e1">
         <name>CpuTimer2RegsFile</name>
         <uninitialized>true</uninitialized>
         <run_address>0xc10</run_address>
         <size>0x8</size>
         <input_file_ref idref="fl-1b"/>
      </object_component>
      <object_component id="oc-ee">
         <name>PieCtrlRegsFile</name>
         <uninitialized>true</uninitialized>
         <run_address>0xce0</run_address>
         <size>0x1a</size>
         <input_file_ref idref="fl-1b"/>
      </object_component>
      <object_component id="oc-10e">
         <name>DmaRegsFile</name>
         <uninitialized>true</uninitialized>
         <run_address>0x1000</run_address>
         <size>0xe0</size>
         <input_file_ref idref="fl-1b"/>
      </object_component>
      <object_component id="oc-100">
         <name>McbspaRegsFile</name>
         <uninitialized>true</uninitialized>
         <run_address>0x5000</run_address>
         <size>0x25</size>
         <input_file_ref idref="fl-1b"/>
      </object_component>
      <object_component id="oc-101">
         <name>McbspbRegsFile</name>
         <uninitialized>true</uninitialized>
         <run_address>0x5040</run_address>
         <size>0x25</size>
         <input_file_ref idref="fl-1b"/>
      </object_component>
      <object_component id="oc-104">
         <name>ECanaRegsFile</name>
         <uninitialized>true</uninitialized>
         <run_address>0x6000</run_address>
         <size>0x34</size>
         <input_file_ref idref="fl-1b"/>
      </object_component>
      <object_component id="oc-107">
         <name>ECanaLAMRegsFile</name>
         <uninitialized>true</uninitialized>
         <run_address>0x6040</run_address>
         <size>0x40</size>
         <input_file_ref idref="fl-1b"/>
      </object_component>
      <object_component id="oc-110">
         <name>ECanaMboxesFile</name>
         <uninitialized>true</uninitialized>
         <run_address>0x6100</run_address>
         <size>0x100</size>
         <input_file_ref idref="fl-1b"/>
      </object_component>
      <object_component id="oc-108">
         <name>ECanaMOTSRegsFile</name>
         <uninitialized>true</uninitialized>
         <run_address>0x6080</run_address>
         <size>0x40</size>
         <input_file_ref idref="fl-1b"/>
      </object_component>
      <object_component id="oc-105">
         <name>ECanaMOTORegsFile</name>
         <uninitialized>true</uninitialized>
         <run_address>0x60c0</run_address>
         <size>0x40</size>
         <input_file_ref idref="fl-1b"/>
      </object_component>
      <object_component id="oc-103">
         <name>ECanbRegsFile</name>
         <uninitialized>true</uninitialized>
         <run_address>0x6200</run_address>
         <size>0x34</size>
         <input_file_ref idref="fl-1b"/>
      </object_component>
      <object_component id="oc-10b">
         <name>ECanbLAMRegsFile</name>
         <uninitialized>true</uninitialized>
         <run_address>0x6240</run_address>
         <size>0x40</size>
         <input_file_ref idref="fl-1b"/>
      </object_component>
      <object_component id="oc-10f">
         <name>ECanbMboxesFile</name>
         <uninitialized>true</uninitialized>
         <run_address>0x6300</run_address>
         <size>0x100</size>
         <input_file_ref idref="fl-1b"/>
      </object_component>
      <object_component id="oc-106">
         <name>ECanbMOTSRegsFile</name>
         <uninitialized>true</uninitialized>
         <run_address>0x6280</run_address>
         <size>0x40</size>
         <input_file_ref idref="fl-1b"/>
      </object_component>
      <object_component id="oc-109">
         <name>ECanbMOTORegsFile</name>
         <uninitialized>true</uninitialized>
         <run_address>0x62c0</run_address>
         <size>0x40</size>
         <input_file_ref idref="fl-1b"/>
      </object_component>
      <object_component id="oc-fb">
         <name>EPwm1RegsFile</name>
         <uninitialized>true</uninitialized>
         <run_address>0x6800</run_address>
         <size>0x22</size>
         <input_file_ref idref="fl-1b"/>
      </object_component>
      <object_component id="oc-fa">
         <name>EPwm2RegsFile</name>
         <uninitialized>true</uninitialized>
         <run_address>0x6840</run_address>
         <size>0x22</size>
         <input_file_ref idref="fl-1b"/>
      </object_component>
      <object_component id="oc-fc">
         <name>EPwm3RegsFile</name>
         <uninitialized>true</uninitialized>
         <run_address>0x6880</run_address>
         <size>0x22</size>
         <input_file_ref idref="fl-1b"/>
      </object_component>
      <object_component id="oc-fe">
         <name>EPwm4RegsFile</name>
         <uninitialized>true</uninitialized>
         <run_address>0x68c0</run_address>
         <size>0x22</size>
         <input_file_ref idref="fl-1b"/>
      </object_component>
      <object_component id="oc-fd">
         <name>EPwm5RegsFile</name>
         <uninitialized>true</uninitialized>
         <run_address>0x6900</run_address>
         <size>0x22</size>
         <input_file_ref idref="fl-1b"/>
      </object_component>
      <object_component id="oc-ff">
         <name>EPwm6RegsFile</name>
         <uninitialized>true</uninitialized>
         <run_address>0x6940</run_address>
         <size>0x22</size>
         <input_file_ref idref="fl-1b"/>
      </object_component>
      <object_component id="oc-f7">
         <name>ECap1RegsFile</name>
         <uninitialized>true</uninitialized>
         <run_address>0x6a00</run_address>
         <size>0x20</size>
         <input_file_ref idref="fl-1b"/>
      </object_component>
      <object_component id="oc-f3">
         <name>ECap2RegsFile</name>
         <uninitialized>true</uninitialized>
         <run_address>0x6a20</run_address>
         <size>0x20</size>
         <input_file_ref idref="fl-1b"/>
      </object_component>
      <object_component id="oc-f4">
         <name>ECap3RegsFile</name>
         <uninitialized>true</uninitialized>
         <run_address>0x6a40</run_address>
         <size>0x20</size>
         <input_file_ref idref="fl-1b"/>
      </object_component>
      <object_component id="oc-f1">
         <name>ECap4RegsFile</name>
         <uninitialized>true</uninitialized>
         <run_address>0x6a60</run_address>
         <size>0x20</size>
         <input_file_ref idref="fl-1b"/>
      </object_component>
      <object_component id="oc-f2">
         <name>ECap5RegsFile</name>
         <uninitialized>true</uninitialized>
         <run_address>0x6a80</run_address>
         <size>0x20</size>
         <input_file_ref idref="fl-1b"/>
      </object_component>
      <object_component id="oc-f8">
         <name>ECap6RegsFile</name>
         <uninitialized>true</uninitialized>
         <run_address>0x6aa0</run_address>
         <size>0x20</size>
         <input_file_ref idref="fl-1b"/>
      </object_component>
      <object_component id="oc-10c">
         <name>EQep1RegsFile</name>
         <uninitialized>true</uninitialized>
         <run_address>0x6b00</run_address>
         <size>0x40</size>
         <input_file_ref idref="fl-1b"/>
      </object_component>
      <object_component id="oc-10a">
         <name>EQep2RegsFile</name>
         <uninitialized>true</uninitialized>
         <run_address>0x6b40</run_address>
         <size>0x40</size>
         <input_file_ref idref="fl-1b"/>
      </object_component>
      <object_component id="oc-102">
         <name>GpioCtrlRegsFile</name>
         <uninitialized>true</uninitialized>
         <run_address>0x6f80</run_address>
         <size>0x2e</size>
         <input_file_ref idref="fl-1b"/>
      </object_component>
      <object_component id="oc-f5">
         <name>GpioDataRegsFile</name>
         <uninitialized>true</uninitialized>
         <run_address>0x6fc0</run_address>
         <size>0x20</size>
         <input_file_ref idref="fl-1b"/>
      </object_component>
      <object_component id="oc-e6">
         <name>GpioIntRegsFile</name>
         <uninitialized>true</uninitialized>
         <run_address>0x6fe0</run_address>
         <size>0xa</size>
         <input_file_ref idref="fl-1b"/>
      </object_component>
      <object_component id="oc-f6">
         <name>SysCtrlRegsFile</name>
         <uninitialized>true</uninitialized>
         <run_address>0x7010</run_address>
         <size>0x20</size>
         <input_file_ref idref="fl-1b"/>
      </object_component>
      <object_component id="oc-e9">
         <name>SpiaRegsFile</name>
         <uninitialized>true</uninitialized>
         <run_address>0x7040</run_address>
         <size>0x10</size>
         <input_file_ref idref="fl-1b"/>
      </object_component>
      <object_component id="oc-ea">
         <name>SciaRegsFile</name>
         <uninitialized>true</uninitialized>
         <run_address>0x7050</run_address>
         <size>0x10</size>
         <input_file_ref idref="fl-1b"/>
      </object_component>
      <object_component id="oc-eb">
         <name>XIntruptRegsFile</name>
         <uninitialized>true</uninitialized>
         <run_address>0x7070</run_address>
         <size>0x10</size>
         <input_file_ref idref="fl-1b"/>
      </object_component>
      <object_component id="oc-ef">
         <name>AdcRegsFile</name>
         <uninitialized>true</uninitialized>
         <run_address>0x7100</run_address>
         <size>0x1e</size>
         <input_file_ref idref="fl-1b"/>
      </object_component>
      <object_component id="oc-e8">
         <name>ScibRegsFile</name>
         <uninitialized>true</uninitialized>
         <run_address>0x7750</run_address>
         <size>0x10</size>
         <input_file_ref idref="fl-1b"/>
      </object_component>
      <object_component id="oc-e7">
         <name>ScicRegsFile</name>
         <uninitialized>true</uninitialized>
         <run_address>0x7770</run_address>
         <size>0x10</size>
         <input_file_ref idref="fl-1b"/>
      </object_component>
      <object_component id="oc-f9">
         <name>I2caRegsFile</name>
         <uninitialized>true</uninitialized>
         <run_address>0x7900</run_address>
         <size>0x22</size>
         <input_file_ref idref="fl-1b"/>
      </object_component>
      <object_component id="oc-e5">
         <name>CsmPwlFile</name>
         <uninitialized>true</uninitialized>
         <run_address>0x33fff8</run_address>
         <size>0x8</size>
         <input_file_ref idref="fl-1b"/>
      </object_component>
      <object_component id="oc-4b">
         <name>.debug_info</name>
         <load_address>0x0</load_address>
         <run_address>0x0</run_address>
         <size>0x217a</size>
         <input_file_ref idref="fl-2"/>
      </object_component>
      <object_component id="oc-50">
         <name>.debug_info</name>
         <load_address>0x217a</load_address>
         <run_address>0x217a</run_address>
         <size>0x1bf5</size>
         <input_file_ref idref="fl-3"/>
      </object_component>
      <object_component id="oc-55">
         <name>.debug_info</name>
         <load_address>0x3d6f</load_address>
         <run_address>0x3d6f</run_address>
         <size>0x443</size>
         <input_file_ref idref="fl-4"/>
      </object_component>
      <object_component id="oc-5a">
         <name>.debug_info</name>
         <load_address>0x41b2</load_address>
         <run_address>0x41b2</run_address>
         <size>0xfab</size>
         <input_file_ref idref="fl-5"/>
      </object_component>
      <object_component id="oc-62">
         <name>.debug_info</name>
         <load_address>0x515d</load_address>
         <run_address>0x515d</run_address>
         <size>0x4c2f</size>
         <input_file_ref idref="fl-6"/>
      </object_component>
      <object_component id="oc-6a">
         <name>.debug_info</name>
         <load_address>0x9d8c</load_address>
         <run_address>0x9d8c</run_address>
         <size>0x4aa</size>
         <input_file_ref idref="fl-7"/>
      </object_component>
      <object_component id="oc-6f">
         <name>.debug_info</name>
         <load_address>0xa236</load_address>
         <run_address>0xa236</run_address>
         <size>0x2828</size>
         <input_file_ref idref="fl-8"/>
      </object_component>
      <object_component id="oc-74">
         <name>.debug_info</name>
         <load_address>0xca5e</load_address>
         <run_address>0xca5e</run_address>
         <size>0x3f23</size>
         <input_file_ref idref="fl-9"/>
      </object_component>
      <object_component id="oc-7b">
         <name>.debug_info</name>
         <load_address>0x10981</load_address>
         <run_address>0x10981</run_address>
         <size>0x2481</size>
         <input_file_ref idref="fl-a"/>
      </object_component>
      <object_component id="oc-80">
         <name>.debug_info</name>
         <load_address>0x12e02</load_address>
         <run_address>0x12e02</run_address>
         <size>0x4378</size>
         <input_file_ref idref="fl-b"/>
      </object_component>
      <object_component id="oc-87">
         <name>.debug_info</name>
         <load_address>0x1717a</load_address>
         <run_address>0x1717a</run_address>
         <size>0x29d9</size>
         <input_file_ref idref="fl-c"/>
      </object_component>
      <object_component id="oc-8e">
         <name>.debug_info</name>
         <load_address>0x19b53</load_address>
         <run_address>0x19b53</run_address>
         <size>0x2860</size>
         <input_file_ref idref="fl-d"/>
      </object_component>
      <object_component id="oc-93">
         <name>.debug_info</name>
         <load_address>0x1c3b3</load_address>
         <run_address>0x1c3b3</run_address>
         <size>0x3395</size>
         <input_file_ref idref="fl-e"/>
      </object_component>
      <object_component id="oc-98">
         <name>.debug_info</name>
         <load_address>0x1f748</load_address>
         <run_address>0x1f748</run_address>
         <size>0x287b</size>
         <input_file_ref idref="fl-f"/>
      </object_component>
      <object_component id="oc-9d">
         <name>.debug_info</name>
         <load_address>0x21fc3</load_address>
         <run_address>0x21fc3</run_address>
         <size>0x282a</size>
         <input_file_ref idref="fl-10"/>
      </object_component>
      <object_component id="oc-a2">
         <name>.debug_info</name>
         <load_address>0x247ed</load_address>
         <run_address>0x247ed</run_address>
         <size>0x2bce</size>
         <input_file_ref idref="fl-11"/>
      </object_component>
      <object_component id="oc-a9">
         <name>.debug_info</name>
         <load_address>0x273bb</load_address>
         <run_address>0x273bb</run_address>
         <size>0x2834</size>
         <input_file_ref idref="fl-12"/>
      </object_component>
      <object_component id="oc-ae">
         <name>.debug_info</name>
         <load_address>0x29bef</load_address>
         <run_address>0x29bef</run_address>
         <size>0x3ac3</size>
         <input_file_ref idref="fl-13"/>
      </object_component>
      <object_component id="oc-b6">
         <name>.debug_info</name>
         <load_address>0x2d6b2</load_address>
         <run_address>0x2d6b2</run_address>
         <size>0x297b</size>
         <input_file_ref idref="fl-14"/>
      </object_component>
      <object_component id="oc-c0">
         <name>.debug_info</name>
         <load_address>0x3002d</load_address>
         <run_address>0x3002d</run_address>
         <size>0x122</size>
         <input_file_ref idref="fl-15"/>
      </object_component>
      <object_component id="oc-c4">
         <name>.debug_info</name>
         <load_address>0x3014f</load_address>
         <run_address>0x3014f</run_address>
         <size>0x1e09</size>
         <input_file_ref idref="fl-16"/>
      </object_component>
      <object_component id="oc-cb">
         <name>.debug_info</name>
         <load_address>0x31f58</load_address>
         <run_address>0x31f58</run_address>
         <size>0x16c</size>
         <input_file_ref idref="fl-17"/>
      </object_component>
      <object_component id="oc-cf">
         <name>.debug_info</name>
         <load_address>0x320c4</load_address>
         <run_address>0x320c4</run_address>
         <size>0xa10</size>
         <input_file_ref idref="fl-18"/>
      </object_component>
      <object_component id="oc-d5">
         <name>.debug_info</name>
         <load_address>0x32ad4</load_address>
         <run_address>0x32ad4</run_address>
         <size>0x2c73</size>
         <input_file_ref idref="fl-19"/>
      </object_component>
      <object_component id="oc-db">
         <name>.debug_info</name>
         <load_address>0x35747</load_address>
         <run_address>0x35747</run_address>
         <size>0x2154</size>
         <input_file_ref idref="fl-1a"/>
      </object_component>
      <object_component id="oc-e0">
         <name>.debug_info</name>
         <load_address>0x3789b</load_address>
         <run_address>0x3789b</run_address>
         <size>0x13243</size>
         <input_file_ref idref="fl-1b"/>
      </object_component>
      <object_component id="oc-113">
         <name>.debug_info</name>
         <load_address>0x4aade</load_address>
         <run_address>0x4aade</run_address>
         <size>0x1bc2</size>
         <input_file_ref idref="fl-1c"/>
      </object_component>
      <object_component id="oc-118">
         <name>.debug_info</name>
         <load_address>0x4c6a0</load_address>
         <run_address>0x4c6a0</run_address>
         <size>0x393</size>
         <input_file_ref idref="fl-1d"/>
      </object_component>
      <object_component id="oc-11d">
         <name>.debug_info</name>
         <load_address>0x4ca33</load_address>
         <run_address>0x4ca33</run_address>
         <size>0xbb8</size>
         <input_file_ref idref="fl-1e"/>
      </object_component>
      <object_component id="oc-122">
         <name>.debug_info</name>
         <load_address>0x4d5eb</load_address>
         <run_address>0x4d5eb</run_address>
         <size>0x2304</size>
         <input_file_ref idref="fl-1f"/>
      </object_component>
      <object_component id="oc-127">
         <name>.debug_info</name>
         <load_address>0x4f8ef</load_address>
         <run_address>0x4f8ef</run_address>
         <size>0x1e58</size>
         <input_file_ref idref="fl-20"/>
      </object_component>
      <object_component id="oc-12c">
         <name>.debug_info</name>
         <load_address>0x51747</load_address>
         <run_address>0x51747</run_address>
         <size>0x1bc1</size>
         <input_file_ref idref="fl-21"/>
      </object_component>
      <object_component id="oc-131">
         <name>.debug_info</name>
         <load_address>0x53308</load_address>
         <run_address>0x53308</run_address>
         <size>0x2063</size>
         <input_file_ref idref="fl-22"/>
      </object_component>
      <object_component id="oc-137">
         <name>.debug_info</name>
         <load_address>0x5536b</load_address>
         <run_address>0x5536b</run_address>
         <size>0x122</size>
         <input_file_ref idref="fl-23"/>
      </object_component>
      <object_component id="oc-13b">
         <name>.debug_info</name>
         <load_address>0x5548d</load_address>
         <run_address>0x5548d</run_address>
         <size>0x2106</size>
         <input_file_ref idref="fl-24"/>
      </object_component>
      <object_component id="oc-143">
         <name>.debug_info</name>
         <load_address>0x57593</load_address>
         <run_address>0x57593</run_address>
         <size>0x455</size>
         <input_file_ref idref="fl-30"/>
      </object_component>
      <object_component id="oc-14a">
         <name>.debug_info</name>
         <load_address>0x579e8</load_address>
         <run_address>0x579e8</run_address>
         <size>0x16c</size>
         <input_file_ref idref="fl-31"/>
      </object_component>
      <object_component id="oc-14e">
         <name>.debug_info</name>
         <load_address>0x57b54</load_address>
         <run_address>0x57b54</run_address>
         <size>0x628</size>
         <input_file_ref idref="fl-32"/>
      </object_component>
      <object_component id="oc-154">
         <name>.debug_info</name>
         <load_address>0x5817c</load_address>
         <run_address>0x5817c</run_address>
         <size>0x113</size>
         <input_file_ref idref="fl-33"/>
      </object_component>
      <object_component id="oc-158">
         <name>.debug_info</name>
         <load_address>0x5828f</load_address>
         <run_address>0x5828f</run_address>
         <size>0x1dd</size>
         <input_file_ref idref="fl-34"/>
      </object_component>
      <object_component id="oc-15a">
         <name>.debug_info</name>
         <load_address>0x5846c</load_address>
         <run_address>0x5846c</run_address>
         <size>0x5ac</size>
         <input_file_ref idref="fl-35"/>
      </object_component>
      <object_component id="oc-162">
         <name>.debug_info</name>
         <load_address>0x58a18</load_address>
         <run_address>0x58a18</run_address>
         <size>0x13a</size>
         <input_file_ref idref="fl-36"/>
      </object_component>
      <object_component id="oc-167">
         <name>.debug_info</name>
         <load_address>0x58b52</load_address>
         <run_address>0x58b52</run_address>
         <size>0x19e</size>
         <input_file_ref idref="fl-37"/>
      </object_component>
      <object_component id="oc-16b">
         <name>.debug_info</name>
         <load_address>0x58cf0</load_address>
         <run_address>0x58cf0</run_address>
         <size>0x3e3</size>
         <input_file_ref idref="fl-38"/>
      </object_component>
      <object_component id="oc-170">
         <name>.debug_info</name>
         <load_address>0x590d3</load_address>
         <run_address>0x590d3</run_address>
         <size>0x68c</size>
         <input_file_ref idref="fl-39"/>
      </object_component>
      <object_component id="oc-175">
         <name>.debug_info</name>
         <load_address>0x5975f</load_address>
         <run_address>0x5975f</run_address>
         <size>0x3e0</size>
         <input_file_ref idref="fl-3a"/>
      </object_component>
      <object_component id="oc-17a">
         <name>.debug_info</name>
         <load_address>0x59b3f</load_address>
         <run_address>0x59b3f</run_address>
         <size>0x4f1</size>
         <input_file_ref idref="fl-3b"/>
      </object_component>
      <object_component id="oc-180">
         <name>.debug_info</name>
         <load_address>0x5a030</load_address>
         <run_address>0x5a030</run_address>
         <size>0x13a</size>
         <input_file_ref idref="fl-3c"/>
      </object_component>
      <object_component id="oc-184">
         <name>.debug_info</name>
         <load_address>0x5a16a</load_address>
         <run_address>0x5a16a</run_address>
         <size>0x502</size>
         <input_file_ref idref="fl-3d"/>
      </object_component>
      <object_component id="oc-189">
         <name>.debug_info</name>
         <load_address>0x5a66c</load_address>
         <run_address>0x5a66c</run_address>
         <size>0x2560</size>
         <input_file_ref idref="fl-3e"/>
      </object_component>
      <object_component id="oc-190">
         <name>.debug_info</name>
         <load_address>0x5cbcc</load_address>
         <run_address>0x5cbcc</run_address>
         <size>0x4cf</size>
         <input_file_ref idref="fl-3f"/>
      </object_component>
      <object_component id="oc-196">
         <name>.debug_info</name>
         <load_address>0x5d09b</load_address>
         <run_address>0x5d09b</run_address>
         <size>0x119</size>
         <input_file_ref idref="fl-40"/>
      </object_component>
      <object_component id="oc-19b">
         <name>.debug_info</name>
         <load_address>0x5d1b4</load_address>
         <run_address>0x5d1b4</run_address>
         <size>0x10d</size>
         <input_file_ref idref="fl-41"/>
      </object_component>
      <object_component id="oc-1a0">
         <name>.debug_info</name>
         <load_address>0x5d2c1</load_address>
         <run_address>0x5d2c1</run_address>
         <size>0x10d</size>
         <input_file_ref idref="fl-42"/>
      </object_component>
      <object_component id="oc-1a5">
         <name>.debug_info</name>
         <load_address>0x5d3ce</load_address>
         <run_address>0x5d3ce</run_address>
         <size>0x10d</size>
         <input_file_ref idref="fl-43"/>
      </object_component>
      <object_component id="oc-1aa">
         <name>.debug_info</name>
         <load_address>0x5d4db</load_address>
         <run_address>0x5d4db</run_address>
         <size>0x11b</size>
         <input_file_ref idref="fl-44"/>
      </object_component>
      <object_component id="oc-1af">
         <name>.debug_info</name>
         <load_address>0x5d5f6</load_address>
         <run_address>0x5d5f6</run_address>
         <size>0x10d</size>
         <input_file_ref idref="fl-45"/>
      </object_component>
      <object_component id="oc-1b4">
         <name>.debug_info</name>
         <load_address>0x5d703</load_address>
         <run_address>0x5d703</run_address>
         <size>0x10d</size>
         <input_file_ref idref="fl-46"/>
      </object_component>
      <object_component id="oc-1b9">
         <name>.debug_info</name>
         <load_address>0x5d810</load_address>
         <run_address>0x5d810</run_address>
         <size>0x113</size>
         <input_file_ref idref="fl-47"/>
      </object_component>
      <object_component id="oc-1be">
         <name>.debug_info</name>
         <load_address>0x5d923</load_address>
         <run_address>0x5d923</run_address>
         <size>0x111</size>
         <input_file_ref idref="fl-48"/>
      </object_component>
      <object_component id="oc-1c3">
         <name>.debug_info</name>
         <load_address>0x5da34</load_address>
         <run_address>0x5da34</run_address>
         <size>0x111</size>
         <input_file_ref idref="fl-49"/>
      </object_component>
      <object_component id="oc-1c8">
         <name>.debug_info</name>
         <load_address>0x5db45</load_address>
         <run_address>0x5db45</run_address>
         <size>0x16f</size>
         <input_file_ref idref="fl-4a"/>
      </object_component>
      <object_component id="oc-1cd">
         <name>.debug_info</name>
         <load_address>0x5dcb4</load_address>
         <run_address>0x5dcb4</run_address>
         <size>0x147</size>
         <input_file_ref idref="fl-4b"/>
      </object_component>
      <object_component id="oc-1d2">
         <name>.debug_info</name>
         <load_address>0x5ddfb</load_address>
         <run_address>0x5ddfb</run_address>
         <size>0x22a</size>
         <input_file_ref idref="fl-4c"/>
      </object_component>
      <object_component id="oc-1d6">
         <name>.debug_info</name>
         <load_address>0x5e025</load_address>
         <run_address>0x5e025</run_address>
         <size>0x4ef</size>
         <input_file_ref idref="fl-4d"/>
      </object_component>
      <object_component id="oc-1db">
         <name>.debug_info</name>
         <load_address>0x5e514</load_address>
         <run_address>0x5e514</run_address>
         <size>0x46e</size>
         <input_file_ref idref="fl-4e"/>
      </object_component>
      <object_component id="oc-1e0">
         <name>.debug_info</name>
         <load_address>0x5e982</load_address>
         <run_address>0x5e982</run_address>
         <size>0x470</size>
         <input_file_ref idref="fl-4f"/>
      </object_component>
      <object_component id="oc-1e5">
         <name>.debug_info</name>
         <load_address>0x5edf2</load_address>
         <run_address>0x5edf2</run_address>
         <size>0x528</size>
         <input_file_ref idref="fl-50"/>
      </object_component>
      <object_component id="oc-1ea">
         <name>.debug_info</name>
         <load_address>0x5f31a</load_address>
         <run_address>0x5f31a</run_address>
         <size>0x538</size>
         <input_file_ref idref="fl-51"/>
      </object_component>
      <object_component id="oc-1f0">
         <name>.debug_info</name>
         <load_address>0x5f852</load_address>
         <run_address>0x5f852</run_address>
         <size>0x5e3</size>
         <input_file_ref idref="fl-52"/>
      </object_component>
      <object_component id="oc-1f6">
         <name>.debug_info</name>
         <load_address>0x5fe35</load_address>
         <run_address>0x5fe35</run_address>
         <size>0x517</size>
         <input_file_ref idref="fl-53"/>
      </object_component>
      <object_component id="oc-1fb">
         <name>.debug_info</name>
         <load_address>0x6034c</load_address>
         <run_address>0x6034c</run_address>
         <size>0x4d0</size>
         <input_file_ref idref="fl-54"/>
      </object_component>
      <object_component id="oc-200">
         <name>.debug_info</name>
         <load_address>0x6081c</load_address>
         <run_address>0x6081c</run_address>
         <size>0x1bc</size>
         <input_file_ref idref="fl-55"/>
      </object_component>
      <object_component id="oc-205">
         <name>.debug_info</name>
         <load_address>0x609d8</load_address>
         <run_address>0x609d8</run_address>
         <size>0x10d</size>
         <input_file_ref idref="fl-56"/>
      </object_component>
      <object_component id="oc-209">
         <name>.debug_info</name>
         <load_address>0x60ae5</load_address>
         <run_address>0x60ae5</run_address>
         <size>0x4c5</size>
         <input_file_ref idref="fl-57"/>
      </object_component>
      <object_component id="oc-295">
         <name>.debug_info</name>
         <load_address>0x60faa</load_address>
         <run_address>0x60faa</run_address>
         <size>0xb5</size>
      </object_component>
      <object_component id="oc-4c">
         <name>.debug_frame</name>
         <load_address>0x0</load_address>
         <run_address>0x0</run_address>
         <size>0xf3</size>
         <input_file_ref idref="fl-2"/>
      </object_component>
      <object_component id="oc-51">
         <name>.debug_frame</name>
         <load_address>0xf3</load_address>
         <run_address>0xf3</run_address>
         <size>0xa1</size>
         <input_file_ref idref="fl-3"/>
      </object_component>
      <object_component id="oc-56">
         <name>.debug_frame</name>
         <load_address>0x194</load_address>
         <run_address>0x194</run_address>
         <size>0xa7</size>
         <input_file_ref idref="fl-4"/>
      </object_component>
      <object_component id="oc-5e">
         <name>.debug_frame</name>
         <load_address>0x23b</load_address>
         <run_address>0x23b</run_address>
         <size>0x16a</size>
         <input_file_ref idref="fl-5"/>
      </object_component>
      <object_component id="oc-66">
         <name>.debug_frame</name>
         <load_address>0x3a5</load_address>
         <run_address>0x3a5</run_address>
         <size>0x3ae</size>
         <input_file_ref idref="fl-6"/>
      </object_component>
      <object_component id="oc-6b">
         <name>.debug_frame</name>
         <load_address>0x753</load_address>
         <run_address>0x753</run_address>
         <size>0xc2</size>
         <input_file_ref idref="fl-7"/>
      </object_component>
      <object_component id="oc-70">
         <name>.debug_frame</name>
         <load_address>0x815</load_address>
         <run_address>0x815</run_address>
         <size>0x8c</size>
         <input_file_ref idref="fl-8"/>
      </object_component>
      <object_component id="oc-77">
         <name>.debug_frame</name>
         <load_address>0x8a1</load_address>
         <run_address>0x8a1</run_address>
         <size>0xf3</size>
         <input_file_ref idref="fl-9"/>
      </object_component>
      <object_component id="oc-7c">
         <name>.debug_frame</name>
         <load_address>0x994</load_address>
         <run_address>0x994</run_address>
[...]
         <name>_EPwm5Regs</name>
         <value>0x6900</value>
         <object_component_ref idref="oc-fd"/>
      </symbol>
      <symbol id="sm-514">
         <name>_SpiaRegs</name>
         <value>0x7040</value>
         <object_component_ref idref="oc-e9"/>
      </symbol>
      <symbol id="sm-515">
         <name>_ECanaMOTSRegs</name>
         <value>0x6080</value>
         <object_component_ref idref="oc-108"/>
      </symbol>
      <symbol id="sm-516">
         <name>_ECap6Regs</name>
         <value>0x6aa0</value>
         <object_component_ref idref="oc-f8"/>
      </symbol>
      <symbol id="sm-517">
         <name>_DmaRegs</name>
         <value>0x1000</value>
         <object_component_ref idref="oc-10e"/>
      </symbol>
      <symbol id="sm-518">
         <name>_FlashRegs</name>
         <value>0xa80</value>
         <object_component_ref idref="oc-e3"/>
      </symbol>
      <symbol id="sm-519">
         <name>_CpuTimer0Regs</name>
         <value>0xc00</value>
         <object_component_ref idref="oc-e4"/>
      </symbol>
      <symbol id="sm-51a">
         <name>_DevEmuRegs</name>
         <value>0x880</value>
         <object_component_ref idref="oc-10d"/>
      </symbol>
      <symbol id="sm-51b">
         <name>_McbspbRegs</name>
         <value>0x5040</value>
         <object_component_ref idref="oc-101"/>
      </symbol>
      <symbol id="sm-51c">
         <name>_EPwm6Regs</name>
         <value>0x6940</value>
         <object_component_ref idref="oc-ff"/>
      </symbol>
      <symbol id="sm-51d">
         <name>_SciaRegs</name>
         <value>0x7050</value>
         <object_component_ref idref="oc-ea"/>
      </symbol>
      <symbol id="sm-51e">
         <name>_GpioDataRegs</name>
         <value>0x6fc0</value>
         <object_component_ref idref="oc-f5"/>
      </symbol>
      <symbol id="sm-51f">
         <name>_CsmPwl</name>
         <value>0x33fff8</value>
         <object_component_ref idref="oc-e5"/>
      </symbol>
      <symbol id="sm-520">
         <name>_AdcRegs</name>
         <value>0x7100</value>
         <object_component_ref idref="oc-ef"/>
      </symbol>
      <symbol id="sm-521">
         <name>_XIntruptRegs</name>
         <value>0x7070</value>
         <object_component_ref idref="oc-eb"/>
      </symbol>
      <symbol id="sm-522">
         <name>_CpuTimer2Regs</name>
         <value>0xc10</value>
         <object_component_ref idref="oc-e1"/>
      </symbol>
      <symbol id="sm-523">
         <name>_PieCtrlRegs</name>
         <value>0xce0</value>
         <object_component_ref idref="oc-ee"/>
      </symbol>
      <symbol id="sm-524">
         <name>_ECanbMOTSRegs</name>
         <value>0x6280</value>
         <object_component_ref idref="oc-106"/>
      </symbol>
      <symbol id="sm-525">
         <name>_ECanaRegs</name>
         <value>0x6000</value>
         <object_component_ref idref="oc-104"/>
      </symbol>
      <symbol id="sm-526">
         <name>_AdcMirror</name>
         <value>0xb00</value>
         <object_component_ref idref="oc-ec"/>
      </symbol>
      <symbol id="sm-527">
         <name>_ECanbMboxes</name>
         <value>0x6300</value>
         <object_component_ref idref="oc-10f"/>
      </symbol>
      <symbol id="sm-528">
         <name>_XintfRegs</name>
         <value>0xb20</value>
         <object_component_ref idref="oc-f0"/>
      </symbol>
      <symbol id="sm-529">
         <name>_ScicRegs</name>
         <value>0x7770</value>
         <object_component_ref idref="oc-e7"/>
      </symbol>
      <symbol id="sm-52a">
         <name>_ECap1Regs</name>
         <value>0x6a00</value>
         <object_component_ref idref="oc-f7"/>
      </symbol>
      <symbol id="sm-52b">
         <name>_EQep1Regs</name>
         <value>0x6b00</value>
         <object_component_ref idref="oc-10c"/>
      </symbol>
      <symbol id="sm-52c">
         <name>_McbspaRegs</name>
         <value>0x5000</value>
         <object_component_ref idref="oc-100"/>
      </symbol>
      <symbol id="sm-52d">
         <name>_EPwm1Regs</name>
         <value>0x6800</value>
         <object_component_ref idref="oc-fb"/>
      </symbol>
      <symbol id="sm-52e">
         <name>_ECanbRegs</name>
         <value>0x6200</value>
         <object_component_ref idref="oc-103"/>
      </symbol>
      <symbol id="sm-52f">
         <name>_ScibRegs</name>
         <value>0x7750</value>
         <object_component_ref idref="oc-e8"/>
      </symbol>
      <symbol id="sm-530">
         <name>_ECap2Regs</name>
         <value>0x6a20</value>
         <object_component_ref idref="oc-f3"/>
      </symbol>
      <symbol id="sm-531">
         <name>_GpioIntRegs</name>
         <value>0x6fe0</value>
         <object_component_ref idref="oc-e6"/>
      </symbol>
      <symbol id="sm-532">
         <name>_EQep2Regs</name>
         <value>0x6b40</value>
         <object_component_ref idref="oc-10a"/>
      </symbol>
      <symbol id="sm-533">
         <name>_EPwm2Regs</name>
         <value>0x6840</value>
         <object_component_ref idref="oc-fa"/>
      </symbol>
      <symbol id="sm-534">
         <name>_ECanaMboxes</name>
         <value>0x6100</value>
         <object_component_ref idref="oc-110"/>
      </symbol>
      <symbol id="sm-535">
         <name>_ECap3Regs</name>
         <value>0x6a40</value>
         <object_component_ref idref="oc-f4"/>
      </symbol>
      <symbol id="sm-536">
         <name>_ECanaMOTORegs</name>
         <value>0x60c0</value>
         <object_component_ref idref="oc-105"/>
      </symbol>
      <symbol id="sm-537">
         <name>_EPwm3Regs</name>
         <value>0x6880</value>
         <object_component_ref idref="oc-fc"/>
      </symbol>
      <symbol id="sm-538">
         <name>_ECanbLAMRegs</name>
         <value>0x6240</value>
         <object_component_ref idref="oc-10b"/>
      </symbol>
      <symbol id="sm-539">
         <name>_I2caRegs</name>
         <value>0x7900</value>
         <object_component_ref idref="oc-f9"/>
      </symbol>
      <symbol id="sm-55a">
         <name>_InitPieCtrl</name>
         <value>0xbd37</value>
         <object_component_ref idref="oc-224"/>
      </symbol>
      <symbol id="sm-55b">
         <name>_EnableInterrupts</name>
         <value>0xbd56</value>
         <object_component_ref idref="oc-224"/>
      </symbol>
      <symbol id="sm-56c">
         <name>_PieVectTableInit</name>
         <value>0xe202</value>
         <object_component_ref idref="oc-237"/>
      </symbol>
      <symbol id="sm-56d">
         <name>_InitPieVectTable</name>
         <value>0xbdec</value>
         <object_component_ref idref="oc-225"/>
      </symbol>
      <symbol id="sm-57a">
         <name>_InitScicGpio</name>
         <value>0xbb50</value>
         <object_component_ref idref="oc-21f"/>
      </symbol>
      <symbol id="sm-57b">
         <name>_InitScibGpio</name>
         <value>0xbb3c</value>
         <object_component_ref idref="oc-21f"/>
      </symbol>
      <symbol id="sm-57c">
         <name>_InitSciaGpio</name>
         <value>0xbb26</value>
         <object_component_ref idref="oc-21f"/>
      </symbol>
      <symbol id="sm-57d">
         <name>_InitSciGpio</name>
         <value>0xbb21</value>
         <object_component_ref idref="oc-21f"/>
      </symbol>
      <symbol id="sm-57e">
         <name>_InitSci</name>
         <value>0xbb20</value>
         <object_component_ref idref="oc-21f"/>
      </symbol>
      <symbol id="sm-59e">
         <name>_InitPll</name>
         <value>0xb238</value>
         <object_component_ref idref="oc-223"/>
      </symbol>
      <symbol id="sm-59f">
         <name>_DisableDog</name>
         <value>0xb230</value>
         <object_component_ref idref="oc-223"/>
      </symbol>
      <symbol id="sm-5a0">
         <name>_InitPeripheralClocks</name>
         <value>0xb289</value>
         <object_component_ref idref="oc-223"/>
      </symbol>
      <symbol id="sm-5a1">
         <name>_CsmUnlock</name>
         <value>0xb2e4</value>
         <object_component_ref idref="oc-223"/>
      </symbol>
      <symbol id="sm-5a2">
         <name>_ServiceDog</name>
         <value>0xb226</value>
         <object_component_ref idref="oc-223"/>
      </symbol>
      <symbol id="sm-5a3">
         <name>_InitSysCtrl</name>
         <value>0xb21d</value>
         <object_component_ref idref="oc-223"/>
      </symbol>
      <symbol id="sm-5af">
         <name>_DSP28x_usDelay</name>
         <value>0x8254</value>
         <object_component_ref idref="oc-136"/>
      </symbol>
      <symbol id="sm-5dc">
         <name>_main</name>
         <value>0xb420</value>
         <object_component_ref idref="oc-21a"/>
      </symbol>
      <symbol id="sm-5dd">
         <name>_Step_table_ZTurn</name>
         <value>0xc21f</value>
         <object_component_ref idref="oc-13d"/>
      </symbol>
      <symbol id="sm-5de">
         <name>_key_val</name>
         <value>0xc21e</value>
         <object_component_ref idref="oc-13d"/>
      </symbol>
      <symbol id="sm-5df">
         <name>_Step_table_FTurn</name>
         <value>0xc223</value>
         <object_component_ref idref="oc-13d"/>
      </symbol>
      <symbol id="sm-5e0">
         <name>_delay2</name>
         <value>0xb408</value>
         <object_component_ref idref="oc-21a"/>
      </symbol>
      <symbol id="sm-5f7">
         <name>_atoi</name>
         <value>0xbc5b</value>
         <object_component_ref idref="oc-217"/>
      </symbol>
      <symbol id="sm-612">
         <name>_c_int00</name>
         <value>0xbaca</value>
         <object_component_ref idref="oc-4a"/>
      </symbol>
      <symbol id="sm-613">
         <name>__stack</name>
         <value>0x400</value>
         <object_component_ref idref="oc-148"/>
      </symbol>
      <symbol id="sm-629">
         <name>_copy_in</name>
         <value>0xbb66</value>
         <object_component_ref idref="oc-20f"/>
      </symbol>
      <symbol id="sm-638">
         <name>_ppcopy</name>
         <value>0xbedc</value>
         <object_component_ref idref="oc-153"/>
      </symbol>
      <symbol id="sm-639">
         <name>_dpcopy</name>
         <value>0xbedc</value>
         <object_component_ref idref="oc-153"/>
      </symbol>
      <symbol id="sm-63a">
         <name>_pdcopy</name>
         <value>0xbedc</value>
         <object_component_ref idref="oc-153"/>
      </symbol>
      <symbol id="sm-63b">
         <name>_ddcopy</name>
         <value>0xbedc</value>
         <object_component_ref idref="oc-153"/>
      </symbol>
      <symbol id="sm-644">
         <name>__ctypes_</name>
         <value>0xe101</value>
         <object_component_ref idref="oc-220"/>
      </symbol>
      <symbol id="sm-659">
         <name>C$$EXIT</name>
         <value>0xbd0e</value>
         <object_component_ref idref="oc-212"/>
      </symbol>
      <symbol id="sm-65a">
         <name>_exit</name>
         <value>0xbd10</value>
         <object_component_ref idref="oc-212"/>
      </symbol>
      <symbol id="sm-65b">
         <name>___TI_cleanup_ptr</name>
         <value>0xc22a</value>
         <object_component_ref idref="oc-15c"/>
      </symbol>
      <symbol id="sm-65c">
         <name>___TI_enable_exit_profile_output</name>
         <value>0xc228</value>
         <object_component_ref idref="oc-15c"/>
      </symbol>
      <symbol id="sm-65d">
         <name>_abort</name>
         <value>0xbd0e</value>
         <object_component_ref idref="oc-212"/>
      </symbol>
      <symbol id="sm-65e">
         <name>___TI_dtors_ptr</name>
         <value>0xc22c</value>
         <object_component_ref idref="oc-15c"/>
      </symbol>
      <symbol id="sm-66c">
         <name>I$$MOD</name>
         <value>0xbd98</value>
         <object_component_ref idref="oc-161"/>
      </symbol>
      <symbol id="sm-66d">
         <name>I$$DIV</name>
         <value>0xbd87</value>
         <object_component_ref idref="oc-161"/>
      </symbol>
      <symbol id="sm-679">
         <name>UL$$MOD</name>
         <value>0xbd08</value>
         <object_component_ref idref="oc-166"/>
      </symbol>
      <symbol id="sm-67a">
         <name>L$$MOD</name>
         <value>0xbcf3</value>
         <object_component_ref idref="oc-166"/>
      </symbol>
      <symbol id="sm-67b">
         <name>L$$DIV</name>
         <value>0xbce4</value>
         <object_component_ref idref="oc-166"/>
      </symbol>
      <symbol id="sm-67c">
         <name>UL$$DIV</name>
         <value>0xbd01</value>
         <object_component_ref idref="oc-166"/>
      </symbol>
      <symbol id="sm-689">
         <name>__system_pre_init</name>
         <value>0xbf95</value>
         <object_component_ref idref="oc-20e"/>
      </symbol>
      <symbol id="sm-698">
         <name>_sprintf</name>
         <value>0xbc29</value>
         <object_component_ref idref="oc-218"/>
      </symbol>
      <symbol id="sm-6a5">
         <name>__system_post_cinit</name>
         <value>0xbf97</value>
         <object_component_ref idref="oc-210"/>
      </symbol>
      <symbol id="sm-6b3">
         <name>_strcpy</name>
         <value>0xbf90</value>
         <object_component_ref idref="oc-219"/>
      </symbol>
      <symbol id="sm-6bf">
         <name>U$$MOD</name>
         <value>0xbf5f</value>
         <object_component_ref idref="oc-17f"/>
      </symbol>
      <symbol id="sm-6c0">
         <name>U$$DIV</name>
         <value>0xbf5a</value>
         <object_component_ref idref="oc-17f"/>
      </symbol>
      <symbol id="sm-6d5">
         <name>__unlock</name>
         <value>0xc234</value>
         <object_component_ref idref="oc-23e"/>
      </symbol>
      <symbol id="sm-6d6">
         <name>__lock</name>
         <value>0xc232</value>
         <object_component_ref idref="oc-21b"/>
      </symbol>
      <symbol id="sm-6d7">
         <name>__register_lock</name>
         <value>0xbf72</value>
         <object_component_ref idref="oc-22e"/>
      </symbol>
      <symbol id="sm-6d8">
         <name>__nop</name>
         <value>0xbf76</value>
         <object_component_ref idref="oc-22e"/>
      </symbol>
      <symbol id="sm-6d9">
         <name>__register_unlock</name>
         <value>0xbf6e</value>
         <object_component_ref idref="oc-22e"/>
      </symbol>
      <symbol id="sm-807">
         <name>___TI_printfi</name>
         <value>0x9ab4</value>
         <object_component_ref idref="oc-221"/>
      </symbol>
      <symbol id="sm-817">
         <name>__args_main</name>
         <value>0xbef6</value>
         <object_component_ref idref="oc-211"/>
      </symbol>
      <symbol id="sm-827">
         <name>FD$$CMP</name>
         <value>0xbcba</value>
         <object_component_ref idref="oc-195"/>
      </symbol>
      <symbol id="sm-83e">
         <name>FD$$DIV</name>
         <value>0xb782</value>
         <object_component_ref idref="oc-19a"/>
      </symbol>
      <symbol id="sm-850">
         <name>FD$$MPY</name>
         <value>0xb893</value>
         <object_component_ref idref="oc-19f"/>
      </symbol>
      <symbol id="sm-85d">
         <name>FD$$NEG</name>
         <value>0xbf77</value>
         <object_component_ref idref="oc-1a4"/>
      </symbol>
      <symbol id="sm-869">
         <name>FD$$SUB</name>
         <value>0xbf27</value>
         <object_component_ref idref="oc-1a9"/>
      </symbol>
      <symbol id="sm-878">
         <name>FD$$TOI</name>
         <value>0xbdcb</value>
         <object_component_ref idref="oc-1ae"/>
      </symbol>
      <symbol id="sm-887">
         <name>FD$$TOL</name>
         <value>0xbe2c</value>
         <object_component_ref idref="oc-1b3"/>
      </symbol>
      <symbol id="sm-897">
         <name>FS$$TOFD</name>
         <value>0xbea4</value>
         <object_component_ref idref="oc-1b8"/>
      </symbol>
      <symbol id="sm-8a7">
         <name>I$$TOFD</name>
         <value>0xbe87</value>
         <object_component_ref idref="oc-1bd"/>
      </symbol>
      <symbol id="sm-8b7">
         <name>L$$TOFD</name>
         <value>0xbec0</value>
         <object_component_ref idref="oc-1c2"/>
      </symbol>
      <symbol id="sm-8c3">
         <name>LL$$AND</name>
         <value>0xbf0f</value>
         <object_component_ref idref="oc-1c7"/>
      </symbol>
      <symbol id="sm-8c4">
         <name>LL$$OR</name>
         <value>0xbf17</value>
         <object_component_ref idref="oc-1c7"/>
      </symbol>
      <symbol id="sm-8c5">
         <name>LL$$XOR</name>
         <value>0xbf1f</value>
         <object_component_ref idref="oc-1c7"/>
      </symbol>
      <symbol id="sm-8d3">
         <name>ULL$$CMP</name>
         <value>0xbe5d</value>
         <object_component_ref idref="oc-1cc"/>
      </symbol>
      <symbol id="sm-8d4">
         <name>LL$$CMP</name>
         <value>0xbe4b</value>
         <object_component_ref idref="oc-1cc"/>
      </symbol>
      <symbol id="sm-900">
         <name>ULL$$MOD</name>
         <value>0xb1bb</value>
         <object_component_ref idref="oc-1d1"/>
      </symbol>
      <symbol id="sm-901">
         <name>ULL$$DIV</name>
         <value>0xb18c</value>
         <object_component_ref idref="oc-1d1"/>
      </symbol>
      <symbol id="sm-902">
         <name>LL$$MOD</name>
         <value>0xb152</value>
         <object_component_ref idref="oc-1d1"/>
      </symbol>
      <symbol id="sm-903">
         <name>LL$$DIV</name>
         <value>0xb116</value>
         <object_component_ref idref="oc-1d1"/>
      </symbol>
      <symbol id="sm-912">
         <name>_ltoa</name>
         <value>0xbc8c</value>
         <object_component_ref idref="oc-231"/>
      </symbol>
      <symbol id="sm-922">
         <name>_memccpy</name>
         <value>0xbf35</value>
         <object_component_ref idref="oc-236"/>
      </symbol>
      <symbol id="sm-934">
         <name>_memcpy</name>
         <value>0xbe69</value>
         <object_component_ref idref="oc-222"/>
      </symbol>
      <symbol id="sm-943">
         <name>_memset</name>
         <value>0xbf42</value>
         <object_component_ref idref="oc-235"/>
      </symbol>
      <symbol id="sm-957">
         <name>_frexpl</name>
         <value>0xba6f</value>
         <object_component_ref idref="oc-232"/>
      </symbol>
      <symbol id="sm-975">
         <name>_scalbnl</name>
         <value>0xb4da</value>
         <object_component_ref idref="oc-233"/>
      </symbol>
      <symbol id="sm-976">
         <name>_ldexpl</name>
         <value>0xb4da</value>
         <object_component_ref idref="oc-233"/>
      </symbol>
      <symbol id="sm-986">
         <name>_strchr</name>
         <value>0xbf4e</value>
         <object_component_ref idref="oc-234"/>
      </symbol>
      <symbol id="sm-994">
         <name>_strlen</name>
         <value>0xbf88</value>
         <object_component_ref idref="oc-230"/>
      </symbol>
      <symbol id="sm-99f">
         <name>_errno</name>
         <value>0xc1e1</value>
         <object_component_ref idref="oc-202"/>
      </symbol>
      <symbol id="sm-9ba">
         <name>FD$$ADD</name>
         <value>0xb6e6</value>
         <object_component_ref idref="oc-204"/>
      </symbol>
      <symbol id="sm-9c8">
         <name>_copysignl</name>
         <value>0xbda9</value>
         <object_component_ref idref="oc-23f"/>
      </symbol>
   </symbol_table>
   <title>Link successful</title>
</link_info>
