******************************************************************************
             TMS320C2000 Linker PC v15.12.3                    
******************************************************************************
>> Linked Sun May 10 21:20:43 2020

OUTPUT FILE NAME:   <Example32_DSP2833x_LCD9648.out>
ENTRY POINT SYMBOL: "_c_int00"  address: 0000baca


MEMORY CONFIGURATION

         name            origin    length      used     unused   attr    fill
----------------------  --------  ---------  --------  --------  ----  --------
PAGE 0:
  BEGIN                 00000000   00000002  00000002  00000000  RWIX
  RAMM0                 00000050   000003b0  00000000  000003b0  RWIX
  RAML0                 00008000   00001000  00000258  00000da8  RWIX
  RAML1                 00009000   00003000  00002f98  00000068  RWIX
  RAML3                 0000c000   00001000  00000000  00001000  RWIX
  ZONE7A                00200000   0000fc00  00000000  0000fc00  RWIX
  CSM_RSVD              0033ff80   00000076  00000000  00000076  RWIX
  CSM_PWL               0033fff8   00000008  00000000  00000008  RWIX
  ADC_CAL               00380080   00000009  00000007  00000002  RWIX
  IQTABLES              003fe000   00000b50  00000000  00000b50  RWIX
  IQTABLES2             003feb50   0000008c  00000000  0000008c  RWIX
  FPUTABLES             003febdc   000006a0  00000000  000006a0  RWIX
  BOOTROM               003ff27c   00000d44  00000000  00000d44  RWIX
  RESET                 003fffc0   00000002  00000000  00000002  RWIX

PAGE 1:
  BOOT_RSVD             00000002   0000004e  00000000  0000004e  RWIX
  RAMM1                 00000400   00000400  00000300  00000100  RWIX
  DEV_EMU               00000880   00000180  000000d0  000000b0  RWIX
  FLASH_REGS            00000a80   00000060  00000008  00000058  RWIX
  CSM                   00000ae0   00000010  00000010  00000000  RWIX
  ADC_MIRROR            00000b00   00000010  00000010  00000000  RWIX
  XINTF                 00000b20   00000020  0000001e  00000002  RWIX
  CPU_TIMER0            00000c00   00000008  00000008  00000000  RWIX
  CPU_TIMER1            00000c08   00000008  00000008  00000000  RWIX
  CPU_TIMER2            00000c10   00000008  00000008  00000000  RWIX
  PIE_CTRL              00000ce0   00000020  0000001a  00000006  RWIX
  PIE_VECT              00000d00   00000100  00000100  00000000  RWIX
  DMA                   00001000   00000200  000000e0  00000120  RWIX
  MCBSPA                00005000   00000040  00000025  0000001b  RWIX
  MCBSPB                00005040   00000040  00000025  0000001b  RWIX
  ECANA                 00006000   00000040  00000034  0000000c  RWIX
  ECANA_LAM             00006040   00000040  00000040  00000000  RWIX
  ECANA_MOTS            00006080   00000040  00000040  00000000  RWIX
  ECANA_MOTO            000060c0   00000040  00000040  00000000  RWIX
  ECANA_MBOX            00006100   00000100  00000100  00000000  RWIX
  ECANB                 00006200   00000040  00000034  0000000c  RWIX
  ECANB_LAM             00006240   00000040  00000040  00000000  RWIX
  ECANB_MOTS            00006280   00000040  00000040  00000000  RWIX
  ECANB_MOTO            000062c0   00000040  00000040  00000000  RWIX
  ECANB_MBOX            00006300   00000100  00000100  00000000  RWIX
  EPWM1                 00006800   00000022  00000022  00000000  RWIX
  EPWM2                 00006840   00000022  00000022  00000000  RWIX
  EPWM3                 00006880   00000022  00000022  00000000  RWIX
  EPWM4                 000068c0   00000022  00000022  00000000  RWIX
  EPWM5                 00006900   00000022  00000022  00000000  RWIX
  EPWM6                 00006940   00000022  00000022  00000000  RWIX
  ECAP1                 00006a00   00000020  00000020  00000000  RWIX
  ECAP2                 00006a20   00000020  00000020  00000000  RWIX
  ECAP3                 00006a40   00000020  00000020  00000000  RWIX
  ECAP4                 00006a60   00000020  00000020  00000000  RWIX
  ECAP5                 00006a80   00000020  00000020  00000000  RWIX
  ECAP6                 00006aa0   00000020  00000020  00000000  RWIX
  EQEP1                 00006b00   00000040  00000040  00000000  RWIX
  EQEP2                 00006b40   00000040  00000040  00000000  RWIX
  GPIOCTRL              00006f80   00000040  0000002e  00000012  RWIX
  GPIODAT               00006fc0   00000020  00000020  00000000  RWIX
  GPIOINT               00006fe0   00000020  0000000a  00000016  RWIX
  SYSTEM                00007010   00000020  00000020  00000000  RWIX
  SPIA                  00007040   00000010  00000010  00000000  RWIX
  SCIA                  00007050   00000010  00000010  00000000  RWIX
  XINTRUPT              00007070   00000010  00000010  00000000  RWIX
  ADC                   00007100   00000020  0000001e  00000002  RWIX
  SCIB                  00007750   00000010  00000010  00000000  RWIX
  SCIC                  00007770   00000010  00000010  00000000  RWIX
  I2CA                  00007900   00000040  00000022  0000001e  RWIX
  RAML4                 0000c000   00001000  0000023a  00000dc6  RWIX
  RAML5                 0000d000   00002000  00001470  00000b90  RWIX
  RAML6                 0000f000   00000800  00000000  00000800  RWIX
  RAML7                 0000f800   00000800  00000000  00000800  RWIX
  ZONE7B                0020fc00   00000400  00000000  00000400  RWIX
  CSM_PWL               0033fff8   00000008  00000008  00000000  RWIX


SECTION ALLOCATION MAP

 output                                  attributes/
section   page    origin      length       input sections
--------  ----  ----------  ----------   ----------------
codestart 
*          0    00000000    00000002     
                  00000000    00000002     DSP2833x_CodeStartBranch.obj (codestart)

.cinit     0    00008000    00000254     
                  00008000    000001b3     oled.obj (.cinit)
                  000081b3    00000025     time.obj (.cinit)
                  000081d8    00000018     menu.obj (.cinit)
                  000081f0    00000013     main.obj (.cinit)
                  00008203    00000013     smg.obj (.cinit)
                  00008216    00000010     key.obj (.cinit)
                  00008226    0000000e     rts2800_fpu32.lib : exit.obj (.cinit)
                  00008234    00000008     dc_motor.obj (.cinit)
                  0000823c    00000008     uart.obj (.cinit)
                  00008244    00000005     rts2800_fpu32.lib : _lock.obj (.cinit:__lock)
                  00008249    00000005                       : _lock.obj (.cinit:__unlock)
                  0000824e    00000004                       : errno.obj (.cinit)
                  00008252    00000002     --HOLE-- [fill = 0]

ramfuncs   0    00008254    00000004     
                  00008254    00000004     DSP2833x_usDelay.obj (ramfuncs)

.text      0    00009000    00002f98     
                  00009000    00000bd9     rts2800_fpu32.lib : _printfi.obj (.text)
                  00009bd9    0000063a     oled.obj (.text)
                  0000a213    00000373     menu.obj (.text)
                  0000a586    00000323     DSP2833x_DefaultIsr.obj (.text:retain)
                  0000a8a9    000001e1     uart.obj (.text:retain)
                  0000aa8a    000001c3     lcd9648.obj (.text)
                  0000ac4d    000001bc     smg.obj (.text)
                  0000ae09    00000199     key.obj (.text)
                  0000afa2    00000174     time.obj (.text:retain)
                  0000b116    00000107     rts2800_fpu32.lib : ll_div.obj (.text)
                  0000b21d    000000f8     DSP2833x_SysCtrl.obj (.text)
                  0000b315    000000f3     DS18B.obj (.text)
                  0000b408    000000d2     main.obj (.text)
                  0000b4da    000000bc     rts2800_fpu32.lib : s_scalbn.obj (.text)
                  0000b596    000000aa     DSP2833x_EPwm.obj (.text)
                  0000b640    000000a6     time.obj (.text)
                  0000b6e6    0000009c     rts2800_fpu32.lib : fd_add.obj (.text)
                  0000b782    0000008b                       : fd_div.obj (.text)
                  0000b80d    00000086     uart.obj (.text)
                  0000b893    00000083     rts2800_fpu32.lib : fd_mpy.obj (.text)
                  0000b916    0000007b     DSP2833x_CpuTimers.obj (.text)
                  0000b991    00000079     dc_motor.obj (.text)
                  0000ba0a    00000065     epwm.obj (.text)
                  0000ba6f    0000005b     rts2800_fpu32.lib : s_frexp.obj (.text)
                  0000baca    00000056                       : boot.obj (.text)
                  0000bb20    00000046     DSP2833x_Sci.obj (.text)
                  0000bb66    00000046     rts2800_fpu32.lib : cpy_tbl.obj (.text)
                  0000bbac    00000044     leds.obj (.text)
                  0000bbf0    00000039     exti.obj (.text:retain)
                  0000bc29    00000032     rts2800_fpu32.lib : sprintf.obj (.text)
                  0000bc5b    00000031                       : atoi.obj (.text)
                  0000bc8c    0000002e                       : ltoa.obj (.text)
                  0000bcba    0000002a                       : fd_cmp.obj (.text)
                  0000bce4    0000002a                       : l_div.obj (.text)
                  0000bd0e    00000029                       : exit.obj (.text)
                  0000bd37    00000028     DSP2833x_PieCtrl.obj (.text)
                  0000bd5f    00000028     duoji.obj (.text)
                  0000bd87    00000022     rts2800_fpu32.lib : i_div.obj (.text)
                  0000bda9    00000022                       : s_copysign.obj (.text)
                  0000bdcb    00000021                       : fd_toi.obj (.text)
                  0000bdec    00000020     DSP2833x_PieVect.obj (.text)
                  0000be0c    00000020     public.obj (.text)
                  0000be2c    0000001f     rts2800_fpu32.lib : fd_tol.obj (.text)
                  0000be4b    0000001e                       : ll_cmp.obj (.text)
                  0000be69    0000001e                       : memcpy.obj (.text)
                  0000be87    0000001d                       : i_tofd.obj (.text)
                  0000bea4    0000001c                       : fs_tofd.obj (.text)
                  0000bec0    0000001c                       : l_tofd.obj (.text)
                  0000bedc    0000001a                       : cpy_utils.obj (.text)
                  0000bef6    00000019                       : args_main.obj (.text)
                  0000bf0f    00000018                       : ll_aox.obj (.text)
                  0000bf27    0000000e                       : fd_sub.obj (.text)
                  0000bf35    0000000d                       : memccpy.obj (.text)
                  0000bf42    0000000c                       : memset.obj (.text)
                  0000bf4e    0000000c                       : strchr.obj (.text)
                  0000bf5a    0000000b                       : u_div.obj (.text)
                  0000bf65    00000009     body.obj (.text)
                  0000bf6e    00000009     rts2800_fpu32.lib : _lock.obj (.text)
                  0000bf77    00000009                       : fd_neg.obj (.text)
                  0000bf80    00000008     DSP2833x_CodeStartBranch.obj (.text)
                  0000bf88    00000008     rts2800_fpu32.lib : strlen.obj (.text)
                  0000bf90    00000005                       : strcpy.obj (.text)
                  0000bf95    00000002                       : pre_init.obj (.text)
                  0000bf97    00000001                       : startup.obj (.text)

.pinit     0    00008000    00000000     UNINITIALIZED

.adc_cal   0    00380080    00000007     NOLOAD SECTION
                  00380080    00000007     DSP2833x_ADC_cal.obj (.adc_cal)

.stack     1    00000400    00000300     UNINITIALIZED
                  00000400    00000300     --HOLE--

DevEmuRegsFile 
*          1    00000880    000000d0     UNINITIALIZED
                  00000880    000000d0     DSP2833x_GlobalVariableDefs.obj (DevEmuRegsFile)

FlashRegsFile 
*          1    00000a80    00000008     UNINITIALIZED
                  00000a80    00000008     DSP2833x_GlobalVariableDefs.obj (FlashRegsFile)

CsmRegsFile 
*          1    00000ae0    00000010     UNINITIALIZED
                  00000ae0    00000010     DSP2833x_GlobalVariableDefs.obj (CsmRegsFile)

AdcMirrorFile 
*          1    00000b00    00000010     UNINITIALIZED
                  00000b00    00000010     DSP2833x_GlobalVariableDefs.obj (AdcMirrorFile)

XintfRegsFile 
*          1    00000b20    0000001e     UNINITIALIZED
                  00000b20    0000001e     DSP2833x_GlobalVariableDefs.obj (XintfRegsFile)

CpuTimer0RegsFile 
*          1    00000c00    00000008     UNINITIALIZED
                  00000c00    00000008     DSP2833x_GlobalVariableDefs.obj (CpuTimer0RegsFile)

CpuTimer1RegsFile 
*          1    00000c08    00000008     UNINITIALIZED
                  00000c08    00000008     DSP2833x_GlobalVariableDefs.obj (CpuTimer1RegsFile)

CpuTimer2RegsFile 
*          1    00000c10    00000008     UNINITIALIZED
                  00000c10    00000008     DSP2833x_GlobalVariableDefs.obj (CpuTimer2RegsFile)

PieCtrlRegsFile 
*          1    00000ce0    0000001a     UNINITIALIZED
                  00000ce0    0000001a     DSP2833x_GlobalVariableDefs.obj (PieCtrlRegsFile)

PieVectTableFile 
*          1    00000d00    00000100     UNINITIALIZED
                  00000d00    00000100     DSP2833x_GlobalVariableDefs.obj (PieVectTableFile)

DmaRegsFile 
*          1    00001000    000000e0     UNINITIALIZED
                  00001000    000000e0     DSP2833x_GlobalVariableDefs.obj (DmaRegsFile)

McbspaRegsFile 
*          1    00005000    00000025     UNINITIALIZED
                  00005000    00000025     DSP2833x_GlobalVariableDefs.obj (McbspaRegsFile)

McbspbRegsFile 
*          1    00005040    00000025     UNINITIALIZED
                  00005040    00000025     DSP2833x_GlobalVariableDefs.obj (McbspbRegsFile)

ECanaRegsFile 
*          1    00006000    00000034     UNINITIALIZED
                  00006000    00000034     DSP2833x_GlobalVariableDefs.obj (ECanaRegsFile)

ECanaLAMRegsFile 
*          1    00006040    00000040     UNINITIALIZED
                  00006040    00000040     DSP2833x_GlobalVariableDefs.obj (ECanaLAMRegsFile)

ECanaMOTSRegsFile 
*          1    00006080    00000040     UNINITIALIZED
                  00006080    00000040     DSP2833x_GlobalVariableDefs.obj (ECanaMOTSRegsFile)

ECanaMOTORegsFile 
*          1    000060c0    00000040     UNINITIALIZED
                  000060c0    00000040     DSP2833x_GlobalVariableDefs.obj (ECanaMOTORegsFile)

ECanaMboxesFile 
*          1    00006100    00000100     UNINITIALIZED
                  00006100    00000100     DSP2833x_GlobalVariableDefs.obj (ECanaMboxesFile)

ECanbRegsFile 
*          1    00006200    00000034     UNINITIALIZED
                  00006200    00000034     DSP2833x_GlobalVariableDefs.obj (ECanbRegsFile)

ECanbLAMRegsFile 
*          1    00006240    00000040     UNINITIALIZED
                  00006240    00000040     DSP2833x_GlobalVariableDefs.obj (ECanbLAMRegsFile)

ECanbMOTSRegsFile 
*          1    00006280    00000040     UNINITIALIZED
                  00006280    00000040     DSP2833x_GlobalVariableDefs.obj (ECanbMOTSRegsFile)

ECanbMOTORegsFile 
*          1    000062c0    00000040     UNINITIALIZED
                  000062c0    00000040     DSP2833x_GlobalVariableDefs.obj (ECanbMOTORegsFile)

ECanbMboxesFile 
*          1    00006300    00000100     UNINITIALIZED
                  00006300    00000100     DSP2833x_GlobalVariableDefs.obj (ECanbMboxesFile)

EPwm1RegsFile 
*          1    00006800    00000022     UNINITIALIZED
                  00006800    00000022     DSP2833x_GlobalVariableDefs.obj (EPwm1RegsFile)

EPwm2RegsFile 
*          1    00006840    00000022     UNINITIALIZED
                  00006840    00000022     DSP2833x_GlobalVariableDefs.obj (EPwm2RegsFile)

EPwm3RegsFile 
*          1    00006880    00000022     UNINITIALIZED
                  00006880    00000022     DSP2833x_GlobalVariableDefs.obj (EPwm3RegsFile)

EPwm4RegsFile 
*          1    000068c0    00000022     UNINITIALIZED
                  000068c0    00000022     DSP2833x_GlobalVariableDefs.obj (EPwm4RegsFile)

EPwm5RegsFile 
*          1    00006900    00000022     UNINITIALIZED
                  00006900    00000022     DSP2833x_GlobalVariableDefs.obj (EPwm5RegsFile)

EPwm6RegsFile 
*          1    00006940    00000022     UNINITIALIZED
                  00006940    00000022     DSP2833x_GlobalVariableDefs.obj (EPwm6RegsFile)

ECap1RegsFile 
*          1    00006a00    00000020     UNINITIALIZED
                  00006a00    00000020     DSP2833x_GlobalVariableDefs.obj (ECap1RegsFile)

ECap2RegsFile 
*          1    00006a20    00000020     UNINITIALIZED
                  00006a20    00000020     DSP2833x_GlobalVariableDefs.obj (ECap2RegsFile)

ECap3RegsFile 
*          1    00006a40    00000020     UNINITIALIZED
                  00006a40    00000020     DSP2833x_GlobalVariableDefs.obj (ECap3RegsFile)

ECap4RegsFile 
*          1    00006a60    00000020     UNINITIALIZED
                  00006a60    00000020     DSP2833x_GlobalVariableDefs.obj (ECap4RegsFile)

ECap5RegsFile 
*          1    00006a80    00000020     UNINITIALIZED
                  00006a80    00000020     DSP2833x_GlobalVariableDefs.obj (ECap5RegsFile)

ECap6RegsFile 
*          1    00006aa0    00000020     UNINITIALIZED
                  00006aa0    00000020     DSP2833x_GlobalVariableDefs.obj (ECap6RegsFile)

EQep1RegsFile 
*          1    00006b00    00000040     UNINITIALIZED
                  00006b00    00000040     DSP2833x_GlobalVariableDefs.obj (EQep1RegsFile)

EQep2RegsFile 
*          1    00006b40    00000040     UNINITIALIZED
                  00006b40    00000040     DSP2833x_GlobalVariableDefs.obj (EQep2RegsFile)

GpioCtrlRegsFile 
*          1    00006f80    0000002e     UNINITIALIZED
                  00006f80    0000002e     DSP2833x_GlobalVariableDefs.obj (GpioCtrlRegsFile)

GpioDataRegsFile 
*          1    00006fc0    00000020     UNINITIALIZED
                  00006fc0    00000020     DSP2833x_GlobalVariableDefs.obj (GpioDataRegsFile)

GpioIntRegsFile 
*          1    00006fe0    0000000a     UNINITIALIZED
                  00006fe0    0000000a     DSP2833x_GlobalVariableDefs.obj (GpioIntRegsFile)

SysCtrlRegsFile 
*          1    00007010    00000020     UNINITIALIZED
                  00007010    00000020     DSP2833x_GlobalVariableDefs.obj (SysCtrlRegsFile)

SpiaRegsFile 
*          1    00007040    00000010     UNINITIALIZED
                  00007040    00000010     DSP2833x_GlobalVariableDefs.obj (SpiaRegsFile)

SciaRegsFile 
*          1    00007050    00000010     UNINITIALIZED
                  00007050    00000010     DSP2833x_GlobalVariableDefs.obj (SciaRegsFile)

XIntruptRegsFile 
*          1    00007070    00000010     UNINITIALIZED
                  00007070    00000010     DSP2833x_GlobalVariableDefs.obj (XIntruptRegsFile)

AdcRegsFile 
*          1    00007100    0000001e     UNINITIALIZED
                  00007100    0000001e     DSP2833x_GlobalVariableDefs.obj (AdcRegsFile)

ScibRegsFile 
*          1    00007750    00000010     UNINITIALIZED
                  00007750    00000010     DSP2833x_GlobalVariableDefs.obj (ScibRegsFile)

ScicRegsFile 
*          1    00007770    00000010     UNINITIALIZED
                  00007770    00000010     DSP2833x_GlobalVariableDefs.obj (ScicRegsFile)

I2caRegsFile 
*          1    00007900    00000022     UNINITIALIZED
                  00007900    00000022     DSP2833x_GlobalVariableDefs.obj (I2caRegsFile)

.ebss      1    0000c000    0000023a     UNINITIALIZED
                  0000c000    000001c0     oled.obj (.ebss)
                  0000c1c0    00000021     uart.obj (.ebss)
                  0000c1e1    00000001     rts2800_fpu32.lib : errno.obj (.ebss)
                  0000c1e2    00000018     DSP2833x_CpuTimers.obj (.ebss)
                  0000c1fa    00000006     menu.obj (.ebss)
                  0000c200    00000010     smg.obj (.ebss)
                  0000c210    0000000e     time.obj (.ebss)
                  0000c21e    00000009     main.obj (.ebss)
                  0000c227    00000001     --HOLE--
                  0000c228    00000006     rts2800_fpu32.lib : exit.obj (.ebss)
                  0000c22e    00000004     key.obj (.ebss)
                  0000c232    00000002     rts2800_fpu32.lib : _lock.obj (.ebss:__lock)
                  0000c234    00000002                       : _lock.obj (.ebss:__unlock)
                  0000c236    00000002     dc_motor.obj (.ebss)
                  0000c238    00000002     exti.obj (.ebss)

.econst    1    0000d000    00001470     
                  0000d000    000005f0     lcd9648.obj (.econst:.string:_EN16CHAR)
                  0000d5f0    000005f0     oled.obj (.econst:.string:_F8X16)
                  0000dbe0    00000228     oled.obj (.econst:_F6x8)
                  0000de08    00000181     uart.obj (.econst:.string)
                  0000df89    00000001     --HOLE-- [fill = 0]
                  0000df8a    00000177     menu.obj (.econst:.string)
                  0000e101    00000101     rts2800_fpu32.lib : ctype.obj (.econst:.string:__ctypes_)
                  0000e202    00000100     DSP2833x_PieVect.obj (.econst:_PieVectTableInit)
                  0000e302    00000088     lcd9648.obj (.econst:_CN16CHAR)
                  0000e38a    00000066     main.obj (.econst:.string)
                  0000e3f0    00000026     rts2800_fpu32.lib : _printfi.obj (.econst:.string)
                  0000e416    0000001c                       : _printfi.obj (.econst)
                  0000e432    0000001c                       : s_scalbn.obj (.econst)
                  0000e44e    0000001a     oled.obj (.econst:.string)
                  0000e468    00000008     rts2800_fpu32.lib : s_frexp.obj (.econst)

.reset     0    003fffc0    00000002     DSECT
                  003fffc0    00000002     rts2800_fpu32.lib : boot.obj (.reset)

csm_rsvd   0    0033ff80    00000000     DSECT

csmpasswds 
*          0    0033fff8    00000000     DSECT

CsmPwlFile 
*          1    0033fff8    00000008     UNINITIALIZED
                  0033fff8    00000008     DSP2833x_GlobalVariableDefs.obj (CsmPwlFile)

MODULE SUMMARY

       Module                            code    ro data   rw data
       ------                            ----    -------   -------
    .\APP\
       menu.obj                          883     0         405    
       DS18B.obj                         243     0         0      
       duoji.obj                         40      0         0      
       body.obj                          9       0         0      
    +--+---------------------------------+-------+---------+---------+
       Total:                            1175    0         405    
                                                                  
    .\APP\IICOLED\
       oled.obj                          1594    0         2981   
    +--+---------------------------------+-------+---------+---------+
       Total:                            1594    0         2981   
                                                                  
    .\APP\Public\
       public.obj                        32      0         0      
    +--+---------------------------------+-------+---------+---------+
       Total:                            32      0         0      
                                                                  
    .\APP\dc_motor\
       dc_motor.obj                      121     0         10     
    +--+---------------------------------+-------+---------+---------+
       Total:                            121     0         10     
                                                                  
    .\APP\epwm\
       epwm.obj                          101     0         0      
    +--+---------------------------------+-------+---------+---------+
       Total:                            101     0         0      
                                                                  
    .\APP\exti\
       exti.obj                          57      0         2      
    +--+---------------------------------+-------+---------+---------+
       Total:                            57      0         2      
                                                                  
    .\APP\key\
       key.obj                           409     0         20     
    +--+---------------------------------+-------+---------+---------+
       Total:                            409     0         20     
                                                                  
    .\APP\lcd9648\
       lcd9648.obj                       451     0         1656   
    +--+---------------------------------+-------+---------+---------+
       Total:                            451     0         1656   
                                                                  
    .\APP\leds\
       leds.obj                          68      0         0      
    +--+---------------------------------+-------+---------+---------+
       Total:                            68      0         0      
                                                                  
    .\APP\smg\
       smg.obj                           444     0         35     
    +--+---------------------------------+-------+---------+---------+
       Total:                            444     0         35     
                                                                  
    .\APP\time\
       time.obj                          538     0         51     
    +--+---------------------------------+-------+---------+---------+
       Total:                            538     0         51     
                                                                  
    .\APP\uart\
       uart.obj                          615     0         426    
    +--+---------------------------------+-------+---------+---------+
       Total:                            615     0         426    
                                                                  
    .\DSP2833x_Libraries\
       DSP2833x_GlobalVariableDefs.obj   0       0         2678   
       DSP2833x_DefaultIsr.obj           803     0         0      
       DSP2833x_PieVect.obj              32      0         256    
       DSP2833x_SysCtrl.obj              248     0         0      
       DSP2833x_EPwm.obj                 170     0         0      
       DSP2833x_CpuTimers.obj            123     0         24     
       DSP2833x_Sci.obj                  70      0         0      
       DSP2833x_PieCtrl.obj              40      0         0      
       DSP2833x_CodeStartBranch.obj      10      0         0      
       DSP2833x_ADC_cal.obj              7       0         0      
       DSP2833x_usDelay.obj              4       0         0      
    +--+---------------------------------+-------+---------+---------+
       Total:                            1507    0         2958   
                                                                  
    .\User\
       main.obj                          210     0         130    
    +--+---------------------------------+-------+---------+---------+
       Total:                            210     0         130    
                                                                  
    E:\software\ti\ccsv6\tools\compiler\c2000_15.12.3.LTS\lib\rts2800_fpu32.lib
       _printfi.obj                      3033    0         66     
       ll_div.obj                        263     0         0      
       ctype.obj                         0       0         257    
       s_scalbn.obj                      188     0         28     
       fd_add.obj                        156     0         0      
       fd_div.obj                        139     0         0      
       fd_mpy.obj                        131     0         0      
       s_frexp.obj                       91      0         8      
       boot.obj                          86      0         0      
       cpy_tbl.obj                       70      0         0      
       exit.obj                          41      0         20     
       sprintf.obj                       50      0         0      
       atoi.obj                          49      0         0      
       ltoa.obj                          46      0         0      
       fd_cmp.obj                        42      0         0      
       l_div.obj                         42      0         0      
       i_div.obj                         34      0         0      
       s_copysign.obj                    34      0         0      
       fd_toi.obj                        33      0         0      
       fd_tol.obj                        31      0         0      
       ll_cmp.obj                        30      0         0      
       memcpy.obj                        30      0         0      
       i_tofd.obj                        29      0         0      
       fs_tofd.obj                       28      0         0      
       l_tofd.obj                        28      0         0      
       cpy_utils.obj                     26      0         0      
       args_main.obj                     25      0         0      
       ll_aox.obj                        24      0         0      
       _lock.obj                         9       0         14     
       fd_sub.obj                        14      0         0      
       memccpy.obj                       13      0         0      
       memset.obj                        12      0         0      
       strchr.obj                        12      0         0      
       u_div.obj                         11      0         0      
       fd_neg.obj                        9       0         0      
       strlen.obj                        8       0         0      
       errno.obj                         0       0         5      
       strcpy.obj                        5       0         0      
       pre_init.obj                      2       0         0      
       startup.obj                       1       0         0      
    +--+---------------------------------+-------+---------+---------+
       Total:                            4875    0         398    
                                                                  
       Stack:                            0       0         768    
    +--+---------------------------------+-------+---------+---------+
       Grand Total:                      12197   0         9840   


GLOBAL DATA SYMBOLS: SORTED BY DATA PAGE

address     data page           name
--------    ----------------    ----
00000400      10 (00000400)     __stack

00000880      22 (00000880)     _DevEmuRegs

00000a80      2a (00000a80)     _FlashRegs

00000ae0      2b (00000ac0)     _CsmRegs

00000b00      2c (00000b00)     _AdcMirror
00000b20      2c (00000b00)     _XintfRegs

00000c00      30 (00000c00)     _CpuTimer0Regs
00000c08      30 (00000c00)     _CpuTimer1Regs
00000c10      30 (00000c00)     _CpuTimer2Regs

00000ce0      33 (00000cc0)     _PieCtrlRegs

00000d00      34 (00000d00)     _PieVectTable

00001000      40 (00001000)     _DmaRegs

00005000     140 (00005000)     _McbspaRegs

00005040     141 (00005040)     _McbspbRegs

00006000     180 (00006000)     _ECanaRegs

00006040     181 (00006040)     _ECanaLAMRegs

00006080     182 (00006080)     _ECanaMOTSRegs

000060c0     183 (000060c0)     _ECanaMOTORegs

00006100     184 (00006100)     _ECanaMboxes

00006200     188 (00006200)     _ECanbRegs

00006240     189 (00006240)     _ECanbLAMRegs

00006280     18a (00006280)     _ECanbMOTSRegs

000062c0     18b (000062c0)     _ECanbMOTORegs

00006300     18c (00006300)     _ECanbMboxes

00006800     1a0 (00006800)     _EPwm1Regs

00006840     1a1 (00006840)     _EPwm2Regs

00006880     1a2 (00006880)     _EPwm3Regs

000068c0     1a3 (000068c0)     _EPwm4Regs

00006900     1a4 (00006900)     _EPwm5Regs

00006940     1a5 (00006940)     _EPwm6Regs

00006a00     1a8 (00006a00)     _ECap1Regs
00006a20     1a8 (00006a00)     _ECap2Regs

00006a40     1a9 (00006a40)     _ECap3Regs
00006a60     1a9 (00006a40)     _ECap4Regs

00006a80     1aa (00006a80)     _ECap5Regs
00006aa0     1aa (00006a80)     _ECap6Regs

00006b00     1ac (00006b00)     _EQep1Regs

00006b40     1ad (00006b40)     _EQep2Regs

00006f80     1be (00006f80)     _GpioCtrlRegs

00006fc0     1bf (00006fc0)     _GpioDataRegs
00006fe0     1bf (00006fc0)     _GpioIntRegs

00007010     1c0 (00007000)     _SysCtrlRegs

00007040     1c1 (00007040)     _SpiaRegs
00007050     1c1 (00007040)     _SciaRegs
00007070     1c1 (00007040)     _XIntruptRegs

00007100     1c4 (00007100)     _AdcRegs

00007750     1dd (00007740)     _ScibRegs
00007770     1dd (00007740)     _ScicRegs

00007900     1e4 (00007900)     _I2caRegs

0000c000     300 (0000c000)     _Hzk

0000c1e1     307 (0000c1c0)     _errno
0000c1e2     307 (0000c1c0)     _CpuTimer1
0000c1ea     307 (0000c1c0)     _CpuTimer2
0000c1f2     307 (0000c1c0)     _CpuTimer0
0000c1fa     307 (0000c1c0)     __set_time_en
0000c1fb     307 (0000c1c0)     __auto_off
0000c1fc     307 (0000c1c0)     __set_time
0000c1fd     307 (0000c1c0)     _gear
0000c1fe     307 (0000c1c0)     __auto_gear
0000c1ff     307 (0000c1c0)     _menu

0000c200     308 (0000c200)     _smgduan
0000c210     308 (0000c200)     _temperature
0000c211     308 (0000c200)     __turn_en
0000c212     308 (0000c200)     _angle_dir
0000c214     308 (0000c200)     _pass_time
0000c216     308 (0000c200)     _angle_range
0000c21a     308 (0000c200)     _turn_count
0000c21c     308 (0000c200)     _angle
0000c21e     308 (0000c200)     _key_val
0000c21f     308 (0000c200)     _Step_table_ZTurn
0000c223     308 (0000c200)     _Step_table_FTurn
0000c228     308 (0000c200)     ___TI_enable_exit_profile_output
0000c22a     308 (0000c200)     ___TI_cleanup_ptr
0000c22c     308 (0000c200)     ___TI_dtors_ptr
0000c232     308 (0000c200)     __lock
0000c234     308 (0000c200)     __unlock
0000c236     308 (0000c200)     _pwm_stepValue
0000c237     308 (0000c200)     _Direction
0000c238     308 (0000c200)     _ov_sta

0000d000     340 (0000d000)     _EN16CHAR

0000d5f0     357 (0000d5c0)     _F8X16

0000dbe0     36f (0000dbc0)     _F6x8

0000e101     384 (0000e100)     __ctypes_

0000e202     388 (0000e200)     _PieVectTableInit

0000e302     38c (0000e300)     _CN16CHAR

0033fff8    cfff (0033ffc0)     _CsmPwl


GLOBAL SYMBOLS: SORTED ALPHABETICALLY BY Name 

page  address   name                            
----  -------   ----                            
0     00009000  .text                           
0     0000bd0e  C$$EXIT                         
0     0000b6e6  FD$$ADD                         
0     0000bcba  FD$$CMP                         
0     0000b782  FD$$DIV                         
0     0000b893  FD$$MPY                         
0     0000bf77  FD$$NEG                         
0     0000bf27  FD$$SUB                         
0     0000bdcb  FD$$TOI                         
0     0000be2c  FD$$TOL                         
0     0000bea4  FS$$TOFD                        
0     0000bd87  I$$DIV                          
0     0000bd98  I$$MOD                          
0     0000be87  I$$TOFD                         
0     0000bce4  L$$DIV                          
0     0000bcf3  L$$MOD                          
0     0000bec0  L$$TOFD                         
0     0000bf0f  LL$$AND                         
0     0000be4b  LL$$CMP                         
0     0000b116  LL$$DIV                         
0     0000b152  LL$$MOD                         
0     0000bf17  LL$$OR                          
0     0000bf1f  LL$$XOR                         
0     0000bf5a  U$$DIV                          
0     0000bf5f  U$$MOD                          
0     0000bd01  UL$$DIV                         
0     0000bd08  UL$$MOD                         
0     0000be5d  ULL$$CMP                        
0     0000b18c  ULL$$DIV                        
0     0000b1bb  ULL$$MOD                        
0     0000a66c  _ADCINT_ISR                     
0     00380080  _ADC_cal                        
1     00000b00  _AdcMirror                      
1     00007100  _AdcRegs                        
1     0000e302  _CN16CHAR                       
0     0000b957  _ConfigCpuTimer                 
1     0000c1f2  _CpuTimer0                      
1     00000c00  _CpuTimer0Regs                  
1     0000c1e2  _CpuTimer1                      
1     00000c08  _CpuTimer1Regs                  
1     0000c1ea  _CpuTimer2                      
1     00000c10  _CpuTimer2Regs                  
1     0033fff8  _CsmPwl                         
1     00000ae0  _CsmRegs                        
0     0000b2e4  _CsmUnlock                      
0     0000a59a  _DATALOG_ISR                    
0     0000b991  _DC_Motor_Init                  
0     0000a78e  _DINTCH1_ISR                    
0     0000a798  _DINTCH2_ISR                    
0     0000a7a2  _DINTCH3_ISR                    
0     0000a7ac  _DINTCH4_ISR                    
0     0000a7b6  _DINTCH5_ISR                    
0     0000a7c0  _DINTCH6_ISR                    
0     00008254  _DSP28x_usDelay                 
0     00009c94  _Delay_1ms                      
0     00009c84  _Delay_50ms                     
1     00000880  _DevEmuRegs                     
1     0000c237  _Direction                      
0     0000b230  _DisableDog                     
1     00001000  _DmaRegs                        
0     0000a81a  _ECAN0INTA_ISR                  
0     0000a82e  _ECAN0INTB_ISR                  
0     0000a824  _ECAN1INTA_ISR                  
0     0000a838  _ECAN1INTB_ISR                  
0     0000a702  _ECAP1_INT_ISR                  
0     0000a70c  _ECAP2_INT_ISR                  
0     0000a716  _ECAP3_INT_ISR                  
0     0000a720  _ECAP4_INT_ISR                  
0     0000a72a  _ECAP5_INT_ISR                  
0     0000a734  _ECAP6_INT_ISR                  
1     00006040  _ECanaLAMRegs                   
1     000060c0  _ECanaMOTORegs                  
1     00006080  _ECanaMOTSRegs                  
1     00006100  _ECanaMboxes                    
1     00006000  _ECanaRegs                      
1     00006240  _ECanbLAMRegs                   
1     000062c0  _ECanbMOTORegs                  
1     00006280  _ECanbMOTSRegs                  
1     00006300  _ECanbMboxes                    
1     00006200  _ECanbRegs                      
1     00006a00  _ECap1Regs                      
1     00006a20  _ECap2Regs                      
1     00006a40  _ECap3Regs                      
1     00006a60  _ECap4Regs                      
1     00006a80  _ECap5Regs                      
1     00006aa0  _ECap6Regs                      
0     0000a888  _EMPTY_ISR                      
0     0000a5ae  _EMUINT_ISR                     
1     0000d000  _EN16CHAR                       
0     0000a6c6  _EPWM1_INT_ISR                  
0     0000a68a  _EPWM1_TZINT_ISR                
0     0000a6d0  _EPWM2_INT_ISR                  
0     0000b9a5  _EPWM2_Init                     
0     0000a694  _EPWM2_TZINT_ISR                
0     0000a6da  _EPWM3_INT_ISR                  
0     0000a69e  _EPWM3_TZINT_ISR                
0     0000a6e4  _EPWM4_INT_ISR                  
0     0000a6a8  _EPWM4_TZINT_ISR                
0     0000a6ee  _EPWM5_INT_ISR                  
0     0000a6b2  _EPWM5_TZINT_ISR                
0     0000a6f8  _EPWM6_INT_ISR                  
0     0000ba0a  _EPWM6_Init                     
0     0000a6bc  _EPWM6_TZINT_ISR                
1     00006800  _EPwm1Regs                      
0     0000b9fc  _EPwm2A_SetCompare              
0     0000ba03  _EPwm2B_SetCompare              
1     00006840  _EPwm2Regs                      
1     00006880  _EPwm3Regs                      
1     000068c0  _EPwm4Regs                      
1     00006900  _EPwm5Regs                      
0     0000ba61  _EPwm6A_SetCompare              
0     0000ba68  _EPwm6B_SetCompare              
1     00006940  _EPwm6Regs                      
0     0000a73e  _EQEP1_INT_ISR                  
0     0000a748  _EQEP2_INT_ISR                  
1     00006b00  _EQep1Regs                      
1     00006b40  _EQep2Regs                      
0     0000bbf0  _EXTI1_IRQn                     
0     0000bc01  _EXTI2_IRQn                     
0     0000bd56  _EnableInterrupts               
1     0000dbe0  _F6x8                           
1     0000d5f0  _F8X16                          
1     00000a80  _FlashRegs                      
1     00006f80  _GpioCtrlRegs                   
1     00006fc0  _GpioDataRegs                   
1     00006fe0  _GpioIntRegs                    
0     0000ac85  _HC164SendData                  
1     0000c000  _Hzk                            
0     0000a7ca  _I2CINT1A_ISR                   
0     0000a7d4  _I2CINT2A_ISR                   
1     00007900  _I2caRegs                       
0     0000a5c2  _ILLEGAL_ISR                    
0     0000a586  _INT13_ISR                      
0     0000a590  _INT14_ISR                      
0     0000b916  _InitCpuTimers                  
0     0000b596  _InitEPwm                       
0     0000b5a4  _InitEPwm1Gpio                  
0     0000b5b6  _InitEPwm2Gpio                  
0     0000b5c8  _InitEPwm3Gpio                  
0     0000b5dc  _InitEPwm4Gpio                  
0     0000b5f0  _InitEPwm5Gpio                  
0     0000b602  _InitEPwm6Gpio                  
0     0000b597  _InitEPwmGpio                   
0     0000b614  _InitEPwmSyncGpio               
0     0000b289  _InitPeripheralClocks           
0     0000bd37  _InitPieCtrl                    
0     0000bdec  _InitPieVectTable               
0     0000b238  _InitPll                        
0     0000bb20  _InitSci                        
0     0000bb21  _InitSciGpio                    
0     0000bb26  _InitSciaGpio                   
0     0000bb3c  _InitScibGpio                   
0     0000bb50  _InitScicGpio                   
0     0000b21d  _InitSysCtrl                    
0     0000b628  _InitTzGpio                     
0     0000b315  _Init_DS18B20                   
0     0000ae09  _KEY_Init                       
0     0000ae4d  _KEY_Scan                       
0     0000ab2c  _LCD9648_Clear                  
0     0000abae  _LCD9648_ClearTest              
0     0000aade  _LCD9648_GPIO_Init              
0     0000aaf4  _LCD9648_Init                   
0     0000aa8a  _LCD9648_SendData               
0     0000ab4f  _LCD9648_Write16CnCHAR          
0     0000abf8  _LCD9648_Write16EnCHAR          
0     0000aab0  _LCD9648_WriteCmd               
0     0000aac7  _LCD9648_WriteData              
0     0000bbac  _LED_Init                       
0     0000a87e  _LUF_ISR                        
0     0000a874  _LVF_ISR                        
0     0000a77a  _MRINTA_ISR                     
0     0000a766  _MRINTB_ISR                     
0     0000a784  _MXINTA_ISR                     
0     0000a770  _MXINTB_ISR                     
1     00005000  _McbspaRegs                     
1     00005040  _McbspbRegs                     
0     0000a5b8  _NMI_ISR                        
0     00009cda  _OLED_Clear                     
0     00009ccd  _OLED_Display_Off               
0     00009cc0  _OLED_Display_On                
0     00009e23  _OLED_DrawBMP                   
0     00009e51  _OLED_Float                     
0     00009f34  _OLED_Float2                    
0     00009bd9  _OLED_IIC_Start                 
0     00009be2  _OLED_IIC_Stop                  
0     00009beb  _OLED_IIC_Wait_Ack              
0     0000a16b  _OLED_Init                      
0     00009ffa  _OLED_Num2                      
0     0000a040  _OLED_Num3                      
0     0000a09c  _OLED_Num4                      
0     0000a11f  _OLED_Num5                      
0     0000a0d9  _OLED_Num_write                 
0     00009cfe  _OLED_On                        
0     00009caa  _OLED_Set_Pos                   
0     00009de6  _OLED_ShowCHinese               
0     00009d22  _OLED_ShowChar                  
0     00009d8e  _OLED_ShowNumber                
0     00009dca  _OLED_ShowString                
0     00009c51  _OLED_WR_Byte                   
0     00009bf2  _OLED_Write_IIC_Byte            
0     00009c2f  _OLED_Write_IIC_Command         
0     00009c40  _OLED_Write_IIC_Data            
0     0000a0fd  _OLED_fuhao_write               
0     0000a895  _PIE_RESERVED                   
1     00000ce0  _PieCtrlRegs                    
1     00000d00  _PieVectTable                   
1     0000e202  _PieVectTableInit               
0     0000a5a4  _RTOSINT_ISR                    
0     0000b344  _ReadOneChar                    
0     0000b3ab  _ReadTemperature                
0     0000a7f2  _SCIRXINTA_ISR                  
0     0000a806  _SCIRXINTB_ISR                  
0     0000a7de  _SCIRXINTC_ISR                  
0     0000a7fc  _SCITXINTA_ISR                  
0     0000a810  _SCITXINTB_ISR                  
0     0000a7e8  _SCITXINTC_ISR                  
0     0000a644  _SEQ1INT_ISR                    
0     0000a64e  _SEQ2INT_ISR                    
0     0000ad18  _SMG_DisplayFloat               
0     0000aca2  _SMG_DisplayInt                 
0     0000ac4d  _SMG_Init                       
0     0000a752  _SPIRXINTA_ISR                  
0     0000a75c  _SPITXINTA_ISR                  
1     00007050  _SciaRegs                       
1     00007750  _ScibRegs                       
1     00007770  _ScicRegs                       
0     0000b226  _ServiceDog                     
1     00007040  _SpiaRegs                       
1     0000c223  _Step_table_FTurn               
1     0000c21f  _Step_table_ZTurn               
1     00007010  _SysCtrlRegs                    
0     0000afa2  _TIM0_IRQn                      
0     0000b640  _TIM0_Init                      
0     0000b00a  _TIM1_IRQn                      
0     0000b67a  _TIM1_Init                      
0     0000b102  _TIM2_IRQn                      
0     0000b6b0  _TIM2_Init                      
0     0000a676  _TINT0_ISR                      
0     0000b80d  _UARTa_Init                     
0     0000b860  _UARTa_SendByte                 
0     0000b86c  _UARTa_SendString               
0     0000b87f  _UARTa_SendString2              
0     0000a626  _USER10_ISR                     
0     0000a630  _USER11_ISR                     
0     0000a63a  _USER12_ISR                     
0     0000a5cc  _USER1_ISR                      
0     0000a5d6  _USER2_ISR                      
0     0000a5e0  _USER3_ISR                      
0     0000a5ea  _USER4_ISR                      
0     0000a5f4  _USER5_ISR                      
0     0000a5fe  _USER6_ISR                      
0     0000a608  _USER7_ISR                      
0     0000a612  _USER8_ISR                      
0     0000a61c  _USER9_ISR                      
0     0000a680  _WAKEINT_ISR                    
0     0000b37b  _WriteOneChar                   
0     0000a658  _XINT1_ISR                      
0     0000a662  _XINT2_ISR                      
0     0000a842  _XINT3_ISR                      
0     0000a84c  _XINT4_ISR                      
0     0000a856  _XINT5_ISR                      
0     0000a860  _XINT6_ISR                      
0     0000a86a  _XINT7_ISR                      
1     00007070  _XIntruptRegs                   
1     00000b20  _XintfRegs                      
1     00000700  __STACK_END                     
abs   00000300  __STACK_SIZE                    
1     0000c22a  ___TI_cleanup_ptr               
1     0000c22c  ___TI_dtors_ptr                 
1     0000c228  ___TI_enable_exit_profile_output
abs   ffffffff  ___TI_pprof_out_hndl            
0     00009ab4  ___TI_printfi                   
abs   ffffffff  ___TI_prof_data_size            
abs   ffffffff  ___TI_prof_data_start           
abs   ffffffff  ___binit__                      
abs   ffffffff  ___c_args__                     
0     00008000  ___cinit__                      
0     0000bf98  ___etext__                      
abs   ffffffff  ___pinit__                      
0     00009000  ___text__                       
0     0000bef6  __args_main                     
1     0000c1fe  __auto_gear                     
1     0000c1fb  __auto_off                      
1     0000e101  __ctypes_                       
1     0000c232  __lock                          
0     0000bf76  __nop                           
0     0000bf72  __register_lock                 
0     0000bf6e  __register_unlock               
1     0000c1fc  __set_time                      
1     0000c1fa  __set_time_en                   
1     00000400  __stack                         
0     0000bf97  __system_post_cinit             
0     0000bf95  __system_pre_init               
1     0000c211  __turn_en                       
1     0000c234  __unlock                        
0     0000bd0e  _abort                          
1     0000c21c  _angle                          
1     0000c212  _angle_dir                      
1     0000c216  _angle_range                    
0     0000bc5b  _atoi                           
0     0000a34f  _auto_gear                      
0     0000a2fe  _auto_off                       
0     0000bf65  _body_init                      
0     0000baca  _c_int00                        
0     0000bb66  _copy_in                        
0     0000bda9  _copysignl                      
0     0000bedc  _ddcopy                         
0     0000be0c  _delay                          
0     0000b408  _delay2                         
0     0000be17  _delay_ms                       
0     0000bedc  _dpcopy                         
1     0000c1e1  _errno                          
0     0000bd10  _exit                           
0     00009c5f  _fill_picture                   
0     0000ba6f  _frexpl                         
1     0000c1fd  _gear                           
0     0000a213  _gear_set                       
1     0000c21e  _key_val                        
0     0000b4da  _ldexpl                         
0     0000bc8c  _ltoa                           
0     0000b420  _main                           
0     0000bf35  _memccpy                        
0     0000be69  _memcpy                         
0     0000bf42  _memset                         
1     0000c1ff  _menu                           
0     0000a2be  _normal_serve                   
0     0000a1f6  _oled_first_show                
0     00009d7e  _oled_pow                       
1     0000c238  _ov_sta                         
1     0000c214  _pass_time                      
0     0000bedc  _pdcopy                         
0     0000bedc  _ppcopy                         
1     0000c236  _pwm_stepValue                  
0     0000a89f  _rsvd_ISR                       
0     0000b4da  _scalbnl                        
0     0000a8a9  _sciaRxFifoIsr                  
0     0000bd5f  _set_angle                      
0     0000a3ef  _set_time                       
0     0000a3a0  _set_time_receive               
0     0000a453  _smart_serve                    
1     0000c200  _smgduan                        
0     0000bc29  _sprintf                        
0     0000a4a5  _state                          
0     0000bf4e  _strchr                         
0     0000bf90  _strcpy                         
0     0000bf88  _strlen                         
1     0000c210  _temperature                    
1     0000c21a  _turn_count                     
0     0000a264  _turn_set                       
abs   ffffffff  binit                           
0     00008000  cinit                           
0     00000000  code_start                      
0     0000bf98  etext                           
abs   ffffffff  pinit                           


GLOBAL SYMBOLS: SORTED BY Symbol Address 

page  address   name                            
----  -------   ----                            
0     00000000  code_start                      
0     00008000  ___cinit__                      
0     00008000  cinit                           
0     00008254  _DSP28x_usDelay                 
0     00009000  .text                           
0     00009000  ___text__                       
0     00009ab4  ___TI_printfi                   
0     00009bd9  _OLED_IIC_Start                 
0     00009be2  _OLED_IIC_Stop                  
0     00009beb  _OLED_IIC_Wait_Ack              
0     00009bf2  _OLED_Write_IIC_Byte            
0     00009c2f  _OLED_Write_IIC_Command         
0     00009c40  _OLED_Write_IIC_Data            
0     00009c51  _OLED_WR_Byte                   
0     00009c5f  _fill_picture                   
0     00009c84  _Delay_50ms                     
0     00009c94  _Delay_1ms                      
0     00009caa  _OLED_Set_Pos                   
0     00009cc0  _OLED_Display_On                
0     00009ccd  _OLED_Display_Off               
0     00009cda  _OLED_Clear                     
0     00009cfe  _OLED_On                        
0     00009d22  _OLED_ShowChar                  
0     00009d7e  _oled_pow                       
0     00009d8e  _OLED_ShowNumber                
0     00009dca  _OLED_ShowString                
0     00009de6  _OLED_ShowCHinese               
0     00009e23  _OLED_DrawBMP                   
0     00009e51  _OLED_Float                     
0     00009f34  _OLED_Float2                    
0     00009ffa  _OLED_Num2                      
0     0000a040  _OLED_Num3                      
0     0000a09c  _OLED_Num4                      
0     0000a0d9  _OLED_Num_write                 
0     0000a0fd  _OLED_fuhao_write               
0     0000a11f  _OLED_Num5                      
0     0000a16b  _OLED_Init                      
0     0000a1f6  _oled_first_show                
0     0000a213  _gear_set                       
0     0000a264  _turn_set                       
0     0000a2be  _normal_serve                   
0     0000a2fe  _auto_off                       
0     0000a34f  _auto_gear                      
0     0000a3a0  _set_time_receive               
0     0000a3ef  _set_time                       
0     0000a453  _smart_serve                    
0     0000a4a5  _state                          
0     0000a586  _INT13_ISR                      
0     0000a590  _INT14_ISR                      
0     0000a59a  _DATALOG_ISR                    
0     0000a5a4  _RTOSINT_ISR                    
0     0000a5ae  _EMUINT_ISR                     
0     0000a5b8  _NMI_ISR                        
0     0000a5c2  _ILLEGAL_ISR                    
0     0000a5cc  _USER1_ISR                      
0     0000a5d6  _USER2_ISR                      
0     0000a5e0  _USER3_ISR                      
0     0000a5ea  _USER4_ISR                      
0     0000a5f4  _USER5_ISR                      
0     0000a5fe  _USER6_ISR                      
0     0000a608  _USER7_ISR                      
0     0000a612  _USER8_ISR                      
0     0000a61c  _USER9_ISR                      
0     0000a626  _USER10_ISR                     
0     0000a630  _USER11_ISR                     
0     0000a63a  _USER12_ISR                     
0     0000a644  _SEQ1INT_ISR                    
0     0000a64e  _SEQ2INT_ISR                    
0     0000a658  _XINT1_ISR                      
0     0000a662  _XINT2_ISR                      
0     0000a66c  _ADCINT_ISR                     
0     0000a676  _TINT0_ISR                      
0     0000a680  _WAKEINT_ISR                    
0     0000a68a  _EPWM1_TZINT_ISR                
0     0000a694  _EPWM2_TZINT_ISR                
0     0000a69e  _EPWM3_TZINT_ISR                
0     0000a6a8  _EPWM4_TZINT_ISR                
0     0000a6b2  _EPWM5_TZINT_ISR                
0     0000a6bc  _EPWM6_TZINT_ISR                
0     0000a6c6  _EPWM1_INT_ISR                  
0     0000a6d0  _EPWM2_INT_ISR                  
0     0000a6da  _EPWM3_INT_ISR                  
0     0000a6e4  _EPWM4_INT_ISR                  
0     0000a6ee  _EPWM5_INT_ISR                  
0     0000a6f8  _EPWM6_INT_ISR                  
0     0000a702  _ECAP1_INT_ISR                  
0     0000a70c  _ECAP2_INT_ISR                  
0     0000a716  _ECAP3_INT_ISR                  
0     0000a720  _ECAP4_INT_ISR                  
0     0000a72a  _ECAP5_INT_ISR                  
0     0000a734  _ECAP6_INT_ISR                  
0     0000a73e  _EQEP1_INT_ISR                  
0     0000a748  _EQEP2_INT_ISR                  
0     0000a752  _SPIRXINTA_ISR                  
0     0000a75c  _SPITXINTA_ISR                  
0     0000a766  _MRINTB_ISR                     
0     0000a770  _MXINTB_ISR                     
0     0000a77a  _MRINTA_ISR                     
0     0000a784  _MXINTA_ISR                     
0     0000a78e  _DINTCH1_ISR                    
0     0000a798  _DINTCH2_ISR                    
0     0000a7a2  _DINTCH3_ISR                    
0     0000a7ac  _DINTCH4_ISR                    
0     0000a7b6  _DINTCH5_ISR                    
0     0000a7c0  _DINTCH6_ISR                    
0     0000a7ca  _I2CINT1A_ISR                   
0     0000a7d4  _I2CINT2A_ISR                   
0     0000a7de  _SCIRXINTC_ISR                  
0     0000a7e8  _SCITXINTC_ISR                  
0     0000a7f2  _SCIRXINTA_ISR                  
0     0000a7fc  _SCITXINTA_ISR                  
0     0000a806  _SCIRXINTB_ISR                  
0     0000a810  _SCITXINTB_ISR                  
0     0000a81a  _ECAN0INTA_ISR                  
0     0000a824  _ECAN1INTA_ISR                  
0     0000a82e  _ECAN0INTB_ISR                  
0     0000a838  _ECAN1INTB_ISR                  
0     0000a842  _XINT3_ISR                      
0     0000a84c  _XINT4_ISR                      
0     0000a856  _XINT5_ISR                      
0     0000a860  _XINT6_ISR                      
0     0000a86a  _XINT7_ISR                      
0     0000a874  _LVF_ISR                        
0     0000a87e  _LUF_ISR                        
0     0000a888  _EMPTY_ISR                      
0     0000a895  _PIE_RESERVED                   
0     0000a89f  _rsvd_ISR                       
0     0000a8a9  _sciaRxFifoIsr                  
0     0000aa8a  _LCD9648_SendData               
0     0000aab0  _LCD9648_WriteCmd               
0     0000aac7  _LCD9648_WriteData              
0     0000aade  _LCD9648_GPIO_Init              
0     0000aaf4  _LCD9648_Init                   
0     0000ab2c  _LCD9648_Clear                  
0     0000ab4f  _LCD9648_Write16CnCHAR          
0     0000abae  _LCD9648_ClearTest              
0     0000abf8  _LCD9648_Write16EnCHAR          
0     0000ac4d  _SMG_Init                       
0     0000ac85  _HC164SendData                  
0     0000aca2  _SMG_DisplayInt                 
0     0000ad18  _SMG_DisplayFloat               
0     0000ae09  _KEY_Init                       
0     0000ae4d  _KEY_Scan                       
0     0000afa2  _TIM0_IRQn                      
0     0000b00a  _TIM1_IRQn                      
0     0000b102  _TIM2_IRQn                      
0     0000b116  LL$$DIV                         
0     0000b152  LL$$MOD                         
0     0000b18c  ULL$$DIV                        
0     0000b1bb  ULL$$MOD                        
0     0000b21d  _InitSysCtrl                    
0     0000b226  _ServiceDog                     
0     0000b230  _DisableDog                     
0     0000b238  _InitPll                        
0     0000b289  _InitPeripheralClocks           
0     0000b2e4  _CsmUnlock                      
0     0000b315  _Init_DS18B20                   
0     0000b344  _ReadOneChar                    
0     0000b37b  _WriteOneChar                   
0     0000b3ab  _ReadTemperature                
0     0000b408  _delay2                         
0     0000b420  _main                           
0     0000b4da  _ldexpl                         
0     0000b4da  _scalbnl                        
0     0000b596  _InitEPwm                       
0     0000b597  _InitEPwmGpio                   
0     0000b5a4  _InitEPwm1Gpio                  
0     0000b5b6  _InitEPwm2Gpio                  
0     0000b5c8  _InitEPwm3Gpio                  
0     0000b5dc  _InitEPwm4Gpio                  
0     0000b5f0  _InitEPwm5Gpio                  
0     0000b602  _InitEPwm6Gpio                  
0     0000b614  _InitEPwmSyncGpio               
0     0000b628  _InitTzGpio                     
0     0000b640  _TIM0_Init                      
0     0000b67a  _TIM1_Init                      
0     0000b6b0  _TIM2_Init                      
0     0000b6e6  FD$$ADD                         
0     0000b782  FD$$DIV                         
0     0000b80d  _UARTa_Init                     
0     0000b860  _UARTa_SendByte                 
0     0000b86c  _UARTa_SendString               
0     0000b87f  _UARTa_SendString2              
0     0000b893  FD$$MPY                         
0     0000b916  _InitCpuTimers                  
0     0000b957  _ConfigCpuTimer                 
0     0000b991  _DC_Motor_Init                  
0     0000b9a5  _EPWM2_Init                     
0     0000b9fc  _EPwm2A_SetCompare              
0     0000ba03  _EPwm2B_SetCompare              
0     0000ba0a  _EPWM6_Init                     
0     0000ba61  _EPwm6A_SetCompare              
0     0000ba68  _EPwm6B_SetCompare              
0     0000ba6f  _frexpl                         
0     0000baca  _c_int00                        
0     0000bb20  _InitSci                        
0     0000bb21  _InitSciGpio                    
0     0000bb26  _InitSciaGpio                   
0     0000bb3c  _InitScibGpio                   
0     0000bb50  _InitScicGpio                   
0     0000bb66  _copy_in                        
0     0000bbac  _LED_Init                       
0     0000bbf0  _EXTI1_IRQn                     
0     0000bc01  _EXTI2_IRQn                     
0     0000bc29  _sprintf                        
0     0000bc5b  _atoi                           
0     0000bc8c  _ltoa                           
0     0000bcba  FD$$CMP                         
0     0000bce4  L$$DIV                          
0     0000bcf3  L$$MOD                          
0     0000bd01  UL$$DIV                         
0     0000bd08  UL$$MOD                         
0     0000bd0e  C$$EXIT                         
0     0000bd0e  _abort                          
0     0000bd10  _exit                           
0     0000bd37  _InitPieCtrl                    
0     0000bd56  _EnableInterrupts               
0     0000bd5f  _set_angle                      
0     0000bd87  I$$DIV                          
0     0000bd98  I$$MOD                          
0     0000bda9  _copysignl                      
0     0000bdcb  FD$$TOI                         
0     0000bdec  _InitPieVectTable               
0     0000be0c  _delay                          
0     0000be17  _delay_ms                       
0     0000be2c  FD$$TOL                         
0     0000be4b  LL$$CMP                         
0     0000be5d  ULL$$CMP                        
0     0000be69  _memcpy                         
0     0000be87  I$$TOFD                         
0     0000bea4  FS$$TOFD                        
0     0000bec0  L$$TOFD                         
0     0000bedc  _ddcopy                         
0     0000bedc  _dpcopy                         
0     0000bedc  _pdcopy                         
0     0000bedc  _ppcopy                         
0     0000bef6  __args_main                     
0     0000bf0f  LL$$AND                         
0     0000bf17  LL$$OR                          
0     0000bf1f  LL$$XOR                         
0     0000bf27  FD$$SUB                         
0     0000bf35  _memccpy                        
0     0000bf42  _memset                         
0     0000bf4e  _strchr                         
0     0000bf5a  U$$DIV                          
0     0000bf5f  U$$MOD                          
0     0000bf65  _body_init                      
0     0000bf6e  __register_unlock               
0     0000bf72  __register_lock                 
0     0000bf76  __nop                           
0     0000bf77  FD$$NEG                         
0     0000bf88  _strlen                         
0     0000bf90  _strcpy                         
0     0000bf95  __system_pre_init               
0     0000bf97  __system_post_cinit             
0     0000bf98  ___etext__                      
0     0000bf98  etext                           
0     00380080  _ADC_cal                        
1     00000400  __stack                         
1     00000700  __STACK_END                     
1     00000880  _DevEmuRegs                     
1     00000a80  _FlashRegs                      
1     00000ae0  _CsmRegs                        
1     00000b00  _AdcMirror                      
1     00000b20  _XintfRegs                      
1     00000c00  _CpuTimer0Regs                  
1     00000c08  _CpuTimer1Regs                  
1     00000c10  _CpuTimer2Regs                  
1     00000ce0  _PieCtrlRegs                    
1     00000d00  _PieVectTable                   
1     00001000  _DmaRegs                        
1     00005000  _McbspaRegs                     
1     00005040  _McbspbRegs                     
1     00006000  _ECanaRegs                      
1     00006040  _ECanaLAMRegs                   
1     00006080  _ECanaMOTSRegs                  
1     000060c0  _ECanaMOTORegs                  
1     00006100  _ECanaMboxes                    
1     00006200  _ECanbRegs                      
1     00006240  _ECanbLAMRegs                   
1     00006280  _ECanbMOTSRegs                  
1     000062c0  _ECanbMOTORegs                  
1     00006300  _ECanbMboxes                    
1     00006800  _EPwm1Regs                      
1     00006840  _EPwm2Regs                      
1     00006880  _EPwm3Regs                      
1     000068c0  _EPwm4Regs                      
1     00006900  _EPwm5Regs                      
1     00006940  _EPwm6Regs                      
1     00006a00  _ECap1Regs                      
1     00006a20  _ECap2Regs                      
1     00006a40  _ECap3Regs                      
1     00006a60  _ECap4Regs                      
1     00006a80  _ECap5Regs                      
1     00006aa0  _ECap6Regs                      
1     00006b00  _EQep1Regs                      
1     00006b40  _EQep2Regs                      
1     00006f80  _GpioCtrlRegs                   
1     00006fc0  _GpioDataRegs                   
1     00006fe0  _GpioIntRegs                    
1     00007010  _SysCtrlRegs                    
1     00007040  _SpiaRegs                       
1     00007050  _SciaRegs                       
1     00007070  _XIntruptRegs                   
1     00007100  _AdcRegs                        
1     00007750  _ScibRegs                       
1     00007770  _ScicRegs                       
1     00007900  _I2caRegs                       
1     0000c000  _Hzk                            
1     0000c1e1  _errno                          
1     0000c1e2  _CpuTimer1                      
1     0000c1ea  _CpuTimer2                      
1     0000c1f2  _CpuTimer0                      
1     0000c1fa  __set_time_en                   
1     0000c1fb  __auto_off                      
1     0000c1fc  __set_time                      
1     0000c1fd  _gear                           
1     0000c1fe  __auto_gear                     
1     0000c1ff  _menu                           
1     0000c200  _smgduan                        
1     0000c210  _temperature                    
1     0000c211  __turn_en                       
1     0000c212  _angle_dir                      
1     0000c214  _pass_time                      
1     0000c216  _angle_range                    
1     0000c21a  _turn_count                     
1     0000c21c  _angle                          
1     0000c21e  _key_val                        
1     0000c21f  _Step_table_ZTurn               
1     0000c223  _Step_table_FTurn               
1     0000c228  ___TI_enable_exit_profile_output
1     0000c22a  ___TI_cleanup_ptr               
1     0000c22c  ___TI_dtors_ptr                 
1     0000c232  __lock                          
1     0000c234  __unlock                        
1     0000c236  _pwm_stepValue                  
1     0000c237  _Direction                      
1     0000c238  _ov_sta                         
1     0000d000  _EN16CHAR                       
1     0000d5f0  _F8X16                          
1     0000dbe0  _F6x8                           
1     0000e101  __ctypes_                       
1     0000e202  _PieVectTableInit               
1     0000e302  _CN16CHAR                       
1     0033fff8  _CsmPwl                         
abs   00000300  __STACK_SIZE                    
abs   ffffffff  ___TI_pprof_out_hndl            
abs   ffffffff  ___TI_prof_data_size            
abs   ffffffff  ___TI_prof_data_start           
abs   ffffffff  ___binit__                      
abs   ffffffff  ___c_args__                     
abs   ffffffff  ___pinit__                      
abs   ffffffff  binit                           
abs   ffffffff  pinit                           

[354 symbols]
